ARM Linker, 5.03 [Build 24] [MDK-ARM Standard]

==============================================================================

Section Cross References

    main.o(.text) refers to stm32f10x_rcc.o(.text) for RCC_DeInit
    main.o(.text) refers to stm32f10x_gpio.o(.text) for GPIO_Init
    main.o(.text) refers to stm32f10x_exti.o(.text) for EXTI_ClearITPendingBit
    main.o(.text) refers to stm32f10x_pwr.o(.text) for PWR_BackupAccessCmd
    main.o(.text) refers to stm32f10x_rtc.o(.text) for RTC_WaitForSynchro
    main.o(.text) refers to misc.o(.text) for NVIC_SetVectorTable
    main.o(.text) refers to stm32_systick.o(.text) for SysTick_Init
    main.o(.text) refers to new.o(i._Znwj) for operator new(unsigned)
    main.o(.text) refers to ioout.o(.text) for IoOut::IoOut(GPIO_TypeDef*, unsigned short, bool)
    main.o(.text) refers to process.o(.text) for Process::Process()
    main.o(.text) refers to oled.o(.text) for OLED_ShowChar
    main.o(.text) refers to system_stm32f10x.o(.text) for SystemInit
    main.o(.text) refers to timer.o(.text) for Timer::getITStatus(TIM_TypeDef*)
    main.o(.text) refers to main.o(.data) for HSEStartUpStatus
    main.o(.ARM.exidx) refers to main.o(.text) for .text
    process.o(.text) refers to oled.o(.text) for OLED_ShowEFootCHinese
    process.o(.text) refers to array_new.o(i._Znaj) for operator new[] (unsigned)
    process.o(.text) refers to new.o(i._Znwj) for operator new(unsigned)
    process.o(.text) refers to sqstack.o(.text) for SqStack::SqStack()
    process.o(.text) refers to timer.o(.text) for Timer::Timer(TIM_TypeDef*, int)
    process.o(.text) refers to serialport.o(.text) for SerialPort::SerialPort(int, int)
    process.o(.text) refers to terminalcontrol.o(.text) for TerminalControl::TerminalControl(SerialPort*)
    process.o(.text) refers to stm32_adc.o(.text) for ADC1_DMA_Init
    process.o(.text) refers to key.o(.text) for Key::Key(GPIO_TypeDef*, unsigned short, bool)
    process.o(.text) refers to ioout.o(.text) for IoOut::IoOut(GPIO_TypeDef*, unsigned short, bool)
    process.o(.text) refers to stm32f10x_rcc.o(.text) for RCC_APB2PeriphClockCmd
    process.o(.text) refers to stm32f10x_gpio.o(.text) for GPIO_PinRemapConfig
    process.o(.text) refers to process.o(.data) for alarmTimeCount
    process.o(.text) refers to process.o(.constdata) for Coordinate_X
    process.o(.text) refers to stm32_systick.o(.text) for SysTick_DelayMs
    process.o(.text) refers to stm32f10x_pwr.o(.text) for PWR_EnterSTANDBYMode
    process.o(.text) refers to stm32_adc.o(.data) for AD_Filter
    process.o(.ARM.exidx) refers to process.o(.text) for .text
    oled.o(.text) refers to stm32f10x_gpio.o(.text) for GPIO_SetBits
    oled.o(.text) refers to oled.o(.constdata) for F8X16
    oled.o(.text) refers to stm32f10x_rcc.o(.text) for RCC_APB2PeriphClockCmd
    oled.o(.text) refers to oled.o(.data) for Hzk
    protocol.o(.text) refers to new.o(i._Znwj) for operator new(unsigned)
    protocol.o(.text) refers to datachain.o(.text) for RingChain::RingChain(int)
    protocol.o(.text) refers to array_new.o(i._Znaj) for operator new[] (unsigned)
    protocol.o(.text) refers to delete.o(i._ZdlPv) for operator delete (void*)
    protocol.o(.text) refers to array_del.o(i._ZdaPv) for operator delete[] (void*)
    protocol.o(.text) refers to serialport.o(.text) for SerialPort::write(unsigned char*, unsigned char)
    protocol.o(.ARM.exidx) refers to protocol.o(.text) for .text
    terminalcontrol.o(.text) refers to new.o(i._Znwj) for operator new(unsigned)
    terminalcontrol.o(.text) refers to datachain.o(.text) for RingChain::RingChain(int)
    terminalcontrol.o(.text) refers to array_new.o(i._Znaj) for operator new[] (unsigned)
    terminalcontrol.o(.text) refers to delete.o(i._ZdlPv) for operator delete (void*)
    terminalcontrol.o(.text) refers to array_del.o(i._ZdaPv) for operator delete[] (void*)
    terminalcontrol.o(.text) refers to serialport.o(.text) for SerialPort::putChar(unsigned char)
    terminalcontrol.o(.text) refers to terminalcontrol.o(.constdata__ZTV15TerminalControl) for vtable for TerminalControl
    terminalcontrol.o(.ARM.exidx) refers to terminalcontrol.o(.text) for .text
    datachain.o(.text) refers to new.o(i._Znwj) for operator new(unsigned)
    datachain.o(.text) refers to datachain.o(i._ZN9ChainNodeC1EhPS_S0_) for ChainNode::ChainNode(unsigned char, ChainNode*, ChainNode*)
    datachain.o(.text) refers to delete.o(i._ZdlPv) for operator delete (void*)
    datachain.o(.ARM.exidx) refers to datachain.o(.text) for .text
    ioout.o(.text) refers to stm32f10x_gpio.o(.text) for GPIO_ResetBits
    ioout.o(.text) refers to stm32_gpio.o(.text) for STM32_GpioOneInit
    ioout.o(.ARM.exidx) refers to ioout.o(.text) for .text
    key.o(.text) refers to stm32_gpio.o(.text) for STM32_GpioOneInit
    key.o(.text) refers to stm32f10x_gpio.o(.text) for GPIO_ReadInputDataBit
    key.o(.ARM.exidx) refers to key.o(.text) for .text
[...]
    lib_rtti_impl.o(.constdata__ZTIN10__cxxabiv119__pointer_type_infoE) refers to lib_rtti_impl.o(.constdata__ZTVN10__cxxabiv120__si_class_type_infoE) for vtable for __cxxabiv1::__si_class_type_info
    lib_rtti_impl.o(.constdata__ZTIN10__cxxabiv119__pointer_type_infoE) refers to lib_rtti_impl.o(.constdata__ZTSN10__cxxabiv119__pointer_type_infoE) for typeinfo name for __cxxabiv1::__pointer_type_info
    lib_rtti_impl.o(.constdata__ZTIN10__cxxabiv119__pointer_type_infoE) refers to lib_rtti_impl.o(.constdata__ZTIN10__cxxabiv117__pbase_type_infoE) for typeinfo for __cxxabiv1::__pbase_type_info
    lib_rtti_impl.o(.constdata__ZTIN10__cxxabiv129__pointer_to_member_type_infoE) refers to lib_rtti_impl.o(.constdata__ZTVN10__cxxabiv120__si_class_type_infoE) for vtable for __cxxabiv1::__si_class_type_info
    lib_rtti_impl.o(.constdata__ZTIN10__cxxabiv129__pointer_to_member_type_infoE) refers to lib_rtti_impl.o(.constdata__ZTSN10__cxxabiv129__pointer_to_member_type_infoE) for typeinfo name for __cxxabiv1::__pointer_to_member_type_info
    lib_rtti_impl.o(.constdata__ZTIN10__cxxabiv129__pointer_to_member_type_infoE) refers to lib_rtti_impl.o(.constdata__ZTIN10__cxxabiv117__pbase_type_infoE) for typeinfo for __cxxabiv1::__pbase_type_info
    bad_alloc_dtor.o(.constdata__ZTVSt9bad_alloc) refers to bad_alloc_dtor.o(.constdata__ZTISt9bad_alloc) for typeinfo for std::bad_alloc
    bad_alloc_dtor.o(.constdata__ZTVSt9bad_alloc) refers to bad_alloc_dtor.o(i._ZNSt9bad_allocD1Ev) for std::bad_alloc::~bad_alloc()
    bad_alloc_dtor.o(.constdata__ZTVSt9bad_alloc) refers to bad_alloc_dtor.o(i._ZNSt9bad_allocD0Ev) for std::bad_alloc::~bad_alloc__deallocating()
    bad_alloc_dtor.o(.constdata__ZTVSt9bad_alloc) refers to bad_alloc_what.o(i._ZNKSt9bad_alloc4whatEv) for std::bad_alloc::what() const
    bad_alloc_dtor.o(.constdata__ZTISt9bad_alloc) refers to lib_rtti_impl.o(.constdata__ZTVN10__cxxabiv120__si_class_type_infoE) for vtable for __cxxabiv1::__si_class_type_info
    bad_alloc_dtor.o(.constdata__ZTISt9bad_alloc) refers to bad_alloc_dtor.o(.constdata__ZTSSt9bad_alloc) for typeinfo name for std::bad_alloc
    bad_alloc_dtor.o(.constdata__ZTISt9bad_alloc) refers to exception_dtor.o(.constdata__ZTISt9exception) for typeinfo for std::exception
    type_info_dtor.o(.constdata__ZTVSt9type_info) refers to type_info_dtor.o(.constdata__ZTISt9type_info) for typeinfo for std::type_info
    type_info_dtor.o(.constdata__ZTVSt9type_info) refers to type_info_dtor.o(i._ZNSt9type_infoD1Ev) for std::type_info::~type_info()
    type_info_dtor.o(.constdata__ZTVSt9type_info) refers to type_info_dtor.o(i._ZNSt9type_infoD0Ev) for std::type_info::~type_info__deallocating()
    type_info_dtor.o(.constdata__ZTISt9type_info) refers to lib_rtti_impl.o(.constdata__ZTVN10__cxxabiv117__class_type_infoE) for vtable for __cxxabiv1::__class_type_info
    type_info_dtor.o(.constdata__ZTISt9type_info) refers to type_info_dtor.o(.constdata__ZTSSt9type_info) for typeinfo name for std::type_info
    exception_dtor.o(.constdata__ZTVSt9exception) refers to exception_dtor.o(.constdata__ZTISt9exception) for typeinfo for std::exception
    exception_dtor.o(.constdata__ZTVSt9exception) refers to exception_dtor.o(i._ZNSt9exceptionD1Ev) for std::exception::~exception()
    exception_dtor.o(.constdata__ZTVSt9exception) refers to exception_dtor.o(i._ZNSt9exceptionD0Ev) for std::exception::~exception__deallocating()
    exception_dtor.o(.constdata__ZTVSt9exception) refers to exception_what.o(i._ZNKSt9exception4whatEv) for std::exception::what() const
    exception_dtor.o(.constdata__ZTISt9exception) refers to lib_rtti_impl.o(.constdata__ZTVN10__cxxabiv117__class_type_infoE) for vtable for __cxxabiv1::__class_type_info
    exception_dtor.o(.constdata__ZTISt9exception) refers to exception_dtor.o(.constdata__ZTSSt9exception) for typeinfo name for std::exception


==============================================================================

Removing Unused input sections from the image.

    Removing main.o(.rev16_text), (4 bytes).
    Removing main.o(.revsh_text), (4 bytes).
    Removing main.o(.ARM.exidx), (8 bytes).
    Removing process.o(.rev16_text), (4 bytes).
    Removing process.o(.revsh_text), (4 bytes).
    Removing process.o(.ARM.exidx), (8 bytes).
    Removing oled.o(.rev16_text), (4 bytes).
    Removing oled.o(.revsh_text), (4 bytes).
    Removing protocol.o(.rev16_text), (4 bytes).
    Removing protocol.o(.revsh_text), (4 bytes).
    Removing protocol.o(.text), (778 bytes).
    Removing protocol.o(.ARM.exidx), (8 bytes).
    Removing terminalcontrol.o(.rev16_text), (4 bytes).
    Removing terminalcontrol.o(.revsh_text), (4 bytes).
    Removing terminalcontrol.o(.ARM.exidx), (8 bytes).
    Removing datachain.o(.rev16_text), (4 bytes).
    Removing datachain.o(.revsh_text), (4 bytes).
    Removing datachain.o(.ARM.exidx), (8 bytes).
    Removing ioout.o(.rev16_text), (4 bytes).
    Removing ioout.o(.revsh_text), (4 bytes).
    Removing ioout.o(.ARM.exidx), (8 bytes).
    Removing key.o(.rev16_text), (4 bytes).
    Removing key.o(.revsh_text), (4 bytes).
    Removing key.o(.ARM.exidx), (8 bytes).
    Removing serialport.o(.rev16_text), (4 bytes).
    Removing serialport.o(.revsh_text), (4 bytes).
    Removing serialport.o(.ARM.exidx), (8 bytes).
    Removing timer.o(.rev16_text), (4 bytes).
    Removing timer.o(.revsh_text), (4 bytes).
    Removing timer.o(.ARM.exidx), (8 bytes).
    Removing sqstack.o(.ARM.exidx), (8 bytes).
    Removing stm32_systick.o(.rev16_text), (4 bytes).
    Removing stm32_systick.o(.revsh_text), (4 bytes).
    Removing stm32_adc.o(.rev16_text), (4 bytes).
    Removing stm32_adc.o(.revsh_text), (4 bytes).
    Removing stm32_priority.o(.rev16_text), (4 bytes).
    Removing stm32_priority.o(.revsh_text), (4 bytes).
    Removing stm32_gpio.o(.rev16_text), (4 bytes).
    Removing stm32_gpio.o(.revsh_text), (4 bytes).
    Removing misc.o(.rev16_text), (4 bytes).
    Removing misc.o(.revsh_text), (4 bytes).
    Removing stm32f10x_adc.o(.rev16_text), (4 bytes).
    Removing stm32f10x_adc.o(.revsh_text), (4 bytes).
    Removing stm32f10x_conf.o(.rev16_text), (4 bytes).
    Removing stm32f10x_conf.o(.revsh_text), (4 bytes).
    Removing stm32f10x_dma.o(.rev16_text), (4 bytes).
    Removing stm32f10x_dma.o(.revsh_text), (4 bytes).
    Removing stm32f10x_gpio.o(.rev16_text), (4 bytes).
    Removing stm32f10x_gpio.o(.revsh_text), (4 bytes).
    Removing stm32f10x_rcc.o(.rev16_text), (4 bytes).
    Removing stm32f10x_rcc.o(.revsh_text), (4 bytes).
    Removing stm32f10x_tim.o(.rev16_text), (4 bytes).
    Removing stm32f10x_tim.o(.revsh_text), (4 bytes).
    Removing stm32f10x_usart.o(.rev16_text), (4 bytes).
    Removing stm32f10x_usart.o(.revsh_text), (4 bytes).
    Removing stm32f10x_pwr.o(.rev16_text), (4 bytes).
    Removing stm32f10x_pwr.o(.revsh_text), (4 bytes).
    Removing stm32f10x_exti.o(.rev16_text), (4 bytes).
    Removing stm32f10x_exti.o(.revsh_text), (4 bytes).
    Removing stm32f10x_rtc.o(.rev16_text), (4 bytes).
    Removing stm32f10x_rtc.o(.revsh_text), (4 bytes).
    Removing system_stm32f10x.o(.rev16_text), (4 bytes).
    Removing system_stm32f10x.o(.revsh_text), (4 bytes).
    Removing terminalcontrol.o(.constdata__ZTI15TerminalControl), (8 bytes).
    Removing terminalcontrol.o(.constdata__ZTS15TerminalControl), (18 bytes).
    Removing datachain.o(.ARM.exidx), (8 bytes).

66 unused section(s) (total 1100 bytes) removed from the image.

==============================================================================

Image Symbol Table

    Local Symbols

    Symbol Name                              Value     Ov Type        Size  Object(Section)

    ../../../edgfe/lib_src/arm_exceptions.c  0x00000000   Number         0  arm_exceptions_globs.o ABSOLUTE
    ../../../edgfe/lib_src/arm_exceptions.c  0x00000000   Number         0  arm_exceptions_mem.o ABSOLUTE
    ../../../edgfe/lib_src/arm_exceptions.c  0x00000000   Number         0  arm_exceptions_terminate.o ABSOLUTE
    ../../../edgfe/lib_src/arm_noexceptions.c 0x00000000   Number         0  arm_newhandler_noexceptions.o ABSOLUTE
    ../../../edgfe/lib_src/arm_noexceptions.c 0x00000000   Number         0  arm_callunex_noexceptions.o ABSOLUTE
    ../../../edgfe/lib_src/array_del.c       0x00000000   Number         0  array_del.o ABSOLUTE
    ../../../edgfe/lib_src/array_new.c       0x00000000   Number         0  array_new.o ABSOLUTE
    ../../../edgfe/lib_src/bad_alloc.c       0x00000000   Number         0  bad_alloc_dtor.o ABSOLUTE
    ../../../edgfe/lib_src/bad_alloc.c       0x00000000   Number         0  bad_alloc_what.o ABSOLUTE
    ../../../edgfe/lib_src/delete.c          0x00000000   Number         0  delete.o ABSOLUTE
    ../../../edgfe/lib_src/exception.c       0x00000000   Number         0  exception_what.o ABSOLUTE
    ../../../edgfe/lib_src/exception.c       0x00000000   Number         0  exception_dtor.o ABSOLUTE
    ../../../edgfe/lib_src/new.c             0x00000000   Number         0  new.o ABSOLUTE
    ../../../edgfe/lib_src/typeinfo.c        0x00000000   Number         0  type_info_dtor.o ABSOLUTE
    ../../../edgfe/lib_src/typeinfo.c        0x00000000   Number         0  lib_rtti_impl.o ABSOLUTE
    ../clib/../cmprslib/lz77c.c              0x00000000   Number         0  __dclz77c.o ABSOLUTE
    ../clib/microlib/cpp/cpp_init.c          0x00000000   Number         0  cpp_init.o ABSOLUTE
    ../clib/microlib/cpp/cpp_init.c          0x00000000   Number         0  cpp_init.o ABSOLUTE
    ../clib/microlib/cpp/cpp_memory.c        0x00000000   Number         0  cpp_memory.o ABSOLUTE
    ../clib/microlib/cpp/cpp_unwinder.c      0x00000000   Number         0  cpp_unwinder.o ABSOLUTE
    ../clib/microlib/init/entry.s            0x00000000   Number         0  entry9a.o ABSOLUTE
    ../clib/microlib/init/entry.s            0x00000000   Number         0  entry8b.o ABSOLUTE
    ../clib/microlib/init/entry.s            0x00000000   Number         0  entry2.o ABSOLUTE
    ../clib/microlib/init/entry.s            0x00000000   Number         0  entry8a.o ABSOLUTE
    ../clib/microlib/init/entry.s            0x00000000   Number         0  entry.o ABSOLUTE
    ../clib/microlib/init/entry.s            0x00000000   Number         0  entry10b.o ABSOLUTE
    ../clib/microlib/init/entry.s            0x00000000   Number         0  entry5.o ABSOLUTE
    ../clib/microlib/init/entry.s            0x00000000   Number         0  entry7b.o ABSOLUTE
    ../clib/microlib/init/entry.s            0x00000000   Number         0  entry7a.o ABSOLUTE
    ../clib/microlib/init/entry.s            0x00000000   Number         0  entry11b.o ABSOLUTE
    ../clib/microlib/init/entry.s            0x00000000   Number         0  entry11a.o ABSOLUTE
    ../clib/microlib/init/entry.s            0x00000000   Number         0  entry10a.o ABSOLUTE
    ../clib/microlib/init/entry.s            0x00000000   Number         0  entry9b.o ABSOLUTE
    ../clib/microlib/malloc/malloc.c         0x00000000   Number         0  malloca.o ABSOLUTE
    ../clib/microlib/malloc/malloc.c         0x00000000   Number         0  mallocr.o ABSOLUTE
    ../clib/microlib/malloc/malloc.c         0x00000000   Number         0  mallocra.o ABSOLUTE
    ../clib/microlib/malloc/malloc.c         0x00000000   Number         0  malloc.o ABSOLUTE
    ../clib/microlib/malloc/mvars.c          0x00000000   Number         0  mvars.o ABSOLUTE
    ../clib/microlib/stdlib/abort.c          0x00000000   Number         0  abort.o ABSOLUTE
    ../clib/microlib/string/memcpy.c         0x00000000   Number         0  memcpyb.o ABSOLUTE
    ../clib/microlib/string/memcpy.c         0x00000000   Number         0  memcpya.o ABSOLUTE
    dc.s                                     0x00000000   Number         0  dc.o ABSOLUTE
    handlers.s                               0x00000000   Number         0  handlers.o ABSOLUTE
    init.s                                   0x00000000   Number         0  init.o ABSOLUTE
    source\App\Process.cpp                   0x00000000   Number         0  process.o ABSOLUTE
    source\App\oled.c                        0x00000000   Number         0  oled.o ABSOLUTE
    source\DataType\DataChain.cpp            0x00000000   Number         0  datachain.o ABSOLUTE
    source\DataType\IoOut.cpp                0x00000000   Number         0  ioout.o ABSOLUTE
    source\DataType\Key.cpp                  0x00000000   Number         0  key.o ABSOLUTE
    source\DataType\SerialPort.cpp           0x00000000   Number         0  serialport.o ABSOLUTE
    source\DataType\Timer.cpp                0x00000000   Number         0  timer.o ABSOLUTE
    source\DataType\sqStack.cpp              0x00000000   Number         0  sqstack.o ABSOLUTE
    source\Protocol\Protocol.cpp             0x00000000   Number         0  protocol.o ABSOLUTE
    source\Protocol\TerminalControl.cpp      0x00000000   Number         0  terminalcontrol.o ABSOLUTE
    source\STM32_CMSIS\startup_stm32f10x_md.s 0x00000000   Number         0  startup_stm32f10x_md.o ABSOLUTE
    source\STM32_CMSIS\system_stm32f10x.c    0x00000000   Number         0  system_stm32f10x.o ABSOLUTE
    source\STM32_Driver\STM32_ADC.c          0x00000000   Number         0  stm32_adc.o ABSOLUTE
    source\STM32_Driver\STM32_GPIO.c         0x00000000   Number         0  stm32_gpio.o ABSOLUTE
    source\STM32_Driver\STM32_Priority.c     0x00000000   Number         0  stm32_priority.o ABSOLUTE
    source\STM32_Driver\STM32_SysTick.c      0x00000000   Number         0  stm32_systick.o ABSOLUTE
    source\STM32_StdPeriph\misc.c            0x00000000   Number         0  misc.o ABSOLUTE
    source\STM32_StdPeriph\stm32f10x_adc.c   0x00000000   Number         0  stm32f10x_adc.o ABSOLUTE
    source\STM32_StdPeriph\stm32f10x_conf.c  0x00000000   Number         0  stm32f10x_conf.o ABSOLUTE
    source\STM32_StdPeriph\stm32f10x_dma.c   0x00000000   Number         0  stm32f10x_dma.o ABSOLUTE
    source\STM32_StdPeriph\stm32f10x_exti.c  0x00000000   Number         0  stm32f10x_exti.o ABSOLUTE
    source\STM32_StdPeriph\stm32f10x_gpio.c  0x00000000   Number         0  stm32f10x_gpio.o ABSOLUTE
    source\STM32_StdPeriph\stm32f10x_pwr.c   0x00000000   Number         0  stm32f10x_pwr.o ABSOLUTE
    source\STM32_StdPeriph\stm32f10x_rcc.c   0x00000000   Number         0  stm32f10x_rcc.o ABSOLUTE
    source\STM32_StdPeriph\stm32f10x_rtc.c   0x00000000   Number         0  stm32f10x_rtc.o ABSOLUTE
    source\STM32_StdPeriph\stm32f10x_tim.c   0x00000000   Number         0  stm32f10x_tim.o ABSOLUTE
    source\STM32_StdPeriph\stm32f10x_usart.c 0x00000000   Number         0  stm32f10x_usart.o ABSOLUTE
    source\User\main.cpp                     0x00000000   Number         0  main.o ABSOLUTE
    source\\App\\Process.cpp                 0x00000000   Number         0  process.o ABSOLUTE
    source\\App\\oled.c                      0x00000000   Number         0  oled.o ABSOLUTE
    source\\DataType\\DataChain.cpp          0x00000000   Number         0  datachain.o ABSOLUTE
    source\\DataType\\IoOut.cpp              0x00000000   Number         0  ioout.o ABSOLUTE
    source\\DataType\\Key.cpp                0x00000000   Number         0  key.o ABSOLUTE
    source\\DataType\\SerialPort.cpp         0x00000000   Number         0  serialport.o ABSOLUTE
    source\\DataType\\Timer.cpp              0x00000000   Number         0  timer.o ABSOLUTE
    source\\Protocol\\Protocol.cpp           0x00000000   Number         0  protocol.o ABSOLUTE
    source\\Protocol\\TerminalControl.cpp    0x00000000   Number         0  terminalcontrol.o ABSOLUTE
    source\\STM32_CMSIS\\system_stm32f10x.c  0x00000000   Number         0  system_stm32f10x.o ABSOLUTE
    source\\STM32_Driver\\STM32_ADC.c        0x00000000   Number         0  stm32_adc.o ABSOLUTE
    source\\STM32_Driver\\STM32_GPIO.c       0x00000000   Number         0  stm32_gpio.o ABSOLUTE
    source\\STM32_Driver\\STM32_Priority.c   0x00000000   Number         0  stm32_priority.o ABSOLUTE
    source\\STM32_Driver\\STM32_SysTick.c    0x00000000   Number         0  stm32_systick.o ABSOLUTE
    source\\STM32_StdPeriph\\misc.c          0x00000000   Number         0  misc.o ABSOLUTE
    source\\STM32_StdPeriph\\stm32f10x_adc.c 0x00000000   Number         0  stm32f10x_adc.o ABSOLUTE
    source\\STM32_StdPeriph\\stm32f10x_conf.c 0x00000000   Number         0  stm32f10x_conf.o ABSOLUTE
    source\\STM32_StdPeriph\\stm32f10x_dma.c 0x00000000   Number         0  stm32f10x_dma.o ABSOLUTE
    source\\STM32_StdPeriph\\stm32f10x_exti.c 0x00000000   Number         0  stm32f10x_exti.o ABSOLUTE
    source\\STM32_StdPeriph\\stm32f10x_gpio.c 0x00000000   Number         0  stm32f10x_gpio.o ABSOLUTE
    source\\STM32_StdPeriph\\stm32f10x_pwr.c 0x00000000   Number         0  stm32f10x_pwr.o ABSOLUTE
    source\\STM32_StdPeriph\\stm32f10x_rcc.c 0x00000000   Number         0  stm32f10x_rcc.o ABSOLUTE
    source\\STM32_StdPeriph\\stm32f10x_rtc.c 0x00000000   Number         0  stm32f10x_rtc.o ABSOLUTE
    source\\STM32_StdPeriph\\stm32f10x_tim.c 0x00000000   Number         0  stm32f10x_tim.o ABSOLUTE
    source\\STM32_StdPeriph\\stm32f10x_usart.c 0x00000000   Number         0  stm32f10x_usart.o ABSOLUTE
    source\\User\\main.cpp                   0x00000000   Number         0  main.o ABSOLUTE
    RESET                                    0x08000000   Section      236  startup_stm32f10x_md.o(RESET)
    .ARM.Collect$$$$00000000                 0x080000ec   Section        0  entry.o(.ARM.Collect$$$$00000000)
    .ARM.Collect$$$$00000001                 0x080000ec   Section        4  entry2.o(.ARM.Collect$$$$00000001)
    .ARM.Collect$$$$00000004                 0x080000f0   Section        4  entry5.o(.ARM.Collect$$$$00000004)
    .ARM.Collect$$$$00000008                 0x080000f4   Section        0  entry7b.o(.ARM.Collect$$$$00000008)
    .ARM.Collect$$$$00000009                 0x080000f4   Section        4  entry8a.o(.ARM.Collect$$$$00000009)
    .ARM.Collect$$$$0000000A                 0x080000f8   Section        0  entry8b.o(.ARM.Collect$$$$0000000A)
    .ARM.Collect$$$$0000000B                 0x080000f8   Section        8  entry9a.o(.ARM.Collect$$$$0000000B)
    .ARM.Collect$$$$0000000D                 0x08000100   Section        0  entry10a.o(.ARM.Collect$$$$0000000D)
    .ARM.Collect$$$$0000000F                 0x08000100   Section        0  entry11a.o(.ARM.Collect$$$$0000000F)
    .ARM.Collect$$$$00002712                 0x08000100   Section        4  entry2.o(.ARM.Collect$$$$00002712)
    __lit__00000000                          0x08000100   Data           4  entry2.o(.ARM.Collect$$$$00002712)
    .text                                    0x08000104   Section        0  main.o(.text)
    .text                                    0x08000578   Section        0  process.o(.text)
    .text                                    0x0800107c   Section        0  oled.o(.text)
    .text                                    0x080016cc   Section        0  terminalcontrol.o(.text)
    .text                                    0x08001864   Section        0  datachain.o(.text)
    .text                                    0x08001930   Section        0  ioout.o(.text)
    .text                                    0x080019e4   Section        0  key.o(.text)
    .text                                    0x08001a68   Section        0  serialport.o(.text)
    __sti___14_SerialPort_cpp                0x08002001   Thumb Code    40  serialport.o(.text)
    .text                                    0x08002040   Section        0  timer.o(.text)
    .text                                    0x08002290   Section        0  sqstack.o(.text)
    .text                                    0x0800232c   Section        0  stm32_systick.o(.text)
    SysTick_DelayXms                         0x080023a5   Thumb Code    70  stm32_systick.o(.text)
    .text                                    0x08002428   Section        0  stm32_adc.o(.text)
    ADC1_Config                              0x08002429   Thumb Code   140  stm32_adc.o(.text)
    ADC1_DMA_Config                          0x080024b5   Thumb Code   122  stm32_adc.o(.text)
    ADC1_GPIO_Config                         0x0800252f   Thumb Code    16  stm32_adc.o(.text)
    ADC_MeanFilter                           0x0800255f   Thumb Code    56  stm32_adc.o(.text)
    .text                                    0x080025c0   Section        0  stm32_priority.o(.text)
    .text                                    0x080025f0   Section        0  stm32_gpio.o(.text)
    .text                                    0x0800269c   Section        0  misc.o(.text)
    .text                                    0x08002778   Section        0  stm32f10x_adc.o(.text)
    .text                                    0x08002bc8   Section        0  stm32f10x_dma.o(.text)
    .text                                    0x08002e18   Section        0  stm32f10x_gpio.o(.text)
    .text                                    0x08003170   Section        0  stm32f10x_rcc.o(.text)
    .text                                    0x08003514   Section        0  stm32f10x_tim.o(.text)
    TI4_Config                               0x080039bb   Thumb Code   130  stm32f10x_tim.o(.text)
    TI3_Config                               0x08003a4f   Thumb Code   122  stm32f10x_tim.o(.text)
    TI2_Config                               0x08003ae3   Thumb Code   130  stm32f10x_tim.o(.text)
    TI1_Config                               0x08003b77   Thumb Code   108  stm32f10x_tim.o(.text)
    .text                                    0x08004330   Section        0  stm32f10x_usart.o(.text)
    .text                                    0x08004738   Section        0  stm32f10x_pwr.o(.text)
    .text                                    0x08004804   Section        0  stm32f10x_exti.o(.text)
    .text                                    0x08004920   Section        0  stm32f10x_rtc.o(.text)
    .text                                    0x08004a64   Section        0  system_stm32f10x.o(.text)
    SetSysClockTo72                          0x08004a65   Thumb Code   212  system_stm32f10x.o(.text)
    SetSysClock                              0x08004b39   Thumb Code     8  system_stm32f10x.o(.text)
    .text                                    0x08004c40   Section       36  startup_stm32f10x_md.o(.text)
    .text                                    0x08004c64   Section        0  cpp_init.o(.text)
    .text                                    0x08004c84   Section        0  arm_newhandler_noexceptions.o(.text)
    .text                                    0x08004c88   Section        0  cpp_memory.o(.text)
    .text                                    0x08004c90   Section        0  cpp_unwinder.o(.text)
    .text                                    0x08004cb0   Section        0  arm_exceptions_terminate.o(.text)
    .text                                    0x08004ccc   Section       36  init.o(.text)
    .text                                    0x08004cf0   Section        0  arm_exceptions_globs.o(.text)
    __default_terminate_handler()            0x08004cf1   Thumb Code     6  arm_exceptions_globs.o(.text)
    .text                                    0x08004d40   Section        0  arm_exceptions_mem.o(.text)
    .text                                    0x08004d7c   Section        0  __dclz77c.o(.text)
    i._ZN9ChainNodeC1EhPS_S0_                0x08004ddc   Section        0  datachain.o(i._ZN9ChainNodeC1EhPS_S0_)
    i._ZdaPv                                 0x08004de4   Section        0  array_del.o(i._ZdaPv)
    i._ZdlPv                                 0x08004dec   Section        0  delete.o(i._ZdlPv)
    i._Znaj                                  0x08004df4   Section        0  array_new.o(i._Znaj)
    i._Znwj                                  0x08004dfc   Section        0  new.o(i._Znwj)
    i.__scatterload_copy                     0x08004e24   Section       14  handlers.o(i.__scatterload_copy)
    i.__scatterload_null                     0x08004e32   Section        2  handlers.o(i.__scatterload_null)
    i.__scatterload_zeroinit                 0x08004e34   Section       14  handlers.o(i.__scatterload_zeroinit)
    i.free                                   0x08004e44   Section        0  malloc.o(i.free)
    i.malloc                                 0x08004e94   Section        0  malloc.o(i.malloc)
    .constdata                               0x08004f00   Section       15  process.o(.constdata)
    Coordinate_X                             0x08004f00   Data          15  process.o(.constdata)
    .constdata                               0x08004f0f   Section     2072  oled.o(.constdata)
    .constdata__ZTV15TerminalControl         0x08005728   Section       16  terminalcontrol.o(.constdata__ZTV15TerminalControl)
    .init_array                              0x08005758   Section        4  serialport.o(.init_array)
    .data                                    0x20000000   Section        9  main.o(.data)
    .data                                    0x2000000c   Section     1176  process.o(.data)
    index                                    0x20000488   Data           4  process.o(.data)
    preNumdKey                               0x2000048c   Data          14  process.o(.data)
    shockTimeCount                           0x2000049c   Data           4  process.o(.data)
    alarmTimeCount                           0x200004a0   Data           4  process.o(.data)
    .data                                    0x200004a4   Section     1536  oled.o(.data)
    .data                                    0x20000aa4   Section        4  stm32_systick.o(.data)
    fac_us                                   0x20000aa4   Data           1  stm32_systick.o(.data)
    fac_ms                                   0x20000aa6   Data           2  stm32_systick.o(.data)
    .data                                    0x20000aa8   Section        2  stm32_adc.o(.data)
    .data                                    0x20000aaa   Section       20  stm32f10x_rcc.o(.data)
    APBAHBPrescTable                         0x20000aaa   Data          16  stm32f10x_rcc.o(.data)
    ADCPrescTable                            0x20000aba   Data           4  stm32f10x_rcc.o(.data)
    .data                                    0x20000ac0   Section       20  system_stm32f10x.o(.data)
    .data                                    0x20000ad4   Section        4  cpp_memory.o(.data)
    handler_pointer                          0x20000ad4   Data           4  cpp_memory.o(.data)
    .data                                    0x20000ad8   Section        8  cpp_unwinder.o(.data)
    eh                                       0x20000ad8   Data           4  cpp_unwinder.o(.data)
    eh_p                                     0x20000adc   Data           4  cpp_unwinder.o(.data)
    .data                                    0x20000ae0   Section        4  mvars.o(.data)
    .data                                    0x20000ae4   Section        4  mvars.o(.data)
    .bss                                     0x20000ae8   Section      504  serialport.o(.bss)
    .bss                                     0x20000ce0   Section       20  stm32_adc.o(.bss)
    HEAP                                     0x20000cf8   Section     4096  startup_stm32f10x_md.o(HEAP)
    STACK                                    0x20001cf8   Section     1536  startup_stm32f10x_md.o(STACK)

    Global Symbols

    Symbol Name                              Value     Ov Type        Size  Object(Section)

    BuildAttributes$$THM_ISAv4$P$D$K$B$S$PE$A:L22UL41UL21$X:L11$S22US41US21$IEEE1$IW$USESV6$~STKCKD$USESV7$~SHL$OSPACE$EBA8$UX$MICROLIB$REQ8$PRES8$EABIv2 0x00000000   Number         0  anon$$obj.o ABSOLUTE
    __ARM_use_no_argv                        0x00000000   Number         0  main.o ABSOLUTE
    __ARM::default_unexpected_handler()       - Undefined Weak Reference
    __ARM_exceptions_buffer_required          - Undefined Weak Reference
    __cxa_finalize                            - Undefined Weak Reference
    _clock_init                               - Undefined Weak Reference
    _microlib_exit                            - Undefined Weak Reference
    __Vectors_Size                           0x000000ec   Number         0  startup_stm32f10x_md.o ABSOLUTE
    __Vectors                                0x08000000   Data           4  startup_stm32f10x_md.o(RESET)
    __Vectors_End                            0x080000ec   Data           0  startup_stm32f10x_md.o(RESET)
    __main                                   0x080000ed   Thumb Code     0  entry.o(.ARM.Collect$$$$00000000)
    _main_stk                                0x080000ed   Thumb Code     0  entry2.o(.ARM.Collect$$$$00000001)
    _main_scatterload                        0x080000f1   Thumb Code     0  entry5.o(.ARM.Collect$$$$00000004)
    __main_after_scatterload                 0x080000f5   Thumb Code     0  entry5.o(.ARM.Collect$$$$00000004)
    _main_clock                              0x080000f5   Thumb Code     0  entry7b.o(.ARM.Collect$$$$00000008)
    _main_cpp_init$empty                     0x080000f5   Thumb Code     0  entry8a.o(.ARM.Collect$$$$00000009)
    _main_cpp_init                           0x080000f9   Thumb Code     0  entry8b.o(.ARM.Collect$$$$0000000A)
    _main_init                               0x080000f9   Thumb Code     0  entry9a.o(.ARM.Collect$$$$0000000B)
    __rt_final_cpp                           0x08000101   Thumb Code     0  entry10a.o(.ARM.Collect$$$$0000000D)
    __rt_final_exit                          0x08000101   Thumb Code     0  entry11a.o(.ARM.Collect$$$$0000000F)
    RCC_Configuration()                      0x08000105   Thumb Code   106  main.o(.text)
    SYSCLKconfig_STOP()                      0x0800016f   Thumb Code    60  main.o(.text)
    GPIO_Configuration()                     0x080001ab   Thumb Code    52  main.o(.text)
    EXTI_Configuration()                     0x080001df   Thumb Code    46  main.o(.text)
    RTC_Configuration()                      0x0800020d   Thumb Code    70  main.o(.text)
    NVIC_Configuration()                     0x08000253   Thumb Code    68  main.o(.text)
    SysTick_Configuration()                  0x08000297   Thumb Code     2  main.o(.text)
    Delay(unsigned)                          0x08000299   Thumb Code     2  main.o(.text)
    StopModeTest()                           0x0800029b   Thumb Code   110  main.o(.text)
    InnerRCC_Configuration()                 0x08000309   Thumb Code    96  main.o(.text)
    main                                     0x08000369   Thumb Code   140  main.o(.text)
    EXTI0_IRQHandler                         0x080003f5   Thumb Code    34  main.o(.text)
    TIM2_IRQHandler                          0x08000417   Thumb Code    46  main.o(.text)
    TIM3_IRQHandler                          0x08000445   Thumb Code    38  main.o(.text)
    TIM4_IRQHandler                          0x0800046b   Thumb Code    38  main.o(.text)
    NMI_Handler                              0x08000491   Thumb Code    12  main.o(.text)
    HardFault_Handler                        0x0800049d   Thumb Code    18  main.o(.text)
    MemManage_Handler                        0x080004af   Thumb Code    28  main.o(.text)
    BusFault_Handler                         0x080004cb   Thumb Code    20  main.o(.text)
    UsageFault_Handler                       0x080004df   Thumb Code    50  main.o(.text)
    SVC_Handler                              0x08000511   Thumb Code    12  main.o(.text)
    DebugMon_Handler                         0x0800051d   Thumb Code    12  main.o(.text)
    PendSV_Handler                           0x08000529   Thumb Code    12  main.o(.text)
    SysTick_Handler                          0x08000535   Thumb Code     2  main.o(.text)
    RTCAlarm_IRQHandler                      0x08000537   Thumb Code    56  main.o(.text)
    Process::showControlMode()               0x08000579   Thumb Code    94  process.o(.text)
    Process::initAllData()                   0x080005d7   Thumb Code   100  process.o(.text)
    Process::initTimers()                    0x0800063b   Thumb Code   122  process.o(.text)
    Process::initUsarts()                    0x080006b5   Thumb Code    52  process.o(.text)
    Process::initADs()                       0x080006e9   Thumb Code    10  process.o(.text)
    Process::initGPIO()                      0x080006f3   Thumb Code   354  process.o(.text)
    Process::enable_SWD_disable_Jtag()       0x08000855   Thumb Code    22  process.o(.text)
    Process::Process()                       0x0800086b   Thumb Code    62  process.o(.text)
    Process::Process__sub_object()           0x0800086b   Thumb Code     0  process.o(.text)
    Process::showControlStatus()             0x080008a9   Thumb Code   142  process.o(.text)
    Process::dealKeyValue()                  0x08000937   Thumb Code  1216  process.o(.text)
    Process::getKeyValue()                   0x08000df7   Thumb Code    90  process.o(.text)
    Process::runOnTime2()                    0x08000e51   Thumb Code    58  process.o(.text)
    Process::updataToZigbee()                0x08000e8b   Thumb Code    96  process.o(.text)
    Process::runOnTime3()                    0x08000eeb   Thumb Code    12  process.o(.text)
    Process::showPowerSymbol()               0x08000ef7   Thumb Code   126  process.o(.text)
    Process::getPowerValue()                 0x08000f75   Thumb Code    20  process.o(.text)
    Process::runOnTime4()                    0x08000f89   Thumb Code    66  process.o(.text)
    Process::openPeriph()                    0x08000fcb   Thumb Code    30  process.o(.text)
    Process::initOLED()                      0x08000fe9   Thumb Code    14  process.o(.text)
    Process::showOtherSymbol()               0x08000ff7   Thumb Code    42  process.o(.text)
    Process::SYSCLKconfig_STOP()             0x08001021   Thumb Code    56  process.o(.text)
    Process::testWithUsart()                 0x08001059   Thumb Code    12  process.o(.text)
    IIC_Start                                0x0800107d   Thumb Code    36  oled.o(.text)
    IIC_Stop                                 0x080010a1   Thumb Code    28  oled.o(.text)
    IIC_Wait_Ack                             0x080010bd   Thumb Code    20  oled.o(.text)
    Write_IIC_Byte                           0x080010d1   Thumb Code    80  oled.o(.text)
    Write_IIC_Command                        0x08001121   Thumb Code    44  oled.o(.text)
    Write_IIC_Data                           0x0800114d   Thumb Code    44  oled.o(.text)
    OLED_WR_Byte                             0x08001179   Thumb Code    24  oled.o(.text)
    fill_picture                             0x08001191   Thumb Code    64  oled.o(.text)
    Delay_50ms                               0x080011d1   Thumb Code    22  oled.o(.text)
    Delay_1ms                                0x080011e7   Thumb Code    26  oled.o(.text)
    OLED_Set_Pos                             0x08001201   Thumb Code    40  oled.o(.text)
    OLED_Display_On                          0x08001229   Thumb Code    28  oled.o(.text)
    OLED_Display_Off                         0x08001245   Thumb Code    28  oled.o(.text)
    OLED_Clear                               0x08001261   Thumb Code    62  oled.o(.text)
    OLED_On                                  0x0800129f   Thumb Code    62  oled.o(.text)
    OLED_ShowChar                            0x080012dd   Thumb Code   154  oled.o(.text)
    oled_pow                                 0x08001377   Thumb Code    22  oled.o(.text)
    OLED_ShowNum                             0x0800138d   Thumb Code   136  oled.o(.text)
    OLED_ShowString                          0x08001415   Thumb Code    58  oled.o(.text)
    OLED_ShowCHinese                         0x0800144f   Thumb Code   112  oled.o(.text)
    OLED_ShowEFootCHinese                    0x080014bf   Thumb Code    98  oled.o(.text)
    OLED_DrawBMP                             0x08001521   Thumb Code   114  oled.o(.text)
    OLED_Init                                0x08001593   Thumb Code   294  oled.o(.text)
    TerminalControl::TerminalControl(SerialPort*) 0x080016cd   Thumb Code   100  terminalcontrol.o(.text)
    TerminalControl::TerminalControl__sub_object(SerialPort*) 0x080016cd   Thumb Code     0  terminalcontrol.o(.text)
    TerminalControl::~TerminalControl()      0x08001731   Thumb Code    40  terminalcontrol.o(.text)
    TerminalControl::~TerminalControl__sub_object() 0x08001731   Thumb Code     0  terminalcontrol.o(.text)
    TerminalControl::~TerminalControl__deallocating() 0x08001759   Thumb Code    18  terminalcontrol.o(.text)
    TerminalControl::updateSendBuf(unsigned char*) 0x0800176b   Thumb Code    48  terminalcontrol.o(.text)
    TerminalControl::sendcommand()           0x0800179b   Thumb Code    32  terminalcontrol.o(.text)
    TerminalControl::reciveData()            0x080017bb   Thumb Code   164  terminalcontrol.o(.text)
    RingChain::RingChain(int)                0x08001865   Thumb Code   112  datachain.o(.text)
    RingChain::RingChain__sub_object(int)    0x08001865   Thumb Code     0  datachain.o(.text)
    RingChain::~RingChain()                  0x080018d5   Thumb Code    54  datachain.o(.text)
    RingChain::~RingChain__sub_object()      0x080018d5   Thumb Code     0  datachain.o(.text)
    RingChain::getData()                     0x0800190b   Thumb Code     8  datachain.o(.text)
    RingChain::next()                        0x08001913   Thumb Code     8  datachain.o(.text)
    RingChain::previous()                    0x0800191b   Thumb Code     8  datachain.o(.text)
    RingChain::getLen()                      0x08001923   Thumb Code     6  datachain.o(.text)
    RingChain::setData(unsigned char)        0x08001929   Thumb Code     6  datachain.o(.text)
    IoOut::setOff()                          0x08001931   Thumb Code    28  ioout.o(.text)
    IoOut::initIo()                          0x0800194d   Thumb Code    58  ioout.o(.text)
    IoOut::IoOut(GPIO_TypeDef*, unsigned short, bool) 0x08001987   Thumb Code    30  ioout.o(.text)
    IoOut::IoOut__sub_object(GPIO_TypeDef*, unsigned short, bool) 0x08001987   Thumb Code     0  ioout.o(.text)
    IoOut::~IoOut()                          0x080019a5   Thumb Code     2  ioout.o(.text)
    IoOut::~IoOut__sub_object()              0x080019a5   Thumb Code     0  ioout.o(.text)
    IoOut::setOn()                           0x080019a7   Thumb Code    28  ioout.o(.text)
    IoOut::reverseState()                    0x080019c3   Thumb Code    30  ioout.o(.text)
    Key::initKey()                           0x080019e5   Thumb Code    18  key.o(.text)
    Key::Key(GPIO_TypeDef*, unsigned short, bool) 0x080019f7   Thumb Code    38  key.o(.text)
    Key::Key__sub_object(GPIO_TypeDef*, unsigned short, bool) 0x080019f7   Thumb Code     0  key.o(.text)
    Key::~Key()                              0x08001a1d   Thumb Code     6  key.o(.text)
    Key::~Key__sub_object()                  0x08001a1d   Thumb Code     0  key.o(.text)
    Key::getValue()                          0x08001a23   Thumb Code    70  key.o(.text)
    USART_data_t::enableTX()                 0x08001a69   Thumb Code    26  serialport.o(.text)
    USART_data_t::dataRegEmpty()             0x08001a83   Thumb Code    72  serialport.o(.text)
    USART_data_t::rxComplete()               0x08001acb   Thumb Code    58  serialport.o(.text)
    USART1_IRQHandler                        0x08001b05   Thumb Code    50  serialport.o(.text)
    USART2_IRQHandler                        0x08001b37   Thumb Code    50  serialport.o(.text)
    USART3_IRQHandler                        0x08001b69   Thumb Code    50  serialport.o(.text)
    UART4_IRQHandler                         0x08001b9b   Thumb Code    50  serialport.o(.text)
    UART5_IRQHandler                         0x08001bcd   Thumb Code    50  serialport.o(.text)
    USART_data_t::USART_data_t()             0x08001bff   Thumb Code    34  serialport.o(.text)
    USART_data_t::USART_data_t__sub_object() 0x08001bff   Thumb Code     0  serialport.o(.text)
    USART_data_t::txBuffer_GetFreeStatus()   0x08001c21   Thumb Code    28  serialport.o(.text)
    USART_data_t::txBuffer_SendAll()         0x08001c3d   Thumb Code    22  serialport.o(.text)
    USART_data_t::txBuffer_PutByte(unsigned char) 0x08001c53   Thumb Code    62  serialport.o(.text)
    USART_data_t::rxBuffer_GetAvailableStatus() 0x08001c91   Thumb Code    22  serialport.o(.text)
    USART_data_t::rxBuffer_GetByte()         0x08001ca7   Thumb Code    26  serialport.o(.text)
    USART_data_t::disabledTX()               0x08001cc1   Thumb Code    26  serialport.o(.text)
    SerialPort::usartConfig(USART_TypeDef*, unsigned, unsigned short) 0x08001cdb   Thumb Code    54  serialport.o(.text)
    SerialPort::close()                      0x08001d11   Thumb Code    26  serialport.o(.text)
    SerialPort::usartGpioInit()              0x08001d2b   Thumb Code   236  serialport.o(.text)
    SerialPort::initUsart()                  0x08001e17   Thumb Code   150  serialport.o(.text)
    SerialPort::SerialPort(int, int)         0x08001ead   Thumb Code    22  serialport.o(.text)
    SerialPort::SerialPort__sub_object(int, int) 0x08001ead   Thumb Code     0  serialport.o(.text)
    SerialPort::~SerialPort()                0x08001ec3   Thumb Code    18  serialport.o(.text)
    SerialPort::~SerialPort__sub_object()    0x08001ec3   Thumb Code     0  serialport.o(.text)
    SerialPort::getPort()                    0x08001ed5   Thumb Code     6  serialport.o(.text)
    SerialPort::readAllow()                  0x08001edb   Thumb Code    90  serialport.o(.text)
    SerialPort::getChar()                    0x08001f35   Thumb Code    12  serialport.o(.text)
    SerialPort::putChar(unsigned char)       0x08001f41   Thumb Code    24  serialport.o(.text)
    SerialPort::write(unsigned char*, unsigned char) 0x08001f59   Thumb Code    38  serialport.o(.text)
    SerialPort::writeLine(const char*)       0x08001f7f   Thumb Code    32  serialport.o(.text)
    SerialPort::open()                       0x08001f9f   Thumb Code    26  serialport.o(.text)
    SerialPort::setRS485CtrTx(GPIO_TypeDef*, unsigned short) 0x08001fb9   Thumb Code    44  serialport.o(.text)
    SerialPort::setPriority(unsigned char, unsigned char) 0x08001fe5   Thumb Code    28  serialport.o(.text)
    Timer::stop()                            0x08002041   Thumb Code    14  timer.o(.text)
    Timer::setPriority(unsigned char, unsigned char) 0x0800204f   Thumb Code    28  timer.o(.text)
    Timer::setTimeOut(int)                   0x0800206b   Thumb Code   206  timer.o(.text)
    Timer::Timer(TIM_TypeDef*, int)          0x08002139   Thumb Code   210  timer.o(.text)
    Timer::Timer__sub_object(TIM_TypeDef*, int) 0x08002139   Thumb Code     0  timer.o(.text)
    Timer::~Timer()                          0x0800220b   Thumb Code    20  timer.o(.text)
    Timer::~Timer__sub_object()              0x0800220b   Thumb Code     0  timer.o(.text)
    Timer::start()                           0x0800221f   Thumb Code    14  timer.o(.text)
    Timer::start(TIM_TypeDef*)               0x0800222d   Thumb Code    16  timer.o(.text)
    Timer::stop(TIM_TypeDef*)                0x0800223d   Thumb Code    16  timer.o(.text)
    Timer::getITStatus(TIM_TypeDef*)         0x0800224d   Thumb Code    16  timer.o(.text)
    Timer::clearITPendingBit(TIM_TypeDef*)   0x0800225d   Thumb Code    16  timer.o(.text)
    SqStack::SqStack()                       0x08002291   Thumb Code     8  sqstack.o(.text)
    SqStack::SqStack__sub_object()           0x08002291   Thumb Code     0  sqstack.o(.text)
    SqStack::Push(unsigned char)             0x08002299   Thumb Code    26  sqstack.o(.text)
    SqStack::Pop(unsigned char&)             0x080022b3   Thumb Code    26  sqstack.o(.text)
    SqStack::Pop()                           0x080022cd   Thumb Code    20  sqstack.o(.text)
    SqStack::GetTopElem(unsigned char&)      0x080022e1   Thumb Code    20  sqstack.o(.text)
    SqStack::GetTopElem()                    0x080022f5   Thumb Code    16  sqstack.o(.text)
    SqStack::GetTop()                        0x08002305   Thumb Code     6  sqstack.o(.text)
    SqStack::IsEmpty()                       0x0800230b   Thumb Code    16  sqstack.o(.text)
    SqStack::IsFull()                        0x0800231b   Thumb Code    16  sqstack.o(.text)
    SysTick_Init                             0x0800232d   Thumb Code    50  stm32_systick.o(.text)
    SysTick_DelayUs                          0x0800235f   Thumb Code    70  stm32_systick.o(.text)
    SysTick_DelayMs                          0x080023eb   Thumb Code    46  stm32_systick.o(.text)
    ADC1_DMA_Init                            0x0800253f   Thumb Code    32  stm32_adc.o(.text)
    DMA1_Channel1_IRQHandler                 0x08002597   Thumb Code    22  stm32_adc.o(.text)
    setSystemPriorityGroup                   0x080025c1   Thumb Code    12  stm32_priority.o(.text)
    setIRQPriority                           0x080025cd   Thumb Code    34  stm32_priority.o(.text)
    STM32_GpioOneInit                        0x080025f1   Thumb Code   142  stm32_gpio.o(.text)
    NVIC_PriorityGroupConfig                 0x0800269d   Thumb Code    10  misc.o(.text)
    NVIC_Init                                0x080026a7   Thumb Code   102  misc.o(.text)
    NVIC_SetVectorTable                      0x0800270d   Thumb Code    14  misc.o(.text)
    NVIC_SystemLPConfig                      0x0800271b   Thumb Code    34  misc.o(.text)
    SysTick_CLKSourceConfig                  0x0800273d   Thumb Code    40  misc.o(.text)
    ADC_DeInit                               0x08002779   Thumb Code    78  stm32f10x_adc.o(.text)
    ADC_Init                                 0x080027c7   Thumb Code    70  stm32f10x_adc.o(.text)
    ADC_StructInit                           0x0800280d   Thumb Code    18  stm32f10x_adc.o(.text)
    ADC_Cmd                                  0x0800281f   Thumb Code    22  stm32f10x_adc.o(.text)
    ADC_DMACmd                               0x08002835   Thumb Code    22  stm32f10x_adc.o(.text)
    ADC_ITConfig                             0x0800284b   Thumb Code    24  stm32f10x_adc.o(.text)
    ADC_ResetCalibration                     0x08002863   Thumb Code    10  stm32f10x_adc.o(.text)
    ADC_GetResetCalibrationStatus            0x0800286d   Thumb Code    20  stm32f10x_adc.o(.text)
    ADC_StartCalibration                     0x08002881   Thumb Code    10  stm32f10x_adc.o(.text)
    ADC_GetCalibrationStatus                 0x0800288b   Thumb Code    20  stm32f10x_adc.o(.text)
    ADC_SoftwareStartConvCmd                 0x0800289f   Thumb Code    22  stm32f10x_adc.o(.text)
    ADC_GetSoftwareStartConvStatus           0x080028b5   Thumb Code    20  stm32f10x_adc.o(.text)
    ADC_DiscModeChannelCountConfig           0x080028c9   Thumb Code    24  stm32f10x_adc.o(.text)
    ADC_DiscModeCmd                          0x080028e1   Thumb Code    22  stm32f10x_adc.o(.text)
    ADC_RegularChannelConfig                 0x080028f7   Thumb Code   184  stm32f10x_adc.o(.text)
    ADC_ExternalTrigConvCmd                  0x080029af   Thumb Code    22  stm32f10x_adc.o(.text)
    ADC_GetConversionValue                   0x080029c5   Thumb Code     8  stm32f10x_adc.o(.text)
    ADC_GetDualModeConversionValue           0x080029cd   Thumb Code     8  stm32f10x_adc.o(.text)
    ADC_AutoInjectedConvCmd                  0x080029d5   Thumb Code    22  stm32f10x_adc.o(.text)
    ADC_InjectedDiscModeCmd                  0x080029eb   Thumb Code    22  stm32f10x_adc.o(.text)
    ADC_ExternalTrigInjectedConvConfig       0x08002a01   Thumb Code    16  stm32f10x_adc.o(.text)
    ADC_ExternalTrigInjectedConvCmd          0x08002a11   Thumb Code    22  stm32f10x_adc.o(.text)
    ADC_SoftwareStartInjectedConvCmd         0x08002a27   Thumb Code    22  stm32f10x_adc.o(.text)
    ADC_GetSoftwareStartInjectedConvCmdStatus 0x08002a3d   Thumb Code    20  stm32f10x_adc.o(.text)
    ADC_InjectedChannelConfig                0x08002a51   Thumb Code   130  stm32f10x_adc.o(.text)
    ADC_InjectedSequencerLengthConfig        0x08002ad3   Thumb Code    24  stm32f10x_adc.o(.text)
    ADC_SetInjectedOffset                    0x08002aeb   Thumb Code    20  stm32f10x_adc.o(.text)
    ADC_GetInjectedConversionValue           0x08002aff   Thumb Code    28  stm32f10x_adc.o(.text)
    ADC_AnalogWatchdogCmd                    0x08002b1b   Thumb Code    16  stm32f10x_adc.o(.text)
    ADC_AnalogWatchdogThresholdsConfig       0x08002b2b   Thumb Code     6  stm32f10x_adc.o(.text)
    ADC_AnalogWatchdogSingleChannelConfig    0x08002b31   Thumb Code    16  stm32f10x_adc.o(.text)
    ADC_TempSensorVrefintCmd                 0x08002b41   Thumb Code    64  stm32f10x_adc.o(.text)
    ADC_GetFlagStatus                        0x08002b81   Thumb Code    18  stm32f10x_adc.o(.text)
    ADC_ClearFlag                            0x08002b93   Thumb Code     6  stm32f10x_adc.o(.text)
    ADC_GetITStatus                          0x08002b99   Thumb Code    36  stm32f10x_adc.o(.text)
    ADC_ClearITPendingBit                    0x08002bbd   Thumb Code    10  stm32f10x_adc.o(.text)
    DMA_DeInit                               0x08002bc9   Thumb Code   324  stm32f10x_dma.o(.text)
    DMA_Init                                 0x08002d0d   Thumb Code    60  stm32f10x_dma.o(.text)
    DMA_StructInit                           0x08002d49   Thumb Code    26  stm32f10x_dma.o(.text)
    DMA_Cmd                                  0x08002d63   Thumb Code    24  stm32f10x_dma.o(.text)
    DMA_ITConfig                             0x08002d7b   Thumb Code    18  stm32f10x_dma.o(.text)
    DMA_SetCurrDataCounter                   0x08002d8d   Thumb Code     4  stm32f10x_dma.o(.text)
    DMA_GetCurrDataCounter                   0x08002d91   Thumb Code     8  stm32f10x_dma.o(.text)
    DMA_GetFlagStatus                        0x08002d99   Thumb Code    38  stm32f10x_dma.o(.text)
    DMA_ClearFlag                            0x08002dbf   Thumb Code    22  stm32f10x_dma.o(.text)
    DMA_GetITStatus                          0x08002dd5   Thumb Code    38  stm32f10x_dma.o(.text)
    DMA_ClearITPendingBit                    0x08002dfb   Thumb Code    22  stm32f10x_dma.o(.text)
    GPIO_DeInit                              0x08002e19   Thumb Code   172  stm32f10x_gpio.o(.text)
    GPIO_AFIODeInit                          0x08002ec5   Thumb Code    20  stm32f10x_gpio.o(.text)
    GPIO_Init                                0x08002ed9   Thumb Code   274  stm32f10x_gpio.o(.text)
    GPIO_StructInit                          0x08002feb   Thumb Code    16  stm32f10x_gpio.o(.text)
    GPIO_ReadInputDataBit                    0x08002ffb   Thumb Code    18  stm32f10x_gpio.o(.text)
    GPIO_ReadInputData                       0x0800300d   Thumb Code     8  stm32f10x_gpio.o(.text)
    GPIO_ReadOutputDataBit                   0x08003015   Thumb Code    18  stm32f10x_gpio.o(.text)
    GPIO_ReadOutputData                      0x08003027   Thumb Code     8  stm32f10x_gpio.o(.text)
    GPIO_SetBits                             0x0800302f   Thumb Code     4  stm32f10x_gpio.o(.text)
    GPIO_ResetBits                           0x08003033   Thumb Code     4  stm32f10x_gpio.o(.text)
    GPIO_WriteBit                            0x08003037   Thumb Code    10  stm32f10x_gpio.o(.text)
    GPIO_Write                               0x08003041   Thumb Code     4  stm32f10x_gpio.o(.text)
    GPIO_PinLockConfig                       0x08003045   Thumb Code    18  stm32f10x_gpio.o(.text)
    GPIO_EventOutputConfig                   0x08003057   Thumb Code    26  stm32f10x_gpio.o(.text)
    GPIO_EventOutputCmd                      0x08003071   Thumb Code     6  stm32f10x_gpio.o(.text)
    GPIO_PinRemapConfig                      0x08003077   Thumb Code   138  stm32f10x_gpio.o(.text)
    GPIO_EXTILineConfig                      0x08003101   Thumb Code    66  stm32f10x_gpio.o(.text)
    GPIO_ETH_MediaInterfaceConfig            0x08003143   Thumb Code     6  stm32f10x_gpio.o(.text)
    RCC_DeInit                               0x08003171   Thumb Code    64  stm32f10x_rcc.o(.text)
    RCC_HSEConfig                            0x080031b1   Thumb Code    70  stm32f10x_rcc.o(.text)
    RCC_GetFlagStatus                        0x080031f7   Thumb Code    56  stm32f10x_rcc.o(.text)
    RCC_WaitForHSEStartUp                    0x0800322f   Thumb Code    56  stm32f10x_rcc.o(.text)
    RCC_AdjustHSICalibrationValue            0x08003267   Thumb Code    20  stm32f10x_rcc.o(.text)
    RCC_HSICmd                               0x0800327b   Thumb Code     6  stm32f10x_rcc.o(.text)
    RCC_PLLConfig                            0x08003281   Thumb Code    24  stm32f10x_rcc.o(.text)
    RCC_PLLCmd                               0x08003299   Thumb Code     6  stm32f10x_rcc.o(.text)
    RCC_SYSCLKConfig                         0x0800329f   Thumb Code    18  stm32f10x_rcc.o(.text)
    RCC_GetSYSCLKSource                      0x080032b1   Thumb Code    10  stm32f10x_rcc.o(.text)
    RCC_HCLKConfig                           0x080032bb   Thumb Code    18  stm32f10x_rcc.o(.text)
    RCC_PCLK1Config                          0x080032cd   Thumb Code    18  stm32f10x_rcc.o(.text)
    RCC_PCLK2Config                          0x080032df   Thumb Code    20  stm32f10x_rcc.o(.text)
    RCC_ITConfig                             0x080032f3   Thumb Code    26  stm32f10x_rcc.o(.text)
    RCC_USBCLKConfig                         0x0800330d   Thumb Code     6  stm32f10x_rcc.o(.text)
    RCC_ADCCLKConfig                         0x08003313   Thumb Code    18  stm32f10x_rcc.o(.text)
    RCC_LSEConfig                            0x08003325   Thumb Code    44  stm32f10x_rcc.o(.text)
    RCC_LSICmd                               0x08003351   Thumb Code     6  stm32f10x_rcc.o(.text)
    RCC_RTCCLKConfig                         0x08003357   Thumb Code    12  stm32f10x_rcc.o(.text)
    RCC_RTCCLKCmd                            0x08003363   Thumb Code     8  stm32f10x_rcc.o(.text)
    RCC_GetClocksFreq                        0x0800336b   Thumb Code   192  stm32f10x_rcc.o(.text)
    RCC_AHBPeriphClockCmd                    0x0800342b   Thumb Code    26  stm32f10x_rcc.o(.text)
    RCC_APB2PeriphClockCmd                   0x08003445   Thumb Code    26  stm32f10x_rcc.o(.text)
    RCC_APB1PeriphClockCmd                   0x0800345f   Thumb Code    26  stm32f10x_rcc.o(.text)
    RCC_APB2PeriphResetCmd                   0x08003479   Thumb Code    26  stm32f10x_rcc.o(.text)
    RCC_APB1PeriphResetCmd                   0x08003493   Thumb Code    26  stm32f10x_rcc.o(.text)
    RCC_BackupResetCmd                       0x080034ad   Thumb Code     8  stm32f10x_rcc.o(.text)
    RCC_ClockSecuritySystemCmd               0x080034b5   Thumb Code     6  stm32f10x_rcc.o(.text)
    RCC_MCOConfig                            0x080034bb   Thumb Code     6  stm32f10x_rcc.o(.text)
    RCC_ClearFlag                            0x080034c1   Thumb Code    14  stm32f10x_rcc.o(.text)
    RCC_GetITStatus                          0x080034cf   Thumb Code    20  stm32f10x_rcc.o(.text)
    RCC_ClearITPendingBit                    0x080034e3   Thumb Code     6  stm32f10x_rcc.o(.text)
    TIM_DeInit                               0x08003515   Thumb Code   424  stm32f10x_tim.o(.text)
    TIM_TimeBaseInit                         0x080036bd   Thumb Code   122  stm32f10x_tim.o(.text)
    TIM_OC1Init                              0x08003737   Thumb Code   132  stm32f10x_tim.o(.text)
    TIM_OC2Init                              0x080037bb   Thumb Code   154  stm32f10x_tim.o(.text)
    TIM_OC3Init                              0x08003855   Thumb Code   150  stm32f10x_tim.o(.text)
    TIM_OC4Init                              0x080038eb   Thumb Code   182  stm32f10x_tim.o(.text)
    TIM_SetIC4Prescaler                      0x080039a1   Thumb Code    26  stm32f10x_tim.o(.text)
    TIM_SetIC3Prescaler                      0x08003a3d   Thumb Code    18  stm32f10x_tim.o(.text)
    TIM_SetIC2Prescaler                      0x08003ac9   Thumb Code    26  stm32f10x_tim.o(.text)
    TIM_SetIC1Prescaler                      0x08003b65   Thumb Code    18  stm32f10x_tim.o(.text)
    TIM_ICInit                               0x08003be3   Thumb Code   150  stm32f10x_tim.o(.text)
    TIM_PWMIConfig                           0x08003c79   Thumb Code   124  stm32f10x_tim.o(.text)
    TIM_BDTRConfig                           0x08003cf5   Thumb Code    32  stm32f10x_tim.o(.text)
    TIM_TimeBaseStructInit                   0x08003d15   Thumb Code    18  stm32f10x_tim.o(.text)
    TIM_OCStructInit                         0x08003d27   Thumb Code    20  stm32f10x_tim.o(.text)
    TIM_ICStructInit                         0x08003d3b   Thumb Code    18  stm32f10x_tim.o(.text)
    TIM_BDTRStructInit                       0x08003d4d   Thumb Code    40  stm32f10x_tim.o(.text)
    TIM_Cmd                                  0x08003d75   Thumb Code    24  stm32f10x_tim.o(.text)
    TIM_CtrlPWMOutputs                       0x08003d8d   Thumb Code    30  stm32f10x_tim.o(.text)
    TIM_ITConfig                             0x08003dab   Thumb Code    18  stm32f10x_tim.o(.text)
    TIM_GenerateEvent                        0x08003dbd   Thumb Code     4  stm32f10x_tim.o(.text)
    TIM_DMAConfig                            0x08003dc1   Thumb Code    10  stm32f10x_tim.o(.text)
    TIM_DMACmd                               0x08003dcb   Thumb Code    18  stm32f10x_tim.o(.text)
    TIM_InternalClockConfig                  0x08003ddd   Thumb Code    12  stm32f10x_tim.o(.text)
    TIM_SelectInputTrigger                   0x08003de9   Thumb Code    18  stm32f10x_tim.o(.text)
    TIM_ITRxExternalClockConfig              0x08003dfb   Thumb Code    24  stm32f10x_tim.o(.text)
    TIM_TIxExternalClockConfig               0x08003e13   Thumb Code    62  stm32f10x_tim.o(.text)
    TIM_ETRConfig                            0x08003e51   Thumb Code    28  stm32f10x_tim.o(.text)
    TIM_ETRClockMode1Config                  0x08003e6d   Thumb Code    54  stm32f10x_tim.o(.text)
    TIM_ETRClockMode2Config                  0x08003ea3   Thumb Code    32  stm32f10x_tim.o(.text)
    TIM_PrescalerConfig                      0x08003ec3   Thumb Code     6  stm32f10x_tim.o(.text)
    TIM_CounterModeConfig                    0x08003ec9   Thumb Code    18  stm32f10x_tim.o(.text)
    TIM_EncoderInterfaceConfig               0x08003edb   Thumb Code    66  stm32f10x_tim.o(.text)
    TIM_ForcedOC1Config                      0x08003f1d   Thumb Code    18  stm32f10x_tim.o(.text)
    TIM_ForcedOC2Config                      0x08003f2f   Thumb Code    26  stm32f10x_tim.o(.text)
    TIM_ForcedOC3Config                      0x08003f49   Thumb Code    18  stm32f10x_tim.o(.text)
    TIM_ForcedOC4Config                      0x08003f5b   Thumb Code    26  stm32f10x_tim.o(.text)
    TIM_ARRPreloadConfig                     0x08003f75   Thumb Code    24  stm32f10x_tim.o(.text)
    TIM_SelectCOM                            0x08003f8d   Thumb Code    24  stm32f10x_tim.o(.text)
    TIM_SelectCCDMA                          0x08003fa5   Thumb Code    24  stm32f10x_tim.o(.text)
    TIM_CCPreloadControl                     0x08003fbd   Thumb Code    24  stm32f10x_tim.o(.text)
    TIM_OC1PreloadConfig                     0x08003fd5   Thumb Code    18  stm32f10x_tim.o(.text)
    TIM_OC2PreloadConfig                     0x08003fe7   Thumb Code    26  stm32f10x_tim.o(.text)
    TIM_OC3PreloadConfig                     0x08004001   Thumb Code    18  stm32f10x_tim.o(.text)
    TIM_OC4PreloadConfig                     0x08004013   Thumb Code    26  stm32f10x_tim.o(.text)
    TIM_OC1FastConfig                        0x0800402d   Thumb Code    18  stm32f10x_tim.o(.text)
    TIM_OC2FastConfig                        0x0800403f   Thumb Code    26  stm32f10x_tim.o(.text)
    TIM_OC3FastConfig                        0x08004059   Thumb Code    18  stm32f10x_tim.o(.text)
    TIM_OC4FastConfig                        0x0800406b   Thumb Code    26  stm32f10x_tim.o(.text)
    TIM_ClearOC1Ref                          0x08004085   Thumb Code    18  stm32f10x_tim.o(.text)
    TIM_ClearOC2Ref                          0x08004097   Thumb Code    24  stm32f10x_tim.o(.text)
    TIM_ClearOC3Ref                          0x080040af   Thumb Code    18  stm32f10x_tim.o(.text)
    TIM_ClearOC4Ref                          0x080040c1   Thumb Code    24  stm32f10x_tim.o(.text)
    TIM_OC1PolarityConfig                    0x080040d9   Thumb Code    18  stm32f10x_tim.o(.text)
    TIM_OC1NPolarityConfig                   0x080040eb   Thumb Code    18  stm32f10x_tim.o(.text)
    TIM_OC2PolarityConfig                    0x080040fd   Thumb Code    26  stm32f10x_tim.o(.text)
    TIM_OC2NPolarityConfig                   0x08004117   Thumb Code    26  stm32f10x_tim.o(.text)
    TIM_OC3PolarityConfig                    0x08004131   Thumb Code    26  stm32f10x_tim.o(.text)
    TIM_OC3NPolarityConfig                   0x0800414b   Thumb Code    26  stm32f10x_tim.o(.text)
    TIM_OC4PolarityConfig                    0x08004165   Thumb Code    26  stm32f10x_tim.o(.text)
    TIM_CCxCmd                               0x0800417f   Thumb Code    30  stm32f10x_tim.o(.text)
    TIM_CCxNCmd                              0x0800419d   Thumb Code    30  stm32f10x_tim.o(.text)
    TIM_SelectOCxM                           0x080041bb   Thumb Code    82  stm32f10x_tim.o(.text)
    TIM_UpdateDisableConfig                  0x0800420d   Thumb Code    24  stm32f10x_tim.o(.text)
    TIM_UpdateRequestConfig                  0x08004225   Thumb Code    24  stm32f10x_tim.o(.text)
    TIM_SelectHallSensor                     0x0800423d   Thumb Code    24  stm32f10x_tim.o(.text)
    TIM_SelectOnePulseMode                   0x08004255   Thumb Code    18  stm32f10x_tim.o(.text)
    TIM_SelectOutputTrigger                  0x08004267   Thumb Code    18  stm32f10x_tim.o(.text)
    TIM_SelectSlaveMode                      0x08004279   Thumb Code    18  stm32f10x_tim.o(.text)
    TIM_SelectMasterSlaveMode                0x0800428b   Thumb Code    18  stm32f10x_tim.o(.text)
    TIM_SetCounter                           0x0800429d   Thumb Code     4  stm32f10x_tim.o(.text)
    TIM_SetAutoreload                        0x080042a1   Thumb Code     4  stm32f10x_tim.o(.text)
    TIM_SetCompare1                          0x080042a5   Thumb Code     4  stm32f10x_tim.o(.text)
    TIM_SetCompare2                          0x080042a9   Thumb Code     4  stm32f10x_tim.o(.text)
    TIM_SetCompare3                          0x080042ad   Thumb Code     4  stm32f10x_tim.o(.text)
    TIM_SetCompare4                          0x080042b1   Thumb Code     6  stm32f10x_tim.o(.text)
    TIM_SetClockDivision                     0x080042b7   Thumb Code    18  stm32f10x_tim.o(.text)
    TIM_GetCapture1                          0x080042c9   Thumb Code     6  stm32f10x_tim.o(.text)
    TIM_GetCapture2                          0x080042cf   Thumb Code     6  stm32f10x_tim.o(.text)
    TIM_GetCapture3                          0x080042d5   Thumb Code     6  stm32f10x_tim.o(.text)
    TIM_GetCapture4                          0x080042db   Thumb Code     8  stm32f10x_tim.o(.text)
    TIM_GetCounter                           0x080042e3   Thumb Code     6  stm32f10x_tim.o(.text)
    TIM_GetPrescaler                         0x080042e9   Thumb Code     6  stm32f10x_tim.o(.text)
    TIM_GetFlagStatus                        0x080042ef   Thumb Code    18  stm32f10x_tim.o(.text)
    TIM_ClearFlag                            0x08004301   Thumb Code     6  stm32f10x_tim.o(.text)
    TIM_GetITStatus                          0x08004307   Thumb Code    34  stm32f10x_tim.o(.text)
    TIM_ClearITPendingBit                    0x08004329   Thumb Code     6  stm32f10x_tim.o(.text)
    USART_DeInit                             0x08004331   Thumb Code   134  stm32f10x_usart.o(.text)
    USART_Init                               0x080043b7   Thumb Code   210  stm32f10x_usart.o(.text)
    USART_StructInit                         0x08004489   Thumb Code    24  stm32f10x_usart.o(.text)
    USART_ClockInit                          0x080044a1   Thumb Code    34  stm32f10x_usart.o(.text)
    USART_ClockStructInit                    0x080044c3   Thumb Code    12  stm32f10x_usart.o(.text)
    USART_Cmd                                0x080044cf   Thumb Code    24  stm32f10x_usart.o(.text)
    USART_ITConfig                           0x080044e7   Thumb Code    74  stm32f10x_usart.o(.text)
    USART_DMACmd                             0x08004531   Thumb Code    18  stm32f10x_usart.o(.text)
    USART_SetAddress                         0x08004543   Thumb Code    18  stm32f10x_usart.o(.text)
    USART_WakeUpConfig                       0x08004555   Thumb Code    18  stm32f10x_usart.o(.text)
    USART_ReceiverWakeUpCmd                  0x08004567   Thumb Code    24  stm32f10x_usart.o(.text)
    USART_LINBreakDetectLengthConfig         0x0800457f   Thumb Code    18  stm32f10x_usart.o(.text)
    USART_LINCmd                             0x08004591   Thumb Code    24  stm32f10x_usart.o(.text)
    USART_SendData                           0x080045a9   Thumb Code     8  stm32f10x_usart.o(.text)
    USART_ReceiveData                        0x080045b1   Thumb Code    10  stm32f10x_usart.o(.text)
    USART_SendBreak                          0x080045bb   Thumb Code    10  stm32f10x_usart.o(.text)
    USART_SetGuardTime                       0x080045c5   Thumb Code    16  stm32f10x_usart.o(.text)
    USART_SetPrescaler                       0x080045d5   Thumb Code    16  stm32f10x_usart.o(.text)
    USART_SmartCardCmd                       0x080045e5   Thumb Code    24  stm32f10x_usart.o(.text)
    USART_SmartCardNACKCmd                   0x080045fd   Thumb Code    24  stm32f10x_usart.o(.text)
    USART_HalfDuplexCmd                      0x08004615   Thumb Code    24  stm32f10x_usart.o(.text)
    USART_OverSampling8Cmd                   0x0800462d   Thumb Code    22  stm32f10x_usart.o(.text)
    USART_OneBitMethodCmd                    0x08004643   Thumb Code    24  stm32f10x_usart.o(.text)
    USART_IrDAConfig                         0x0800465b   Thumb Code    18  stm32f10x_usart.o(.text)
    USART_IrDACmd                            0x0800466d   Thumb Code    24  stm32f10x_usart.o(.text)
    USART_GetFlagStatus                      0x08004685   Thumb Code    26  stm32f10x_usart.o(.text)
    USART_ClearFlag                          0x0800469f   Thumb Code    18  stm32f10x_usart.o(.text)
    USART_GetITStatus                        0x080046b1   Thumb Code    84  stm32f10x_usart.o(.text)
    USART_ClearITPendingBit                  0x08004705   Thumb Code    52  stm32f10x_usart.o(.text)
    PWR_DeInit                               0x08004739   Thumb Code    22  stm32f10x_pwr.o(.text)
    PWR_BackupAccessCmd                      0x0800474f   Thumb Code     6  stm32f10x_pwr.o(.text)
    PWR_PVDCmd                               0x08004755   Thumb Code     6  stm32f10x_pwr.o(.text)
    PWR_PVDLevelConfig                       0x0800475b   Thumb Code    18  stm32f10x_pwr.o(.text)
    PWR_WakeUpPinCmd                         0x0800476d   Thumb Code     6  stm32f10x_pwr.o(.text)
    PWR_EnterSTOPMode                        0x08004773   Thumb Code    54  stm32f10x_pwr.o(.text)
    PWR_EnterSTANDBYMode                     0x080047a9   Thumb Code    42  stm32f10x_pwr.o(.text)
    PWR_GetFlagStatus                        0x080047d3   Thumb Code    20  stm32f10x_pwr.o(.text)
    PWR_ClearFlag                            0x080047e7   Thumb Code    14  stm32f10x_pwr.o(.text)
    EXTI_DeInit                              0x08004805   Thumb Code    28  stm32f10x_exti.o(.text)
    EXTI_Init                                0x08004821   Thumb Code   142  stm32f10x_exti.o(.text)
    EXTI_StructInit                          0x080048af   Thumb Code    16  stm32f10x_exti.o(.text)
    EXTI_GenerateSWInterrupt                 0x080048bf   Thumb Code    16  stm32f10x_exti.o(.text)
    EXTI_GetFlagStatus                       0x080048cf   Thumb Code    22  stm32f10x_exti.o(.text)
    EXTI_ClearFlag                           0x080048e5   Thumb Code     8  stm32f10x_exti.o(.text)
    EXTI_GetITStatus                         0x080048ed   Thumb Code    34  stm32f10x_exti.o(.text)
    EXTI_ClearITPendingBit                   0x0800490f   Thumb Code     8  stm32f10x_exti.o(.text)
    RTC_ITConfig                             0x08004921   Thumb Code    26  stm32f10x_rtc.o(.text)
    RTC_EnterConfigMode                      0x0800493b   Thumb Code    18  stm32f10x_rtc.o(.text)
    RTC_ExitConfigMode                       0x0800494d   Thumb Code    20  stm32f10x_rtc.o(.text)
    RTC_GetCounter                           0x08004961   Thumb Code    18  stm32f10x_rtc.o(.text)
    RTC_SetCounter                           0x08004973   Thumb Code    26  stm32f10x_rtc.o(.text)
    RTC_SetPrescaler                         0x0800498d   Thumb Code    28  stm32f10x_rtc.o(.text)
    RTC_SetAlarm                             0x080049a9   Thumb Code    26  stm32f10x_rtc.o(.text)
    RTC_GetDivider                           0x080049c3   Thumb Code    22  stm32f10x_rtc.o(.text)
    RTC_WaitForLastTask                      0x080049d9   Thumb Code    16  stm32f10x_rtc.o(.text)
    RTC_WaitForSynchro                       0x080049e9   Thumb Code    34  stm32f10x_rtc.o(.text)
    RTC_GetFlagStatus                        0x08004a0b   Thumb Code    22  stm32f10x_rtc.o(.text)
    RTC_ClearFlag                            0x08004a21   Thumb Code    16  stm32f10x_rtc.o(.text)
    RTC_GetITStatus                          0x08004a31   Thumb Code    32  stm32f10x_rtc.o(.text)
    RTC_ClearITPendingBit                    0x08004a51   Thumb Code    16  stm32f10x_rtc.o(.text)
    SystemInit                               0x08004b41   Thumb Code    78  system_stm32f10x.o(.text)
    SystemCoreClockUpdate                    0x08004b8f   Thumb Code   142  system_stm32f10x.o(.text)
    Reset_Handler                            0x08004c41   Thumb Code     8  startup_stm32f10x_md.o(.text)
    ADC1_2_IRQHandler                        0x08004c5b   Thumb Code     0  startup_stm32f10x_md.o(.text)
    CAN1_RX1_IRQHandler                      0x08004c5b   Thumb Code     0  startup_stm32f10x_md.o(.text)
    CAN1_SCE_IRQHandler                      0x08004c5b   Thumb Code     0  startup_stm32f10x_md.o(.text)
    DMA1_Channel2_IRQHandler                 0x08004c5b   Thumb Code     0  startup_stm32f10x_md.o(.text)
    DMA1_Channel3_IRQHandler                 0x08004c5b   Thumb Code     0  startup_stm32f10x_md.o(.text)
    DMA1_Channel4_IRQHandler                 0x08004c5b   Thumb Code     0  startup_stm32f10x_md.o(.text)
    DMA1_Channel5_IRQHandler                 0x08004c5b   Thumb Code     0  startup_stm32f10x_md.o(.text)
    DMA1_Channel6_IRQHandler                 0x08004c5b   Thumb Code     0  startup_stm32f10x_md.o(.text)
    DMA1_Channel7_IRQHandler                 0x08004c5b   Thumb Code     0  startup_stm32f10x_md.o(.text)
    EXTI15_10_IRQHandler                     0x08004c5b   Thumb Code     0  startup_stm32f10x_md.o(.text)
    EXTI1_IRQHandler                         0x08004c5b   Thumb Code     0  startup_stm32f10x_md.o(.text)
    EXTI2_IRQHandler                         0x08004c5b   Thumb Code     0  startup_stm32f10x_md.o(.text)
    EXTI3_IRQHandler                         0x08004c5b   Thumb Code     0  startup_stm32f10x_md.o(.text)
    EXTI4_IRQHandler                         0x08004c5b   Thumb Code     0  startup_stm32f10x_md.o(.text)
    EXTI9_5_IRQHandler                       0x08004c5b   Thumb Code     0  startup_stm32f10x_md.o(.text)
    FLASH_IRQHandler                         0x08004c5b   Thumb Code     0  startup_stm32f10x_md.o(.text)
    I2C1_ER_IRQHandler                       0x08004c5b   Thumb Code     0  startup_stm32f10x_md.o(.text)
    I2C1_EV_IRQHandler                       0x08004c5b   Thumb Code     0  startup_stm32f10x_md.o(.text)
    I2C2_ER_IRQHandler                       0x08004c5b   Thumb Code     0  startup_stm32f10x_md.o(.text)
    I2C2_EV_IRQHandler                       0x08004c5b   Thumb Code     0  startup_stm32f10x_md.o(.text)
    PVD_IRQHandler                           0x08004c5b   Thumb Code     0  startup_stm32f10x_md.o(.text)
    RCC_IRQHandler                           0x08004c5b   Thumb Code     0  startup_stm32f10x_md.o(.text)
    RTC_IRQHandler                           0x08004c5b   Thumb Code     0  startup_stm32f10x_md.o(.text)
    SPI1_IRQHandler                          0x08004c5b   Thumb Code     0  startup_stm32f10x_md.o(.text)
    SPI2_IRQHandler                          0x08004c5b   Thumb Code     0  startup_stm32f10x_md.o(.text)
    TAMPER_IRQHandler                        0x08004c5b   Thumb Code     0  startup_stm32f10x_md.o(.text)
    TIM1_BRK_IRQHandler                      0x08004c5b   Thumb Code     0  startup_stm32f10x_md.o(.text)
    TIM1_CC_IRQHandler                       0x08004c5b   Thumb Code     0  startup_stm32f10x_md.o(.text)
    TIM1_TRG_COM_IRQHandler                  0x08004c5b   Thumb Code     0  startup_stm32f10x_md.o(.text)
    TIM1_UP_IRQHandler                       0x08004c5b   Thumb Code     0  startup_stm32f10x_md.o(.text)
    USBWakeUp_IRQHandler                     0x08004c5b   Thumb Code     0  startup_stm32f10x_md.o(.text)
    USB_HP_CAN1_TX_IRQHandler                0x08004c5b   Thumb Code     0  startup_stm32f10x_md.o(.text)
    USB_LP_CAN1_RX0_IRQHandler               0x08004c5b   Thumb Code     0  startup_stm32f10x_md.o(.text)
    WWDG_IRQHandler                          0x08004c5b   Thumb Code     0  startup_stm32f10x_md.o(.text)
    __cpp_initialize__aeabi_                 0x08004c65   Thumb Code    22  cpp_init.o(.text)
    __default_new_handler()                  0x08004c85   Thumb Code     4  arm_newhandler_noexceptions.o(.text)
    __rt_new_handler_addr                    0x08004c89   Thumb Code     4  cpp_memory.o(.text)
    __aeabi_unwind_cpp_pr0                   0x08004c91   Thumb Code     4  cpp_unwinder.o(.text)
    __aeabi_unwind_cpp_pr1                   0x08004c95   Thumb Code     4  cpp_unwinder.o(.text)
    _Unwind_DeleteException                  0x08004c99   Thumb Code     2  cpp_unwinder.o(.text)
    _Unwind_Activity                         0x08004c9b   Thumb Code     2  cpp_unwinder.o(.text)
    _Unwind_RaiseException                   0x08004c9d   Thumb Code     4  cpp_unwinder.o(.text)
    __rt_eh_globals_addr                     0x08004ca1   Thumb Code    10  cpp_unwinder.o(.text)
    std::terminate()                         0x08004cb1   Thumb Code    26  arm_exceptions_terminate.o(.text)
    __scatterload                            0x08004ccd   Thumb Code    28  init.o(.text)
    __scatterload_rt2                        0x08004ccd   Thumb Code     0  init.o(.text)
    __cxa_get_globals                        0x08004cf7   Thumb Code    62  arm_exceptions_globs.o(.text)
    __ARM_exceptions_buffer_init             0x08004d41   Thumb Code    18  arm_exceptions_mem.o(.text)
    __ARM_exceptions_buffer_allocate         0x08004d53   Thumb Code    22  arm_exceptions_mem.o(.text)
    __ARM_exceptions_buffer_free             0x08004d69   Thumb Code    20  arm_exceptions_mem.o(.text)
    __decompress                             0x08004d7d   Thumb Code     0  __dclz77c.o(.text)
    __decompress2                            0x08004d7d   Thumb Code    96  __dclz77c.o(.text)
    ChainNode::ChainNode(unsigned char, ChainNode*, ChainNode*) 0x08004ddd   Thumb Code     8  datachain.o(i._ZN9ChainNodeC1EhPS_S0_)
    ChainNode::ChainNode__sub_object(unsigned char, ChainNode*, ChainNode*) 0x08004ddd   Thumb Code     0  datachain.o(i._ZN9ChainNodeC1EhPS_S0_)
    operator delete[] (void*)                0x08004de5   Thumb Code     8  array_del.o(i._ZdaPv)
    operator delete (void*)                  0x08004ded   Thumb Code     8  delete.o(i._ZdlPv)
    operator new[] (unsigned)                0x08004df5   Thumb Code     8  array_new.o(i._Znaj)
    operator new(unsigned)                   0x08004dfd   Thumb Code    34  new.o(i._Znwj)
    __scatterload_copy                       0x08004e25   Thumb Code    14  handlers.o(i.__scatterload_copy)
    __scatterload_null                       0x08004e33   Thumb Code     2  handlers.o(i.__scatterload_null)
    __scatterload_zeroinit                   0x08004e35   Thumb Code    14  handlers.o(i.__scatterload_zeroinit)
    free                                     0x08004e45   Thumb Code    76  malloc.o(i.free)
    malloc                                   0x08004e95   Thumb Code    92  malloc.o(i.malloc)
    F6x8                                     0x08004f0f   Data         552  oled.o(.constdata)
    F8X16                                    0x08005137   Data        1520  oled.o(.constdata)
    vtable for TerminalControl               0x08005728   Data          16  terminalcontrol.o(.constdata__ZTV15TerminalControl)
    Region$$Table$$Base                      0x08005738   Number         0  anon$$obj.o(Region$$Table)
    Region$$Table$$Limit                     0x08005758   Number         0  anon$$obj.o(Region$$Table)
    SHT$$INIT_ARRAY$$Base                    0x08005758   Number         0  serialport.o(.init_array)
    SHT$$INIT_ARRAY$$Limit                   0x0800575c   Number         0  serialport.o(.init_array)
    process                                  0x20000000   Data           4  main.o(.data)
    ledSys                                   0x20000004   Data           4  main.o(.data)
    HSEStartUpStatus                         0x20000008   Data           1  main.o(.data)
    BMP1                                     0x2000000c   Data        1024  process.o(.data)
    POWER_100                                0x2000040c   Data          17  process.o(.data)
    POWER_80                                 0x2000041d   Data          17  process.o(.data)
    POWER_60                                 0x2000042e   Data          17  process.o(.data)
    POWER_40                                 0x2000043f   Data          17  process.o(.data)
    POWER_20                                 0x20000450   Data          17  process.o(.data)
    pinPointControl                          0x20000461   Data          10  process.o(.data)
    approachControl                          0x2000046b   Data          10  process.o(.data)
    shock                                    0x20000475   Data           6  process.o(.data)
    alarm                                    0x2000047b   Data           6  process.o(.data)
    noAction                                 0x20000481   Data           6  process.o(.data)
    Hzk                                      0x200004a4   Data         896  oled.o(.data)
    eFoot                                    0x20000824   Data         640  oled.o(.data)
    AD_Filter                                0x20000aa8   Data           2  stm32_adc.o(.data)
    SystemCoreClock                          0x20000ac0   Data           4  system_stm32f10x.o(.data)
    AHBPrescTable                            0x20000ac4   Data          16  system_stm32f10x.o(.data)
    __microlib_freelist                      0x20000ae0   Data           4  mvars.o(.data)
    __microlib_freelist_initialised          0x20000ae4   Data           4  mvars.o(.data)
    USART_data_1                             0x20000ae8   Data          84  serialport.o(.bss)
    USART_data_2                             0x20000b3c   Data          84  serialport.o(.bss)
    USART_data_3                             0x20000b90   Data          84  serialport.o(.bss)
    USART_data_4                             0x20000be4   Data          84  serialport.o(.bss)
    USART_data_5                             0x20000c38   Data          84  serialport.o(.bss)
    USART_data_6                             0x20000c8c   Data          84  serialport.o(.bss)
    AD_Cache                                 0x20000ce0   Data          20  stm32_adc.o(.bss)
    __heap_base                              0x20000cf8   Data           0  startup_stm32f10x_md.o(HEAP)
    __heap_limit                             0x20001cf8   Data           0  startup_stm32f10x_md.o(HEAP)
    __initial_sp                             0x200022f8   Data           0  startup_stm32f10x_md.o(STACK)



==============================================================================

Memory Map of the image

  Image Entry point : 0x080000ed

  Load Region LR_IROM1 (Base: 0x08000000, Size: 0x00006244, Max: 0x00020000, ABSOLUTE, COMPRESSED[0x00005b28])

    Execution Region ER_IROM1 (Base: 0x08000000, Size: 0x0000575c, Max: 0x00020000, ABSOLUTE)

    Base Addr    Size         Type   Attr      Idx    E Section Name        Object

    0x08000000   0x000000ec   Data   RO          846    RESET               startup_stm32f10x_md.o
    0x080000ec   0x00000000   Code   RO          965  * .ARM.Collect$$$$00000000  mc_w.l(entry.o)
    0x080000ec   0x00000004   Code   RO          999    .ARM.Collect$$$$00000001  mc_w.l(entry2.o)
    0x080000f0   0x00000004   Code   RO         1002    .ARM.Collect$$$$00000004  mc_w.l(entry5.o)
    0x080000f4   0x00000000   Code   RO         1004    .ARM.Collect$$$$00000008  mc_w.l(entry7b.o)
    0x080000f4   0x00000004   Code   RO         1005    .ARM.Collect$$$$00000009  mc_w.l(entry8a.o)
    0x080000f8   0x00000000   Code   RO         1006    .ARM.Collect$$$$0000000A  mc_w.l(entry8b.o)
    0x080000f8   0x00000008   Code   RO         1007    .ARM.Collect$$$$0000000B  mc_w.l(entry9a.o)
    0x08000100   0x00000000   Code   RO         1009    .ARM.Collect$$$$0000000D  mc_w.l(entry10a.o)
    0x08000100   0x00000000   Code   RO         1011    .ARM.Collect$$$$0000000F  mc_w.l(entry11a.o)
    0x08000100   0x00000004   Code   RO         1000    .ARM.Collect$$$$00002712  mc_w.l(entry2.o)
    0x08000104   0x00000474   Code   RO            3    .text               main.o
    0x08000578   0x00000b04   Code   RO          170    .text               process.o
    0x0800107c   0x00000650   Code   RO          200    .text               oled.o
    0x080016cc   0x00000198   Code   RO          352    .text               terminalcontrol.o
    0x08001864   0x000000ca   Code   RO          376    .text               datachain.o
    0x0800192e   0x00000002   PAD
    0x08001930   0x000000b4   Code   RO          409    .text               ioout.o
    0x080019e4   0x00000084   Code   RO          429    .text               key.o
    0x08001a68   0x000005d8   Code   RO          449    .text               serialport.o
    0x08002040   0x00000250   Code   RO          474    .text               timer.o
    0x08002290   0x0000009a   Code   RO          492    .text               sqstack.o
    0x0800232a   0x00000002   PAD
    0x0800232c   0x000000fc   Code   RO          506    .text               stm32_systick.o
    0x08002428   0x00000198   Code   RO          531    .text               stm32_adc.o
    0x080025c0   0x0000002e   Code   RO          561    .text               stm32_priority.o
    0x080025ee   0x00000002   PAD
    0x080025f0   0x000000ac   Code   RO          584    .text               stm32_gpio.o
    0x0800269c   0x000000dc   Code   RO          604    .text               misc.o
    0x08002778   0x0000044e   Code   RO          624    .text               stm32f10x_adc.o
    0x08002bc6   0x00000002   PAD
    0x08002bc8   0x00000250   Code   RO          658    .text               stm32f10x_dma.o
    0x08002e18   0x00000358   Code   RO          678    .text               stm32f10x_gpio.o
    0x08003170   0x000003a4   Code   RO          698    .text               stm32f10x_rcc.o
    0x08003514   0x00000e1a   Code   RO          720    .text               stm32f10x_tim.o
    0x0800432e   0x00000002   PAD
    0x08004330   0x00000408   Code   RO          740    .text               stm32f10x_usart.o
    0x08004738   0x000000cc   Code   RO          760    .text               stm32f10x_pwr.o
    0x08004804   0x0000011c   Code   RO          780    .text               stm32f10x_exti.o
    0x08004920   0x00000144   Code   RO          800    .text               stm32f10x_rtc.o
    0x08004a64   0x000001dc   Code   RO          820    .text               system_stm32f10x.o
    0x08004c40   0x00000024   Code   RO          847    .text               startup_stm32f10x_md.o
    0x08004c64   0x00000020   Code   RO          971    .text               mc_w.l(cpp_init.o)
    0x08004c84   0x00000004   Code   RO          976    .text               cpprt_w.l(arm_newhandler_noexceptions.o)
    0x08004c88   0x00000008   Code   RO         1041    .text               mc_w.l(cpp_memory.o)
    0x08004c90   0x00000020   Code   RO         1044    .text               mc_w.l(cpp_unwinder.o)
    0x08004cb0   0x0000001a   Code   RO         1047    .text               cpprt_w.l(arm_exceptions_terminate.o)
    0x08004cca   0x00000002   PAD
    0x08004ccc   0x00000024   Code   RO         1063    .text               mc_w.l(init.o)
    0x08004cf0   0x00000050   Code   RO         1071    .text               cpprt_w.l(arm_exceptions_globs.o)
    0x08004d40   0x0000003c   Code   RO         1079    .text               cpprt_w.l(arm_exceptions_mem.o)
    0x08004d7c   0x00000060   Code   RO         1090    .text               mc_w.l(__dclz77c.o)
    0x08004ddc   0x00000008   Code   RO          391    i._ZN9ChainNodeC1EhPS_S0_  datachain.o
    0x08004de4   0x00000008   Code   RO          851    i._ZdaPv            cpprt_w.l(array_del.o)
    0x08004dec   0x00000008   Code   RO          858    i._ZdlPv            cpprt_w.l(delete.o)
    0x08004df4   0x00000008   Code   RO          854    i._Znaj             cpprt_w.l(array_new.o)
    0x08004dfc   0x00000028   Code   RO          861    i._Znwj             cpprt_w.l(new.o)
    0x08004e24   0x0000000e   Code   RO         1084    i.__scatterload_copy  mc_w.l(handlers.o)
    0x08004e32   0x00000002   Code   RO         1085    i.__scatterload_null  mc_w.l(handlers.o)
    0x08004e34   0x0000000e   Code   RO         1086    i.__scatterload_zeroinit  mc_w.l(handlers.o)
    0x08004e42   0x00000002   PAD
    0x08004e44   0x00000050   Code   RO         1013    i.free              mc_w.l(malloc.o)
    0x08004e94   0x0000006c   Code   RO         1014    i.malloc            mc_w.l(malloc.o)
    0x08004f00   0x0000000f   Data   RO          172    .constdata          process.o
    0x08004f0f   0x00000818   Data   RO          201    .constdata          oled.o
    0x08005727   0x00000001   PAD
    0x08005728   0x00000010   Data   RO          368    .constdata__ZTV15TerminalControl  terminalcontrol.o
    0x08005738   0x00000020   Data   RO         1082    Region$$Table       anon$$obj.o
    0x08005758   0x00000004   Data   RO          452    .init_array         serialport.o


    Execution Region RW_IRAM1 (Base: 0x20000000, Size: 0x000022f8, Max: 0x00005000, ABSOLUTE, COMPRESSED[0x000003cc])

    Base Addr    Size         Type   Attr      Idx    E Section Name        Object

    0x20000000   0x00000009   Data   RW            5    .data               main.o
    0x20000009   0x00000003   PAD
    0x2000000c   0x00000498   Data   RW          173    .data               process.o
    0x200004a4   0x00000600   Data   RW          202    .data               oled.o
    0x20000aa4   0x00000004   Data   RW          507    .data               stm32_systick.o
    0x20000aa8   0x00000002   Data   RW          533    .data               stm32_adc.o
    0x20000aaa   0x00000014   Data   RW          699    .data               stm32f10x_rcc.o
    0x20000abe   0x00000002   PAD
    0x20000ac0   0x00000014   Data   RW          821    .data               system_stm32f10x.o
    0x20000ad4   0x00000004   Data   RW         1042    .data               mc_w.l(cpp_memory.o)
    0x20000ad8   0x00000008   Data   RW         1045    .data               mc_w.l(cpp_unwinder.o)
    0x20000ae0   0x00000004   Data   RW         1069    .data               mc_w.l(mvars.o)
    0x20000ae4   0x00000004   Data   RW         1070    .data               mc_w.l(mvars.o)
    0x20000ae8   0x000001f8   Zero   RW          451    .bss                serialport.o
    0x20000ce0   0x00000014   Zero   RW          532    .bss                stm32_adc.o
    0x20000cf4   0x00000004   PAD
    0x20000cf8   0x00001000   Zero   RW          845    HEAP                startup_stm32f10x_md.o
    0x20001cf8   0x00000600   Zero   RW          844    STACK               startup_stm32f10x_md.o


==============================================================================

Image component sizes


      Code (inc. data)   RO Data    RW Data    ZI Data      Debug   Object Name

       210          0          0          0          0       3304   datachain.o
       180          4          0          0          0       1692   ioout.o
       132          0          0          0          0       1460   key.o
      1140         40          0          9          0     261963   main.o
       220         20          0          0          0       1797   misc.o
      1616         34       2072       1536          0     280567   oled.o
      2820         80         15       1176          0       7110   process.o
      1496        114          4          0        504       8446   serialport.o
       154          0          0          0          0       1868   sqstack.o
        36          8        236          0       5632        780   startup_stm32f10x_md.o
       408         20          0          2         20       2118   stm32_adc.o
       172         30          0          0          0       1084   stm32_gpio.o
        46          0          0          0          0        832   stm32_priority.o
       252         16          0          4          0       1323   stm32_systick.o
      1102         26          0          0          0      10829   stm32f10x_adc.o
       592          8          0          0          0       4326   stm32f10x_dma.o
       284         10          0          0          0       2227   stm32f10x_exti.o
       856         40          0          0          0       5641   stm32f10x_gpio.o
       204         16          0          0          0       1915   stm32f10x_pwr.o
       932         44          0         20          0       8808   stm32f10x_rcc.o
       324          4          0          0          0       2666   stm32f10x_rtc.o
      3610         88          0          0          0      22124   stm32f10x_tim.o
      1032         22          0          0          0       8368   stm32f10x_usart.o
       476         36          0         20          0       1847   system_stm32f10x.o
       408          6         16          0          0       2928   terminalcontrol.o
       592         36          0          0          0       3024   timer.o

    ----------------------------------------------------------------------
     19304        702       2376       2772       6160     649047   Object Totals
         0          0         32          0          0          0   (incl. Generated)
        10          0          1          5          4          0   (incl. Padding)

    ----------------------------------------------------------------------

      Code (inc. data)   RO Data    RW Data    ZI Data      Debug   Library Member Name

        80         12          0          0          0        104   arm_exceptions_globs.o
        60          0          0          0          0        108   arm_exceptions_mem.o
        26          0          0          0          0         76   arm_exceptions_terminate.o
         4          0          0          0          0         68   arm_newhandler_noexceptions.o
         8          0          0          0          0         76   array_del.o
         8          0          0          0          0         76   array_new.o
         8          0          0          0          0         76   delete.o
        40          6          0          0          0         76   new.o
        96          0          0          0          0          0   __dclz77c.o
        32         10          0          0          0         80   cpp_init.o
         8          4          0          4          0         68   cpp_memory.o
        32          6          0          8          0        252   cpp_unwinder.o
         0          0          0          0          0          0   entry.o
         0          0          0          0          0          0   entry10a.o
         0          0          0          0          0          0   entry11a.o
         8          4          0          0          0          0   entry2.o
         4          0          0          0          0          0   entry5.o
         0          0          0          0          0          0   entry7b.o
         4          0          0          0          0          0   entry8a.o
         0          0          0          0          0          0   entry8b.o
         8          4          0          0          0          0   entry9a.o
        30          0          0          0          0          0   handlers.o
        36          8          0          0          0         68   init.o
       188         20          0          0          0        160   malloc.o
         0          0          0          8          0          0   mvars.o

    ----------------------------------------------------------------------
       684         74          0         20          0       1288   Library Totals
         4          0          0          0          0          0   (incl. Padding)

    ----------------------------------------------------------------------

      Code (inc. data)   RO Data    RW Data    ZI Data      Debug   Library Name

       234         18          0          0          0        660   cpprt_w.l
       446         56          0         20          0        628   mc_w.l

    ----------------------------------------------------------------------
       684         74          0         20          0       1288   Library Totals

    ----------------------------------------------------------------------

==============================================================================


      Code (inc. data)   RO Data    RW Data    ZI Data      Debug   

     19988        776       2376       2792       6160     646903   Grand Totals
     19988        776       2376        972       6160     646903   ELF Image Totals (compressed)
     19988        776       2376        972          0          0   ROM Totals

==============================================================================

    Total RO  Size (Code + RO Data)                22364 (  21.84kB)
    Total RW  Size (RW Data + ZI Data)              8952 (   8.74kB)
    Total ROM Size (Code + RO Data + RW Data)      23336 (  22.79kB)

==============================================================================

