ARM Linker, 5.03 [Build 24] [MDK-ARM Standard]

==============================================================================

Section Cross References

    main.o(.text) refers to stm32f10x_rcc.o(.text) for RCC_DeInit
    main.o(.text) refers to stm32f10x_gpio.o(.text) for GPIO_Init
    main.o(.text) refers to stm32f10x_exti.o(.text) for EXTI_Init
    main.o(.text) refers to stm32f10x_pwr.o(.text) for PWR_BackupAccessCmd
    main.o(.text) refers to stm32f10x_rtc.o(.text) for RTC_WaitForSynchro
    main.o(.text) refers to misc.o(.text) for NVIC_SetVectorTable
    main.o(.text) refers to stm32_systick.o(.text) for SysTick_Init
    main.o(.text) refers to new.o(i._Znwj) for operator new(unsigned)
    main.o(.text) refers to process.o(.text) for Process::Process()
    main.o(.text) refers to timer.o(.text) for Timer::getITStatus(TIM_TypeDef*)
    main.o(.text) refers to ioout.o(.text) for IoOut::setOff()
    main.o(.text) refers to main.o(.data) for HSEStartUpStatus
    main.o(.ARM.exidx) refers to main.o(.text) for .text
    process.o(.text) refers to new.o(i._Znwj) for operator new(unsigned)
    process.o(.text) refers to timer.o(.text) for Timer::Timer(TIM_TypeDef*, int)
    process.o(.text) refers to serialport.o(.text) for SerialPort::SerialPort(int, int)
    process.o(.text) refers to terminalcontrol.o(.text) for TerminalControl::TerminalControl(SerialPort*)
    process.o(.text) refers to stm32_adc.o(.text) for ADC1_DMA_Init
    process.o(.text) refers to ioout.o(.text) for IoOut::IoOut(GPIO_TypeDef*, unsigned short, bool)
    process.o(.text) refers to stm32f10x_rcc.o(.text) for RCC_APB2PeriphClockCmd
    process.o(.text) refers to stm32f10x_gpio.o(.text) for GPIO_PinRemapConfig
    process.o(.text) refers to stm32_systick.o(.text) for SysTick_DelayMs
    process.o(.text) refers to stm32_adc.o(.data) for AD_Filter
    process.o(.text) refers to process.o(.data) for lastMode
    process.o(.ARM.exidx) refers to process.o(.text) for .text
    terminalcontrol.o(.text) refers to new.o(i._Znwj) for operator new(unsigned)
    terminalcontrol.o(.text) refers to datachain.o(.text) for RingChain::RingChain(int)
    terminalcontrol.o(.text) refers to array_new.o(i._Znaj) for operator new[] (unsigned)
    terminalcontrol.o(.text) refers to delete.o(i._ZdlPv) for operator delete (void*)
    terminalcontrol.o(.text) refers to array_del.o(i._ZdaPv) for operator delete[] (void*)
    terminalcontrol.o(.text) refers to serialport.o(.text) for SerialPort::write(unsigned char*, unsigned char)
    terminalcontrol.o(.text) refers to terminalcontrol.o(.constdata__ZTV15TerminalControl) for vtable for TerminalControl
    terminalcontrol.o(.ARM.exidx) refers to terminalcontrol.o(.text) for .text
    datachain.o(.text) refers to new.o(i._Znwj) for operator new(unsigned)
    datachain.o(.text) refers to datachain.o(i._ZN9ChainNodeC1EhPS_S0_) for ChainNode::ChainNode(unsigned char, ChainNode*, ChainNode*)
    datachain.o(.text) refers to delete.o(i._ZdlPv) for operator delete (void*)
    datachain.o(.ARM.exidx) refers to datachain.o(.text) for .text
    ioout.o(.text) refers to stm32f10x_gpio.o(.text) for GPIO_ResetBits
    ioout.o(.text) refers to stm32_gpio.o(.text) for STM32_GpioOneInit
    ioout.o(.ARM.exidx) refers to ioout.o(.text) for .text
    key.o(.text) refers to stm32_gpio.o(.text) for STM32_GpioOneInit
    key.o(.text) refers to stm32f10x_gpio.o(.text) for GPIO_ReadInputDataBit
    key.o(.ARM.exidx) refers to key.o(.text) for .text
    serialport.o(.text) refers to stm32f10x_gpio.o(.text) for GPIO_ResetBits
    serialport.o(.text) refers to stm32f10x_usart.o(.text) for USART_GetITStatus
    serialport.o(.text) refers to stm32f10x_rcc.o(.text) for RCC_APB2PeriphClockCmd
    serialport.o(.text) refers to stm32_gpio.o(.text) for STM32_GpioOneInit
    serialport.o(.text) refers to stm32_priority.o(.text) for setIRQPriority
    serialport.o(.text) refers to serialport.o(.bss) for USART_data_1
    serialport.o(.ARM.exidx) refers to serialport.o(.text) for .text
    serialport.o(.init_array) refers to serialport.o(.text) for __sti___14_SerialPort_cpp
    serialport.o(.init_array) refers to cpp_init.o(.text) for __cpp_initialize__aeabi_
    timer.o(.text) refers to stm32f10x_tim.o(.text) for TIM_Cmd
    timer.o(.text) refers to stm32_priority.o(.text) for setIRQPriority
    timer.o(.text) refers to stm32f10x_rcc.o(.text) for RCC_APB1PeriphClockCmd
    timer.o(.text) refers to delete.o(i._ZdlPv) for operator delete (void*)
    timer.o(.ARM.exidx) refers to timer.o(.text) for .text
    stm32_systick.o(.text) refers to misc.o(.text) for SysTick_CLKSourceConfig
    stm32_systick.o(.text) refers to system_stm32f10x.o(.data) for SystemCoreClock
    stm32_systick.o(.text) refers to stm32_systick.o(.data) for fac_us
    stm32_adc.o(.text) refers to stm32f10x_rcc.o(.text) for RCC_ADCCLKConfig
    stm32_adc.o(.text) refers to stm32f10x_adc.o(.text) for ADC_Init
    stm32_adc.o(.text) refers to stm32f10x_dma.o(.text) for DMA_DeInit
[...]
    lib_rtti_impl.o(.constdata__ZTVN10__cxxabiv116__enum_type_infoE) refers to lib_rtti_impl.o(i._ZN10__cxxabiv116__enum_type_infoD0Ev) for __cxxabiv1::__enum_type_info::~__enum_type_info__deallocating()
    lib_rtti_impl.o(.constdata__ZTVN10__cxxabiv117__class_type_infoE) refers to lib_rtti_impl.o(.constdata__ZTIN10__cxxabiv117__class_type_infoE) for typeinfo for __cxxabiv1::__class_type_info
    lib_rtti_impl.o(.constdata__ZTVN10__cxxabiv117__class_type_infoE) refers to lib_rtti_impl.o(i._ZN10__cxxabiv117__class_type_infoD1Ev) for __cxxabiv1::__class_type_info::~__class_type_info()
    lib_rtti_impl.o(.constdata__ZTVN10__cxxabiv117__class_type_infoE) refers to lib_rtti_impl.o(i._ZN10__cxxabiv117__class_type_infoD0Ev) for __cxxabiv1::__class_type_info::~__class_type_info__deallocating()
    lib_rtti_impl.o(.constdata__ZTVN10__cxxabiv120__si_class_type_infoE) refers to lib_rtti_impl.o(.constdata__ZTIN10__cxxabiv120__si_class_type_infoE) for typeinfo for __cxxabiv1::__si_class_type_info
    lib_rtti_impl.o(.constdata__ZTVN10__cxxabiv120__si_class_type_infoE) refers to lib_rtti_impl.o(i._ZN10__cxxabiv120__si_class_type_infoD1Ev) for __cxxabiv1::__si_class_type_info::~__si_class_type_info()
    lib_rtti_impl.o(.constdata__ZTVN10__cxxabiv120__si_class_type_infoE) refers to lib_rtti_impl.o(i._ZN10__cxxabiv120__si_class_type_infoD0Ev) for __cxxabiv1::__si_class_type_info::~__si_class_type_info__deallocating()
    lib_rtti_impl.o(.constdata__ZTVN10__cxxabiv121__vmi_class_type_infoE) refers to lib_rtti_impl.o(.constdata__ZTIN10__cxxabiv121__vmi_class_type_infoE) for typeinfo for __cxxabiv1::__vmi_class_type_info
    lib_rtti_impl.o(.constdata__ZTVN10__cxxabiv121__vmi_class_type_infoE) refers to lib_rtti_impl.o(i._ZN10__cxxabiv121__vmi_class_type_infoD1Ev) for __cxxabiv1::__vmi_class_type_info::~__vmi_class_type_info()
    lib_rtti_impl.o(.constdata__ZTVN10__cxxabiv121__vmi_class_type_infoE) refers to lib_rtti_impl.o(i._ZN10__cxxabiv121__vmi_class_type_infoD0Ev) for __cxxabiv1::__vmi_class_type_info::~__vmi_class_type_info__deallocating()
    lib_rtti_impl.o(.constdata__ZTVN10__cxxabiv117__pbase_type_infoE) refers to lib_rtti_impl.o(.constdata__ZTIN10__cxxabiv117__pbase_type_infoE) for typeinfo for __cxxabiv1::__pbase_type_info
    lib_rtti_impl.o(.constdata__ZTVN10__cxxabiv117__pbase_type_infoE) refers to lib_rtti_impl.o(i._ZN10__cxxabiv117__pbase_type_infoD1Ev) for __cxxabiv1::__pbase_type_info::~__pbase_type_info()
    lib_rtti_impl.o(.constdata__ZTVN10__cxxabiv117__pbase_type_infoE) refers to lib_rtti_impl.o(i._ZN10__cxxabiv117__pbase_type_infoD0Ev) for __cxxabiv1::__pbase_type_info::~__pbase_type_info__deallocating()
    lib_rtti_impl.o(.constdata__ZTVN10__cxxabiv119__pointer_type_infoE) refers to lib_rtti_impl.o(.constdata__ZTIN10__cxxabiv119__pointer_type_infoE) for typeinfo for __cxxabiv1::__pointer_type_info
    lib_rtti_impl.o(.constdata__ZTVN10__cxxabiv119__pointer_type_infoE) refers to lib_rtti_impl.o(i._ZN10__cxxabiv119__pointer_type_infoD1Ev) for __cxxabiv1::__pointer_type_info::~__pointer_type_info()
    lib_rtti_impl.o(.constdata__ZTVN10__cxxabiv119__pointer_type_infoE) refers to lib_rtti_impl.o(i._ZN10__cxxabiv119__pointer_type_infoD0Ev) for __cxxabiv1::__pointer_type_info::~__pointer_type_info__deallocating()
    lib_rtti_impl.o(.constdata__ZTVN10__cxxabiv129__pointer_to_member_type_infoE) refers to lib_rtti_impl.o(.constdata__ZTIN10__cxxabiv129__pointer_to_member_type_infoE) for typeinfo for __cxxabiv1::__pointer_to_member_type_info
    lib_rtti_impl.o(.constdata__ZTVN10__cxxabiv129__pointer_to_member_type_infoE) refers to lib_rtti_impl.o(i._ZN10__cxxabiv129__pointer_to_member_type_infoD1Ev) for __cxxabiv1::__pointer_to_member_type_info::~__pointer_to_member_type_info()
    lib_rtti_impl.o(.constdata__ZTVN10__cxxabiv129__pointer_to_member_type_infoE) refers to lib_rtti_impl.o(i._ZN10__cxxabiv129__pointer_to_member_type_infoD0Ev) for __cxxabiv1::__pointer_to_member_type_info::~__pointer_to_member_type_info__deallocating()
    lib_rtti_impl.o(.constdata__ZTIN10__cxxabiv123__fundamental_type_infoE) refers to lib_rtti_impl.o(.constdata__ZTVN10__cxxabiv120__si_class_type_infoE) for vtable for __cxxabiv1::__si_class_type_info
    lib_rtti_impl.o(.constdata__ZTIN10__cxxabiv123__fundamental_type_infoE) refers to lib_rtti_impl.o(.constdata__ZTSN10__cxxabiv123__fundamental_type_infoE) for typeinfo name for __cxxabiv1::__fundamental_type_info
    lib_rtti_impl.o(.constdata__ZTIN10__cxxabiv123__fundamental_type_infoE) refers to type_info_dtor.o(.constdata__ZTISt9type_info) for typeinfo for std::type_info
    lib_rtti_impl.o(.constdata__ZTIN10__cxxabiv117__array_type_infoE) refers to lib_rtti_impl.o(.constdata__ZTVN10__cxxabiv120__si_class_type_infoE) for vtable for __cxxabiv1::__si_class_type_info
    lib_rtti_impl.o(.constdata__ZTIN10__cxxabiv117__array_type_infoE) refers to lib_rtti_impl.o(.constdata__ZTSN10__cxxabiv117__array_type_infoE) for typeinfo name for __cxxabiv1::__array_type_info
    lib_rtti_impl.o(.constdata__ZTIN10__cxxabiv117__array_type_infoE) refers to type_info_dtor.o(.constdata__ZTISt9type_info) for typeinfo for std::type_info
    lib_rtti_impl.o(.constdata__ZTIN10__cxxabiv120__function_type_infoE) refers to lib_rtti_impl.o(.constdata__ZTVN10__cxxabiv120__si_class_type_infoE) for vtable for __cxxabiv1::__si_class_type_info
    lib_rtti_impl.o(.constdata__ZTIN10__cxxabiv120__function_type_infoE) refers to lib_rtti_impl.o(.constdata__ZTSN10__cxxabiv120__function_type_infoE) for typeinfo name for __cxxabiv1::__function_type_info
    lib_rtti_impl.o(.constdata__ZTIN10__cxxabiv120__function_type_infoE) refers to type_info_dtor.o(.constdata__ZTISt9type_info) for typeinfo for std::type_info
    lib_rtti_impl.o(.constdata__ZTIN10__cxxabiv116__enum_type_infoE) refers to lib_rtti_impl.o(.constdata__ZTVN10__cxxabiv120__si_class_type_infoE) for vtable for __cxxabiv1::__si_class_type_info
    lib_rtti_impl.o(.constdata__ZTIN10__cxxabiv116__enum_type_infoE) refers to lib_rtti_impl.o(.constdata__ZTSN10__cxxabiv116__enum_type_infoE) for typeinfo name for __cxxabiv1::__enum_type_info
    lib_rtti_impl.o(.constdata__ZTIN10__cxxabiv116__enum_type_infoE) refers to type_info_dtor.o(.constdata__ZTISt9type_info) for typeinfo for std::type_info
    lib_rtti_impl.o(.constdata__ZTIN10__cxxabiv117__class_type_infoE) refers to lib_rtti_impl.o(.constdata__ZTVN10__cxxabiv120__si_class_type_infoE) for vtable for __cxxabiv1::__si_class_type_info
    lib_rtti_impl.o(.constdata__ZTIN10__cxxabiv117__class_type_infoE) refers to lib_rtti_impl.o(.constdata__ZTSN10__cxxabiv117__class_type_infoE) for typeinfo name for __cxxabiv1::__class_type_info
    lib_rtti_impl.o(.constdata__ZTIN10__cxxabiv117__class_type_infoE) refers to type_info_dtor.o(.constdata__ZTISt9type_info) for typeinfo for std::type_info
    lib_rtti_impl.o(.constdata__ZTIN10__cxxabiv120__si_class_type_infoE) refers to lib_rtti_impl.o(.constdata__ZTVN10__cxxabiv120__si_class_type_infoE) for vtable for __cxxabiv1::__si_class_type_info
    lib_rtti_impl.o(.constdata__ZTIN10__cxxabiv120__si_class_type_infoE) refers to lib_rtti_impl.o(.constdata__ZTSN10__cxxabiv120__si_class_type_infoE) for typeinfo name for __cxxabiv1::__si_class_type_info
    lib_rtti_impl.o(.constdata__ZTIN10__cxxabiv120__si_class_type_infoE) refers to lib_rtti_impl.o(.constdata__ZTIN10__cxxabiv117__class_type_infoE) for typeinfo for __cxxabiv1::__class_type_info
    lib_rtti_impl.o(.constdata__ZTIN10__cxxabiv121__vmi_class_type_infoE) refers to lib_rtti_impl.o(.constdata__ZTVN10__cxxabiv120__si_class_type_infoE) for vtable for __cxxabiv1::__si_class_type_info
    lib_rtti_impl.o(.constdata__ZTIN10__cxxabiv121__vmi_class_type_infoE) refers to lib_rtti_impl.o(.constdata__ZTSN10__cxxabiv121__vmi_class_type_infoE) for typeinfo name for __cxxabiv1::__vmi_class_type_info
    lib_rtti_impl.o(.constdata__ZTIN10__cxxabiv121__vmi_class_type_infoE) refers to lib_rtti_impl.o(.constdata__ZTIN10__cxxabiv117__class_type_infoE) for typeinfo for __cxxabiv1::__class_type_info
    lib_rtti_impl.o(.constdata__ZTIN10__cxxabiv117__pbase_type_infoE) refers to lib_rtti_impl.o(.constdata__ZTVN10__cxxabiv120__si_class_type_infoE) for vtable for __cxxabiv1::__si_class_type_info
    lib_rtti_impl.o(.constdata__ZTIN10__cxxabiv117__pbase_type_infoE) refers to lib_rtti_impl.o(.constdata__ZTSN10__cxxabiv117__pbase_type_infoE) for typeinfo name for __cxxabiv1::__pbase_type_info
    lib_rtti_impl.o(.constdata__ZTIN10__cxxabiv117__pbase_type_infoE) refers to type_info_dtor.o(.constdata__ZTISt9type_info) for typeinfo for std::type_info
    lib_rtti_impl.o(.constdata__ZTIN10__cxxabiv119__pointer_type_infoE) refers to lib_rtti_impl.o(.constdata__ZTVN10__cxxabiv120__si_class_type_infoE) for vtable for __cxxabiv1::__si_class_type_info
    lib_rtti_impl.o(.constdata__ZTIN10__cxxabiv119__pointer_type_infoE) refers to lib_rtti_impl.o(.constdata__ZTSN10__cxxabiv119__pointer_type_infoE) for typeinfo name for __cxxabiv1::__pointer_type_info
    lib_rtti_impl.o(.constdata__ZTIN10__cxxabiv119__pointer_type_infoE) refers to lib_rtti_impl.o(.constdata__ZTIN10__cxxabiv117__pbase_type_infoE) for typeinfo for __cxxabiv1::__pbase_type_info
    lib_rtti_impl.o(.constdata__ZTIN10__cxxabiv129__pointer_to_member_type_infoE) refers to lib_rtti_impl.o(.constdata__ZTVN10__cxxabiv120__si_class_type_infoE) for vtable for __cxxabiv1::__si_class_type_info
    lib_rtti_impl.o(.constdata__ZTIN10__cxxabiv129__pointer_to_member_type_infoE) refers to lib_rtti_impl.o(.constdata__ZTSN10__cxxabiv129__pointer_to_member_type_infoE) for typeinfo name for __cxxabiv1::__pointer_to_member_type_info
    lib_rtti_impl.o(.constdata__ZTIN10__cxxabiv129__pointer_to_member_type_infoE) refers to lib_rtti_impl.o(.constdata__ZTIN10__cxxabiv117__pbase_type_infoE) for typeinfo for __cxxabiv1::__pbase_type_info
    bad_alloc_dtor.o(.constdata__ZTVSt9bad_alloc) refers to bad_alloc_dtor.o(.constdata__ZTISt9bad_alloc) for typeinfo for std::bad_alloc
    bad_alloc_dtor.o(.constdata__ZTVSt9bad_alloc) refers to bad_alloc_dtor.o(i._ZNSt9bad_allocD1Ev) for std::bad_alloc::~bad_alloc()
    bad_alloc_dtor.o(.constdata__ZTVSt9bad_alloc) refers to bad_alloc_dtor.o(i._ZNSt9bad_allocD0Ev) for std::bad_alloc::~bad_alloc__deallocating()
    bad_alloc_dtor.o(.constdata__ZTVSt9bad_alloc) refers to bad_alloc_what.o(i._ZNKSt9bad_alloc4whatEv) for std::bad_alloc::what() const
    bad_alloc_dtor.o(.constdata__ZTISt9bad_alloc) refers to lib_rtti_impl.o(.constdata__ZTVN10__cxxabiv120__si_class_type_infoE) for vtable for __cxxabiv1::__si_class_type_info
    bad_alloc_dtor.o(.constdata__ZTISt9bad_alloc) refers to bad_alloc_dtor.o(.constdata__ZTSSt9bad_alloc) for typeinfo name for std::bad_alloc
    bad_alloc_dtor.o(.constdata__ZTISt9bad_alloc) refers to exception_dtor.o(.constdata__ZTISt9exception) for typeinfo for std::exception
    type_info_dtor.o(.constdata__ZTVSt9type_info) refers to type_info_dtor.o(.constdata__ZTISt9type_info) for typeinfo for std::type_info
    type_info_dtor.o(.constdata__ZTVSt9type_info) refers to type_info_dtor.o(i._ZNSt9type_infoD1Ev) for std::type_info::~type_info()
    type_info_dtor.o(.constdata__ZTVSt9type_info) refers to type_info_dtor.o(i._ZNSt9type_infoD0Ev) for std::type_info::~type_info__deallocating()
    type_info_dtor.o(.constdata__ZTISt9type_info) refers to lib_rtti_impl.o(.constdata__ZTVN10__cxxabiv117__class_type_infoE) for vtable for __cxxabiv1::__class_type_info
    type_info_dtor.o(.constdata__ZTISt9type_info) refers to type_info_dtor.o(.constdata__ZTSSt9type_info) for typeinfo name for std::type_info
    exception_dtor.o(.constdata__ZTVSt9exception) refers to exception_dtor.o(.constdata__ZTISt9exception) for typeinfo for std::exception
    exception_dtor.o(.constdata__ZTVSt9exception) refers to exception_dtor.o(i._ZNSt9exceptionD1Ev) for std::exception::~exception()
    exception_dtor.o(.constdata__ZTVSt9exception) refers to exception_dtor.o(i._ZNSt9exceptionD0Ev) for std::exception::~exception__deallocating()
    exception_dtor.o(.constdata__ZTVSt9exception) refers to exception_what.o(i._ZNKSt9exception4whatEv) for std::exception::what() const
    exception_dtor.o(.constdata__ZTISt9exception) refers to lib_rtti_impl.o(.constdata__ZTVN10__cxxabiv117__class_type_infoE) for vtable for __cxxabiv1::__class_type_info
    exception_dtor.o(.constdata__ZTISt9exception) refers to exception_dtor.o(.constdata__ZTSSt9exception) for typeinfo name for std::exception


==============================================================================

Removing Unused input sections from the image.

    Removing main.o(.rev16_text), (4 bytes).
    Removing main.o(.revsh_text), (4 bytes).
    Removing main.o(.ARM.exidx), (8 bytes).
    Removing process.o(.rev16_text), (4 bytes).
    Removing process.o(.revsh_text), (4 bytes).
    Removing process.o(.ARM.exidx), (8 bytes).
    Removing terminalcontrol.o(.rev16_text), (4 bytes).
    Removing terminalcontrol.o(.revsh_text), (4 bytes).
    Removing terminalcontrol.o(.ARM.exidx), (8 bytes).
    Removing datachain.o(.rev16_text), (4 bytes).
    Removing datachain.o(.revsh_text), (4 bytes).
    Removing datachain.o(.ARM.exidx), (8 bytes).
    Removing ioout.o(.rev16_text), (4 bytes).
    Removing ioout.o(.revsh_text), (4 bytes).
    Removing ioout.o(.ARM.exidx), (8 bytes).
    Removing key.o(.rev16_text), (4 bytes).
    Removing key.o(.revsh_text), (4 bytes).
    Removing key.o(.text), (132 bytes).
    Removing key.o(.ARM.exidx), (8 bytes).
    Removing serialport.o(.rev16_text), (4 bytes).
    Removing serialport.o(.revsh_text), (4 bytes).
    Removing serialport.o(.ARM.exidx), (8 bytes).
    Removing timer.o(.rev16_text), (4 bytes).
    Removing timer.o(.revsh_text), (4 bytes).
    Removing timer.o(.ARM.exidx), (8 bytes).
    Removing stm32_systick.o(.rev16_text), (4 bytes).
    Removing stm32_systick.o(.revsh_text), (4 bytes).
    Removing stm32_adc.o(.rev16_text), (4 bytes).
    Removing stm32_adc.o(.revsh_text), (4 bytes).
    Removing stm32_priority.o(.rev16_text), (4 bytes).
    Removing stm32_priority.o(.revsh_text), (4 bytes).
    Removing stm32_gpio.o(.rev16_text), (4 bytes).
    Removing stm32_gpio.o(.revsh_text), (4 bytes).
    Removing misc.o(.rev16_text), (4 bytes).
    Removing misc.o(.revsh_text), (4 bytes).
    Removing stm32f10x_adc.o(.rev16_text), (4 bytes).
    Removing stm32f10x_adc.o(.revsh_text), (4 bytes).
    Removing stm32f10x_conf.o(.rev16_text), (4 bytes).
    Removing stm32f10x_conf.o(.revsh_text), (4 bytes).
    Removing stm32f10x_dma.o(.rev16_text), (4 bytes).
    Removing stm32f10x_dma.o(.revsh_text), (4 bytes).
    Removing stm32f10x_gpio.o(.rev16_text), (4 bytes).
    Removing stm32f10x_gpio.o(.revsh_text), (4 bytes).
    Removing stm32f10x_rcc.o(.rev16_text), (4 bytes).
    Removing stm32f10x_rcc.o(.revsh_text), (4 bytes).
    Removing stm32f10x_tim.o(.rev16_text), (4 bytes).
    Removing stm32f10x_tim.o(.revsh_text), (4 bytes).
    Removing stm32f10x_usart.o(.rev16_text), (4 bytes).
    Removing stm32f10x_usart.o(.revsh_text), (4 bytes).
    Removing stm32f10x_exti.o(.rev16_text), (4 bytes).
    Removing stm32f10x_exti.o(.revsh_text), (4 bytes).
    Removing stm32f10x_pwr.o(.rev16_text), (4 bytes).
    Removing stm32f10x_pwr.o(.revsh_text), (4 bytes).
    Removing stm32f10x_rtc.o(.rev16_text), (4 bytes).
    Removing stm32f10x_rtc.o(.revsh_text), (4 bytes).
    Removing system_stm32f10x.o(.rev16_text), (4 bytes).
    Removing system_stm32f10x.o(.revsh_text), (4 bytes).
    Removing terminalcontrol.o(.constdata__ZTI15TerminalControl), (8 bytes).
    Removing terminalcontrol.o(.constdata__ZTS15TerminalControl), (18 bytes).
    Removing datachain.o(.ARM.exidx), (8 bytes).

60 unused section(s) (total 422 bytes) removed from the image.

==============================================================================

Image Symbol Table

    Local Symbols

    Symbol Name                              Value     Ov Type        Size  Object(Section)

    ../../../edgfe/lib_src/arm_exceptions.c  0x00000000   Number         0  arm_exceptions_terminate.o ABSOLUTE
    ../../../edgfe/lib_src/arm_exceptions.c  0x00000000   Number         0  arm_exceptions_globs.o ABSOLUTE
    ../../../edgfe/lib_src/arm_exceptions.c  0x00000000   Number         0  arm_exceptions_mem.o ABSOLUTE
    ../../../edgfe/lib_src/arm_noexceptions.c 0x00000000   Number         0  arm_callunex_noexceptions.o ABSOLUTE
    ../../../edgfe/lib_src/arm_noexceptions.c 0x00000000   Number         0  arm_newhandler_noexceptions.o ABSOLUTE
    ../../../edgfe/lib_src/array_del.c       0x00000000   Number         0  array_del.o ABSOLUTE
    ../../../edgfe/lib_src/array_new.c       0x00000000   Number         0  array_new.o ABSOLUTE
    ../../../edgfe/lib_src/bad_alloc.c       0x00000000   Number         0  bad_alloc_dtor.o ABSOLUTE
    ../../../edgfe/lib_src/bad_alloc.c       0x00000000   Number         0  bad_alloc_what.o ABSOLUTE
    ../../../edgfe/lib_src/delete.c          0x00000000   Number         0  delete.o ABSOLUTE
    ../../../edgfe/lib_src/exception.c       0x00000000   Number         0  exception_what.o ABSOLUTE
    ../../../edgfe/lib_src/exception.c       0x00000000   Number         0  exception_dtor.o ABSOLUTE
    ../../../edgfe/lib_src/new.c             0x00000000   Number         0  new.o ABSOLUTE
    ../../../edgfe/lib_src/typeinfo.c        0x00000000   Number         0  type_info_dtor.o ABSOLUTE
    ../../../edgfe/lib_src/typeinfo.c        0x00000000   Number         0  lib_rtti_impl.o ABSOLUTE
    ../clib/microlib/cpp/cpp_init.c          0x00000000   Number         0  cpp_init.o ABSOLUTE
    ../clib/microlib/cpp/cpp_init.c          0x00000000   Number         0  cpp_init.o ABSOLUTE
    ../clib/microlib/cpp/cpp_memory.c        0x00000000   Number         0  cpp_memory.o ABSOLUTE
    ../clib/microlib/cpp/cpp_unwinder.c      0x00000000   Number         0  cpp_unwinder.o ABSOLUTE
    ../clib/microlib/init/entry.s            0x00000000   Number         0  entry9a.o ABSOLUTE
    ../clib/microlib/init/entry.s            0x00000000   Number         0  entry11b.o ABSOLUTE
    ../clib/microlib/init/entry.s            0x00000000   Number         0  entry9b.o ABSOLUTE
    ../clib/microlib/init/entry.s            0x00000000   Number         0  entry8a.o ABSOLUTE
    ../clib/microlib/init/entry.s            0x00000000   Number         0  entry10a.o ABSOLUTE
    ../clib/microlib/init/entry.s            0x00000000   Number         0  entry10b.o ABSOLUTE
    ../clib/microlib/init/entry.s            0x00000000   Number         0  entry11a.o ABSOLUTE
    ../clib/microlib/init/entry.s            0x00000000   Number         0  entry2.o ABSOLUTE
    ../clib/microlib/init/entry.s            0x00000000   Number         0  entry8b.o ABSOLUTE
    ../clib/microlib/init/entry.s            0x00000000   Number         0  entry5.o ABSOLUTE
    ../clib/microlib/init/entry.s            0x00000000   Number         0  entry7a.o ABSOLUTE
    ../clib/microlib/init/entry.s            0x00000000   Number         0  entry7b.o ABSOLUTE
    ../clib/microlib/init/entry.s            0x00000000   Number         0  entry.o ABSOLUTE
    ../clib/microlib/malloc/malloc.c         0x00000000   Number         0  malloca.o ABSOLUTE
    ../clib/microlib/malloc/malloc.c         0x00000000   Number         0  malloc.o ABSOLUTE
    ../clib/microlib/malloc/malloc.c         0x00000000   Number         0  mallocr.o ABSOLUTE
    ../clib/microlib/malloc/malloc.c         0x00000000   Number         0  mallocra.o ABSOLUTE
    ../clib/microlib/malloc/mvars.c          0x00000000   Number         0  mvars.o ABSOLUTE
    ../clib/microlib/stdlib/abort.c          0x00000000   Number         0  abort.o ABSOLUTE
    ../clib/microlib/string/memcpy.c         0x00000000   Number         0  memcpya.o ABSOLUTE
    ../clib/microlib/string/memcpy.c         0x00000000   Number         0  memcpyb.o ABSOLUTE
    dc.s                                     0x00000000   Number         0  dc.o ABSOLUTE
    handlers.s                               0x00000000   Number         0  handlers.o ABSOLUTE
    init.s                                   0x00000000   Number         0  init.o ABSOLUTE
    source\App\Process.cpp                   0x00000000   Number         0  process.o ABSOLUTE
    source\DataType\DataChain.cpp            0x00000000   Number         0  datachain.o ABSOLUTE
    source\DataType\IoOut.cpp                0x00000000   Number         0  ioout.o ABSOLUTE
    source\DataType\Key.cpp                  0x00000000   Number         0  key.o ABSOLUTE
    source\DataType\SerialPort.cpp           0x00000000   Number         0  serialport.o ABSOLUTE
    source\DataType\Timer.cpp                0x00000000   Number         0  timer.o ABSOLUTE
    source\Protocol\TerminalControl.cpp      0x00000000   Number         0  terminalcontrol.o ABSOLUTE
    source\STM32_CMSIS\startup_stm32f10x_md.s 0x00000000   Number         0  startup_stm32f10x_md.o ABSOLUTE
    source\STM32_CMSIS\system_stm32f10x.c    0x00000000   Number         0  system_stm32f10x.o ABSOLUTE
    source\STM32_Driver\STM32_ADC.c          0x00000000   Number         0  stm32_adc.o ABSOLUTE
    source\STM32_Driver\STM32_GPIO.c         0x00000000   Number         0  stm32_gpio.o ABSOLUTE
    source\STM32_Driver\STM32_Priority.c     0x00000000   Number         0  stm32_priority.o ABSOLUTE
    source\STM32_Driver\STM32_SysTick.c      0x00000000   Number         0  stm32_systick.o ABSOLUTE
    source\STM32_StdPeriph\misc.c            0x00000000   Number         0  misc.o ABSOLUTE
    source\STM32_StdPeriph\stm32f10x_adc.c   0x00000000   Number         0  stm32f10x_adc.o ABSOLUTE
    source\STM32_StdPeriph\stm32f10x_conf.c  0x00000000   Number         0  stm32f10x_conf.o ABSOLUTE
    source\STM32_StdPeriph\stm32f10x_dma.c   0x00000000   Number         0  stm32f10x_dma.o ABSOLUTE
    source\STM32_StdPeriph\stm32f10x_exti.c  0x00000000   Number         0  stm32f10x_exti.o ABSOLUTE
    source\STM32_StdPeriph\stm32f10x_gpio.c  0x00000000   Number         0  stm32f10x_gpio.o ABSOLUTE
    source\STM32_StdPeriph\stm32f10x_pwr.c   0x00000000   Number         0  stm32f10x_pwr.o ABSOLUTE
    source\STM32_StdPeriph\stm32f10x_rcc.c   0x00000000   Number         0  stm32f10x_rcc.o ABSOLUTE
    source\STM32_StdPeriph\stm32f10x_rtc.c   0x00000000   Number         0  stm32f10x_rtc.o ABSOLUTE
    source\STM32_StdPeriph\stm32f10x_tim.c   0x00000000   Number         0  stm32f10x_tim.o ABSOLUTE
    source\STM32_StdPeriph\stm32f10x_usart.c 0x00000000   Number         0  stm32f10x_usart.o ABSOLUTE
    source\User\main.cpp                     0x00000000   Number         0  main.o ABSOLUTE
    source\\App\\Process.cpp                 0x00000000   Number         0  process.o ABSOLUTE
    source\\DataType\\DataChain.cpp          0x00000000   Number         0  datachain.o ABSOLUTE
    source\\DataType\\IoOut.cpp              0x00000000   Number         0  ioout.o ABSOLUTE
    source\\DataType\\Key.cpp                0x00000000   Number         0  key.o ABSOLUTE
    source\\DataType\\SerialPort.cpp         0x00000000   Number         0  serialport.o ABSOLUTE
    source\\DataType\\Timer.cpp              0x00000000   Number         0  timer.o ABSOLUTE
    source\\Protocol\\TerminalControl.cpp    0x00000000   Number         0  terminalcontrol.o ABSOLUTE
    source\\STM32_CMSIS\\system_stm32f10x.c  0x00000000   Number         0  system_stm32f10x.o ABSOLUTE
    source\\STM32_Driver\\STM32_ADC.c        0x00000000   Number         0  stm32_adc.o ABSOLUTE
    source\\STM32_Driver\\STM32_GPIO.c       0x00000000   Number         0  stm32_gpio.o ABSOLUTE
    source\\STM32_Driver\\STM32_Priority.c   0x00000000   Number         0  stm32_priority.o ABSOLUTE
    source\\STM32_Driver\\STM32_SysTick.c    0x00000000   Number         0  stm32_systick.o ABSOLUTE
    source\\STM32_StdPeriph\\misc.c          0x00000000   Number         0  misc.o ABSOLUTE
    source\\STM32_StdPeriph\\stm32f10x_adc.c 0x00000000   Number         0  stm32f10x_adc.o ABSOLUTE
    source\\STM32_StdPeriph\\stm32f10x_conf.c 0x00000000   Number         0  stm32f10x_conf.o ABSOLUTE
    source\\STM32_StdPeriph\\stm32f10x_dma.c 0x00000000   Number         0  stm32f10x_dma.o ABSOLUTE
    source\\STM32_StdPeriph\\stm32f10x_exti.c 0x00000000   Number         0  stm32f10x_exti.o ABSOLUTE
    source\\STM32_StdPeriph\\stm32f10x_gpio.c 0x00000000   Number         0  stm32f10x_gpio.o ABSOLUTE
    source\\STM32_StdPeriph\\stm32f10x_pwr.c 0x00000000   Number         0  stm32f10x_pwr.o ABSOLUTE
    source\\STM32_StdPeriph\\stm32f10x_rcc.c 0x00000000   Number         0  stm32f10x_rcc.o ABSOLUTE
    source\\STM32_StdPeriph\\stm32f10x_rtc.c 0x00000000   Number         0  stm32f10x_rtc.o ABSOLUTE
    source\\STM32_StdPeriph\\stm32f10x_tim.c 0x00000000   Number         0  stm32f10x_tim.o ABSOLUTE
    source\\STM32_StdPeriph\\stm32f10x_usart.c 0x00000000   Number         0  stm32f10x_usart.o ABSOLUTE
    source\\User\\main.cpp                   0x00000000   Number         0  main.o ABSOLUTE
    RESET                                    0x08000000   Section      236  startup_stm32f10x_md.o(RESET)
    .ARM.Collect$$$$00000000                 0x080000ec   Section        0  entry.o(.ARM.Collect$$$$00000000)
    .ARM.Collect$$$$00000001                 0x080000ec   Section        4  entry2.o(.ARM.Collect$$$$00000001)
    .ARM.Collect$$$$00000004                 0x080000f0   Section        4  entry5.o(.ARM.Collect$$$$00000004)
    .ARM.Collect$$$$00000008                 0x080000f4   Section        0  entry7b.o(.ARM.Collect$$$$00000008)
    .ARM.Collect$$$$00000009                 0x080000f4   Section        4  entry8a.o(.ARM.Collect$$$$00000009)
    .ARM.Collect$$$$0000000A                 0x080000f8   Section        0  entry8b.o(.ARM.Collect$$$$0000000A)
    .ARM.Collect$$$$0000000B                 0x080000f8   Section        8  entry9a.o(.ARM.Collect$$$$0000000B)
    .ARM.Collect$$$$0000000D                 0x08000100   Section        0  entry10a.o(.ARM.Collect$$$$0000000D)
    .ARM.Collect$$$$0000000F                 0x08000100   Section        0  entry11a.o(.ARM.Collect$$$$0000000F)
    .ARM.Collect$$$$00002712                 0x08000100   Section        4  entry2.o(.ARM.Collect$$$$00002712)
    __lit__00000000                          0x08000100   Data           4  entry2.o(.ARM.Collect$$$$00002712)
    .text                                    0x08000104   Section        0  main.o(.text)
    .text                                    0x080003e4   Section        0  process.o(.text)
    .text                                    0x08000864   Section        0  terminalcontrol.o(.text)
    .text                                    0x080009ec   Section        0  datachain.o(.text)
    .text                                    0x08000ab8   Section        0  ioout.o(.text)
    .text                                    0x08000b6c   Section        0  serialport.o(.text)
    __sti___14_SerialPort_cpp                0x08001115   Thumb Code    40  serialport.o(.text)
    .text                                    0x08001170   Section        0  timer.o(.text)
    .text                                    0x080013a4   Section        0  stm32_systick.o(.text)
    SysTick_DelayXms                         0x0800141d   Thumb Code    70  stm32_systick.o(.text)
    .text                                    0x080014a0   Section        0  stm32_adc.o(.text)
    ADC1_Config                              0x080014a1   Thumb Code   140  stm32_adc.o(.text)
    ADC1_DMA_Config                          0x0800152d   Thumb Code   122  stm32_adc.o(.text)
    ADC1_GPIO_Config                         0x080015a7   Thumb Code    16  stm32_adc.o(.text)
    ADC_MeanFilter                           0x080015cf   Thumb Code    56  stm32_adc.o(.text)
    .text                                    0x08001630   Section        0  stm32_priority.o(.text)
    .text                                    0x08001660   Section        0  stm32_gpio.o(.text)
    .text                                    0x0800170c   Section        0  misc.o(.text)
    .text                                    0x080017e8   Section        0  stm32f10x_adc.o(.text)
    .text                                    0x08001c38   Section        0  stm32f10x_dma.o(.text)
    .text                                    0x08001e88   Section        0  stm32f10x_gpio.o(.text)
    .text                                    0x080021e0   Section        0  stm32f10x_rcc.o(.text)
    .text                                    0x08002584   Section        0  stm32f10x_tim.o(.text)
    TI4_Config                               0x08002a2b   Thumb Code   130  stm32f10x_tim.o(.text)
    TI3_Config                               0x08002abf   Thumb Code   122  stm32f10x_tim.o(.text)
    TI2_Config                               0x08002b53   Thumb Code   130  stm32f10x_tim.o(.text)
    TI1_Config                               0x08002be7   Thumb Code   108  stm32f10x_tim.o(.text)
    .text                                    0x080033a0   Section        0  stm32f10x_usart.o(.text)
    .text                                    0x080037a8   Section        0  stm32f10x_exti.o(.text)
    .text                                    0x080038c4   Section        0  stm32f10x_pwr.o(.text)
    .text                                    0x08003990   Section        0  stm32f10x_rtc.o(.text)
    .text                                    0x08003ad4   Section        0  system_stm32f10x.o(.text)
    SetSysClockTo72                          0x08003ad5   Thumb Code   212  system_stm32f10x.o(.text)
    SetSysClock                              0x08003ba9   Thumb Code     8  system_stm32f10x.o(.text)
    .text                                    0x08003cb0   Section       36  startup_stm32f10x_md.o(.text)
    .text                                    0x08003cd4   Section        0  cpp_init.o(.text)
    .text                                    0x08003cf4   Section        0  arm_newhandler_noexceptions.o(.text)
    .text                                    0x08003cf8   Section        0  cpp_memory.o(.text)
    .text                                    0x08003d00   Section        0  cpp_unwinder.o(.text)
    .text                                    0x08003d20   Section        0  arm_exceptions_terminate.o(.text)
    .text                                    0x08003d3c   Section       36  init.o(.text)
    .text                                    0x08003d60   Section        0  arm_exceptions_globs.o(.text)
    __default_terminate_handler()            0x08003d61   Thumb Code     6  arm_exceptions_globs.o(.text)
    .text                                    0x08003db0   Section        0  arm_exceptions_mem.o(.text)
    i._ZN9ChainNodeC1EhPS_S0_                0x08003dec   Section        0  datachain.o(i._ZN9ChainNodeC1EhPS_S0_)
    i._ZdaPv                                 0x08003df4   Section        0  array_del.o(i._ZdaPv)
    i._ZdlPv                                 0x08003dfc   Section        0  delete.o(i._ZdlPv)
    i._Znaj                                  0x08003e04   Section        0  array_new.o(i._Znaj)
    i._Znwj                                  0x08003e0c   Section        0  new.o(i._Znwj)
    i.__scatterload_copy                     0x08003e34   Section       14  handlers.o(i.__scatterload_copy)
    i.__scatterload_null                     0x08003e42   Section        2  handlers.o(i.__scatterload_null)
    i.__scatterload_zeroinit                 0x08003e44   Section       14  handlers.o(i.__scatterload_zeroinit)
    i.free                                   0x08003e54   Section        0  malloc.o(i.free)
    i.malloc                                 0x08003ea4   Section        0  malloc.o(i.malloc)
    .constdata__ZTV15TerminalControl         0x08003f10   Section       16  terminalcontrol.o(.constdata__ZTV15TerminalControl)
    .init_array                              0x08003f40   Section        4  serialport.o(.init_array)
    .data                                    0x20000000   Section        9  main.o(.data)
    .data                                    0x2000000a   Section        8  process.o(.data)
    overTimerCount                           0x2000000a   Data           2  process.o(.data)
    lastMode                                 0x2000000c   Data           1  process.o(.data)
    operateAlarmCount                        0x2000000e   Data           2  process.o(.data)
    operateShockCount                        0x20000010   Data           2  process.o(.data)
    .data                                    0x20000012   Section        4  stm32_systick.o(.data)
    fac_us                                   0x20000012   Data           1  stm32_systick.o(.data)
    fac_ms                                   0x20000014   Data           2  stm32_systick.o(.data)
    .data                                    0x20000016   Section        2  stm32_adc.o(.data)
    .data                                    0x20000018   Section       20  stm32f10x_rcc.o(.data)
    APBAHBPrescTable                         0x20000018   Data          16  stm32f10x_rcc.o(.data)
    ADCPrescTable                            0x20000028   Data           4  stm32f10x_rcc.o(.data)
    .data                                    0x2000002c   Section       20  system_stm32f10x.o(.data)
    .data                                    0x20000040   Section        4  cpp_memory.o(.data)
    handler_pointer                          0x20000040   Data           4  cpp_memory.o(.data)
    .data                                    0x20000044   Section        8  cpp_unwinder.o(.data)
    eh                                       0x20000044   Data           4  cpp_unwinder.o(.data)
    eh_p                                     0x20000048   Data           4  cpp_unwinder.o(.data)
    .data                                    0x2000004c   Section        4  mvars.o(.data)
    .data                                    0x20000050   Section        4  mvars.o(.data)
    .bss                                     0x20000054   Section      504  serialport.o(.bss)
    .bss                                     0x2000024c   Section       20  stm32_adc.o(.bss)
    HEAP                                     0x20000260   Section     4096  startup_stm32f10x_md.o(HEAP)
    STACK                                    0x20001260   Section     1024  startup_stm32f10x_md.o(STACK)

    Global Symbols

    Symbol Name                              Value     Ov Type        Size  Object(Section)

    BuildAttributes$$THM_ISAv4$P$D$K$B$S$PE$A:L22UL41UL21$X:L11$S22US41US21$IEEE1$IW$USESV6$~STKCKD$USESV7$~SHL$OSPACE$EBA8$UX$MICROLIB$REQ8$PRES8$EABIv2 0x00000000   Number         0  anon$$obj.o ABSOLUTE
    __ARM_use_no_argv                        0x00000000   Number         0  main.o ABSOLUTE
    __ARM::default_unexpected_handler()       - Undefined Weak Reference
    __ARM_exceptions_buffer_required          - Undefined Weak Reference
    __cxa_finalize                            - Undefined Weak Reference
    __decompress                              - Undefined Weak Reference
    _clock_init                               - Undefined Weak Reference
    _microlib_exit                            - Undefined Weak Reference
    __Vectors_Size                           0x000000ec   Number         0  startup_stm32f10x_md.o ABSOLUTE
    __Vectors                                0x08000000   Data           4  startup_stm32f10x_md.o(RESET)
    __Vectors_End                            0x080000ec   Data           0  startup_stm32f10x_md.o(RESET)
    __main                                   0x080000ed   Thumb Code     0  entry.o(.ARM.Collect$$$$00000000)
    _main_stk                                0x080000ed   Thumb Code     0  entry2.o(.ARM.Collect$$$$00000001)
    _main_scatterload                        0x080000f1   Thumb Code     0  entry5.o(.ARM.Collect$$$$00000004)
    __main_after_scatterload                 0x080000f5   Thumb Code     0  entry5.o(.ARM.Collect$$$$00000004)
    _main_clock                              0x080000f5   Thumb Code     0  entry7b.o(.ARM.Collect$$$$00000008)
    _main_cpp_init$empty                     0x080000f5   Thumb Code     0  entry8a.o(.ARM.Collect$$$$00000009)
    _main_cpp_init                           0x080000f9   Thumb Code     0  entry8b.o(.ARM.Collect$$$$0000000A)
    _main_init                               0x080000f9   Thumb Code     0  entry9a.o(.ARM.Collect$$$$0000000B)
    __rt_final_cpp                           0x08000101   Thumb Code     0  entry10a.o(.ARM.Collect$$$$0000000D)
    __rt_final_exit                          0x08000101   Thumb Code     0  entry11a.o(.ARM.Collect$$$$0000000F)
    RCC_Configuration()                      0x08000105   Thumb Code   106  main.o(.text)
    SYSCLKconfig_STOP()                      0x0800016f   Thumb Code    60  main.o(.text)
    GPIO_Configuration()                     0x080001ab   Thumb Code    52  main.o(.text)
    EXTI_Configuration()                     0x080001df   Thumb Code    66  main.o(.text)
    RTC_Configuration()                      0x08000221   Thumb Code    70  main.o(.text)
    NVIC_Configuration()                     0x08000267   Thumb Code    68  main.o(.text)
    SysTick_Configuration()                  0x080002ab   Thumb Code     2  main.o(.text)
    Delay(unsigned)                          0x080002ad   Thumb Code     2  main.o(.text)
    main                                     0x080002af   Thumb Code    94  main.o(.text)
    TIM2_IRQHandler                          0x0800030d   Thumb Code    46  main.o(.text)
    TIM3_IRQHandler                          0x0800033b   Thumb Code    38  main.o(.text)
    TIM4_IRQHandler                          0x08000361   Thumb Code    38  main.o(.text)
    NMI_Handler                              0x08000387   Thumb Code     2  main.o(.text)
    HardFault_Handler                        0x08000389   Thumb Code    10  main.o(.text)
    MemManage_Handler                        0x08000393   Thumb Code    20  main.o(.text)
    BusFault_Handler                         0x080003a7   Thumb Code    12  main.o(.text)
    UsageFault_Handler                       0x080003b3   Thumb Code    12  main.o(.text)
    SVC_Handler                              0x080003bf   Thumb Code     2  main.o(.text)
    DebugMon_Handler                         0x080003c1   Thumb Code     2  main.o(.text)
    PendSV_Handler                           0x080003c3   Thumb Code     2  main.o(.text)
    SysTick_Handler                          0x080003c5   Thumb Code     2  main.o(.text)
    Process::initAllData()                   0x080003e5   Thumb Code    26  process.o(.text)
    Process::initTimers()                    0x080003ff   Thumb Code   120  process.o(.text)
    Process::initUsarts()                    0x08000477   Thumb Code    46  process.o(.text)
    Process::initADs()                       0x080004a5   Thumb Code    10  process.o(.text)
    Process::initIOs()                       0x080004af   Thumb Code   118  process.o(.text)
    Process::enable_SWD_disable_Jtag()       0x08000525   Thumb Code    22  process.o(.text)
    Process::Process()                       0x0800053b   Thumb Code    76  process.o(.text)
    Process::Process__sub_object()           0x0800053b   Thumb Code     0  process.o(.text)
    Process::getPowerValue()                 0x08000587   Thumb Code    24  process.o(.text)
    Process::runOnTime2()                    0x0800059f   Thumb Code    12  process.o(.text)
    Process::resetTerminal()                 0x080005ab   Thumb Code    18  process.o(.text)
    Process::disposal()                      0x080005bd   Thumb Code   404  process.o(.text)
    Process::receiveMainData()               0x08000751   Thumb Code    70  process.o(.text)
    Process::runOnTime3()                    0x08000797   Thumb Code    68  process.o(.text)
    Process::showPowerStatus()               0x080007db   Thumb Code    40  process.o(.text)
    Process::runOnTime4()                    0x08000803   Thumb Code    58  process.o(.text)
    Process::openPeriph()                    0x0800083d   Thumb Code    36  process.o(.text)
    Process::resetControlData()              0x08000861   Thumb Code     2  process.o(.text)
    TerminalControl::TerminalControl(SerialPort*) 0x08000865   Thumb Code   100  terminalcontrol.o(.text)
    TerminalControl::TerminalControl__sub_object(SerialPort*) 0x08000865   Thumb Code     0  terminalcontrol.o(.text)
    TerminalControl::~TerminalControl()      0x080008c9   Thumb Code    40  terminalcontrol.o(.text)
    TerminalControl::~TerminalControl__sub_object() 0x080008c9   Thumb Code     0  terminalcontrol.o(.text)
    TerminalControl::~TerminalControl__deallocating() 0x080008f1   Thumb Code    18  terminalcontrol.o(.text)
    TerminalControl::updateSendBuf(unsigned char*) 0x08000903   Thumb Code    48  terminalcontrol.o(.text)
    TerminalControl::sendcommand()           0x08000933   Thumb Code    16  terminalcontrol.o(.text)
    TerminalControl::reciveData()            0x08000943   Thumb Code   164  terminalcontrol.o(.text)
    RingChain::RingChain(int)                0x080009ed   Thumb Code   112  datachain.o(.text)
    RingChain::RingChain__sub_object(int)    0x080009ed   Thumb Code     0  datachain.o(.text)
    RingChain::~RingChain()                  0x08000a5d   Thumb Code    54  datachain.o(.text)
    RingChain::~RingChain__sub_object()      0x08000a5d   Thumb Code     0  datachain.o(.text)
    RingChain::getData()                     0x08000a93   Thumb Code     8  datachain.o(.text)
    RingChain::next()                        0x08000a9b   Thumb Code     8  datachain.o(.text)
    RingChain::previous()                    0x08000aa3   Thumb Code     8  datachain.o(.text)
    RingChain::getLen()                      0x08000aab   Thumb Code     6  datachain.o(.text)
    RingChain::setData(unsigned char)        0x08000ab1   Thumb Code     6  datachain.o(.text)
    IoOut::setOff()                          0x08000ab9   Thumb Code    28  ioout.o(.text)
    IoOut::initIo()                          0x08000ad5   Thumb Code    58  ioout.o(.text)
    IoOut::IoOut(GPIO_TypeDef*, unsigned short, bool) 0x08000b0f   Thumb Code    30  ioout.o(.text)
    IoOut::IoOut__sub_object(GPIO_TypeDef*, unsigned short, bool) 0x08000b0f   Thumb Code     0  ioout.o(.text)
    IoOut::~IoOut()                          0x08000b2d   Thumb Code     2  ioout.o(.text)
    IoOut::~IoOut__sub_object()              0x08000b2d   Thumb Code     0  ioout.o(.text)
    IoOut::setOn()                           0x08000b2f   Thumb Code    28  ioout.o(.text)
    IoOut::reverseState()                    0x08000b4b   Thumb Code    30  ioout.o(.text)
    USART_data_t::disabledTX()               0x08000b6d   Thumb Code    26  serialport.o(.text)
    USART_data_t::enableTX()                 0x08000b87   Thumb Code    26  serialport.o(.text)
    USART_data_t::USART_DataRegEmpty()       0x08000ba1   Thumb Code    72  serialport.o(.text)
    USART_data_t::USART_RXComplete()         0x08000be9   Thumb Code    58  serialport.o(.text)
    USART1_IRQHandler                        0x08000c23   Thumb Code    78  serialport.o(.text)
    USART2_IRQHandler                        0x08000c71   Thumb Code    78  serialport.o(.text)
    USART3_IRQHandler                        0x08000cbf   Thumb Code    78  serialport.o(.text)
    USART_data_t::USART_data_t()             0x08000d0d   Thumb Code    34  serialport.o(.text)
    USART_data_t::USART_data_t__sub_object() 0x08000d0d   Thumb Code     0  serialport.o(.text)
    USART_data_t::USART_TXBuffer_FreeSpace() 0x08000d2f   Thumb Code    28  serialport.o(.text)
    USART_data_t::USART_TXBuffer_SendAll()   0x08000d4b   Thumb Code    22  serialport.o(.text)
    USART_data_t::USART_TXBuffer_PutByte(unsigned char) 0x08000d61   Thumb Code    62  serialport.o(.text)
    USART_data_t::USART_RXBufferData_Available() 0x08000d9f   Thumb Code    22  serialport.o(.text)
    USART_data_t::USART_RXBuffer_GetByte()   0x08000db5   Thumb Code    26  serialport.o(.text)
    SerialPort::usartConfig(USART_TypeDef*, unsigned, unsigned short) 0x08000dcf   Thumb Code    54  serialport.o(.text)
    SerialPort::close()                      0x08000e05   Thumb Code    26  serialport.o(.text)
    SerialPort::usartGpioInit()              0x08000e1f   Thumb Code   190  serialport.o(.text)
    SerialPort::initUsart()                  0x08000edd   Thumb Code   132  serialport.o(.text)
    SerialPort::SerialPort(int, int)         0x08000f61   Thumb Code    22  serialport.o(.text)
    SerialPort::SerialPort__sub_object(int, int) 0x08000f61   Thumb Code     0  serialport.o(.text)
    SerialPort::~SerialPort()                0x08000f77   Thumb Code    18  serialport.o(.text)
    SerialPort::~SerialPort__sub_object()    0x08000f77   Thumb Code     0  serialport.o(.text)
    SerialPort::getPort()                    0x08000f89   Thumb Code     6  serialport.o(.text)
    SerialPort::readAllow()                  0x08000f8f   Thumb Code    12  serialport.o(.text)
    SerialPort::getChar()                    0x08000f9b   Thumb Code    12  serialport.o(.text)
    SerialPort::putChar(unsigned char)       0x08000fa7   Thumb Code    24  serialport.o(.text)
    SerialPort::write(unsigned char*, unsigned char) 0x08000fbf   Thumb Code    38  serialport.o(.text)
    SerialPort::writeLine(const char*)       0x08000fe5   Thumb Code    68  serialport.o(.text)
    SerialPort::open()                       0x08001029   Thumb Code    26  serialport.o(.text)
    SerialPort::setRS485CtrTx(GPIO_TypeDef*, unsigned short) 0x08001043   Thumb Code   182  serialport.o(.text)
    SerialPort::setPriority(unsigned char, unsigned char) 0x080010f9   Thumb Code    28  serialport.o(.text)
    Timer::stop()                            0x08001171   Thumb Code    14  timer.o(.text)
    Timer::setPriority(unsigned char, unsigned char) 0x0800117f   Thumb Code    28  timer.o(.text)
    Timer::setTimeOut(int)                   0x0800119b   Thumb Code   206  timer.o(.text)
    Timer::Timer(TIM_TypeDef*, int)          0x08001269   Thumb Code   180  timer.o(.text)
    Timer::Timer__sub_object(TIM_TypeDef*, int) 0x08001269   Thumb Code     0  timer.o(.text)
    Timer::~Timer()                          0x0800131d   Thumb Code    20  timer.o(.text)
    Timer::~Timer__sub_object()              0x0800131d   Thumb Code     0  timer.o(.text)
    Timer::start()                           0x08001331   Thumb Code    14  timer.o(.text)
    Timer::start(TIM_TypeDef*)               0x0800133f   Thumb Code    16  timer.o(.text)
    Timer::stop(TIM_TypeDef*)                0x0800134f   Thumb Code    16  timer.o(.text)
    Timer::getITStatus(TIM_TypeDef*)         0x0800135f   Thumb Code    16  timer.o(.text)
    Timer::clearITPendingBit(TIM_TypeDef*)   0x0800136f   Thumb Code    16  timer.o(.text)
    SysTick_Init                             0x080013a5   Thumb Code    50  stm32_systick.o(.text)
    SysTick_DelayUs                          0x080013d7   Thumb Code    70  stm32_systick.o(.text)
    SysTick_DelayMs                          0x08001463   Thumb Code    46  stm32_systick.o(.text)
    ADC1_DMA_Init                            0x080015b7   Thumb Code    24  stm32_adc.o(.text)
    DMA1_Channel1_IRQHandler                 0x08001607   Thumb Code    22  stm32_adc.o(.text)
    setSystemPriorityGroup                   0x08001631   Thumb Code    12  stm32_priority.o(.text)
    setIRQPriority                           0x0800163d   Thumb Code    34  stm32_priority.o(.text)
    STM32_GpioOneInit                        0x08001661   Thumb Code   142  stm32_gpio.o(.text)
    NVIC_PriorityGroupConfig                 0x0800170d   Thumb Code    10  misc.o(.text)
    NVIC_Init                                0x08001717   Thumb Code   102  misc.o(.text)
    NVIC_SetVectorTable                      0x0800177d   Thumb Code    14  misc.o(.text)
    NVIC_SystemLPConfig                      0x0800178b   Thumb Code    34  misc.o(.text)
    SysTick_CLKSourceConfig                  0x080017ad   Thumb Code    40  misc.o(.text)
    ADC_DeInit                               0x080017e9   Thumb Code    78  stm32f10x_adc.o(.text)
    ADC_Init                                 0x08001837   Thumb Code    70  stm32f10x_adc.o(.text)
    ADC_StructInit                           0x0800187d   Thumb Code    18  stm32f10x_adc.o(.text)
    ADC_Cmd                                  0x0800188f   Thumb Code    22  stm32f10x_adc.o(.text)
    ADC_DMACmd                               0x080018a5   Thumb Code    22  stm32f10x_adc.o(.text)
    ADC_ITConfig                             0x080018bb   Thumb Code    24  stm32f10x_adc.o(.text)
    ADC_ResetCalibration                     0x080018d3   Thumb Code    10  stm32f10x_adc.o(.text)
    ADC_GetResetCalibrationStatus            0x080018dd   Thumb Code    20  stm32f10x_adc.o(.text)
    ADC_StartCalibration                     0x080018f1   Thumb Code    10  stm32f10x_adc.o(.text)
    ADC_GetCalibrationStatus                 0x080018fb   Thumb Code    20  stm32f10x_adc.o(.text)
    ADC_SoftwareStartConvCmd                 0x0800190f   Thumb Code    22  stm32f10x_adc.o(.text)
    ADC_GetSoftwareStartConvStatus           0x08001925   Thumb Code    20  stm32f10x_adc.o(.text)
    ADC_DiscModeChannelCountConfig           0x08001939   Thumb Code    24  stm32f10x_adc.o(.text)
    ADC_DiscModeCmd                          0x08001951   Thumb Code    22  stm32f10x_adc.o(.text)
    ADC_RegularChannelConfig                 0x08001967   Thumb Code   184  stm32f10x_adc.o(.text)
    ADC_ExternalTrigConvCmd                  0x08001a1f   Thumb Code    22  stm32f10x_adc.o(.text)
    ADC_GetConversionValue                   0x08001a35   Thumb Code     8  stm32f10x_adc.o(.text)
    ADC_GetDualModeConversionValue           0x08001a3d   Thumb Code     8  stm32f10x_adc.o(.text)
    ADC_AutoInjectedConvCmd                  0x08001a45   Thumb Code    22  stm32f10x_adc.o(.text)
    ADC_InjectedDiscModeCmd                  0x08001a5b   Thumb Code    22  stm32f10x_adc.o(.text)
    ADC_ExternalTrigInjectedConvConfig       0x08001a71   Thumb Code    16  stm32f10x_adc.o(.text)
    ADC_ExternalTrigInjectedConvCmd          0x08001a81   Thumb Code    22  stm32f10x_adc.o(.text)
    ADC_SoftwareStartInjectedConvCmd         0x08001a97   Thumb Code    22  stm32f10x_adc.o(.text)
    ADC_GetSoftwareStartInjectedConvCmdStatus 0x08001aad   Thumb Code    20  stm32f10x_adc.o(.text)
    ADC_InjectedChannelConfig                0x08001ac1   Thumb Code   130  stm32f10x_adc.o(.text)
    ADC_InjectedSequencerLengthConfig        0x08001b43   Thumb Code    24  stm32f10x_adc.o(.text)
    ADC_SetInjectedOffset                    0x08001b5b   Thumb Code    20  stm32f10x_adc.o(.text)
    ADC_GetInjectedConversionValue           0x08001b6f   Thumb Code    28  stm32f10x_adc.o(.text)
    ADC_AnalogWatchdogCmd                    0x08001b8b   Thumb Code    16  stm32f10x_adc.o(.text)
    ADC_AnalogWatchdogThresholdsConfig       0x08001b9b   Thumb Code     6  stm32f10x_adc.o(.text)
    ADC_AnalogWatchdogSingleChannelConfig    0x08001ba1   Thumb Code    16  stm32f10x_adc.o(.text)
    ADC_TempSensorVrefintCmd                 0x08001bb1   Thumb Code    64  stm32f10x_adc.o(.text)
    ADC_GetFlagStatus                        0x08001bf1   Thumb Code    18  stm32f10x_adc.o(.text)
    ADC_ClearFlag                            0x08001c03   Thumb Code     6  stm32f10x_adc.o(.text)
    ADC_GetITStatus                          0x08001c09   Thumb Code    36  stm32f10x_adc.o(.text)
    ADC_ClearITPendingBit                    0x08001c2d   Thumb Code    10  stm32f10x_adc.o(.text)
    DMA_DeInit                               0x08001c39   Thumb Code   324  stm32f10x_dma.o(.text)
    DMA_Init                                 0x08001d7d   Thumb Code    60  stm32f10x_dma.o(.text)
    DMA_StructInit                           0x08001db9   Thumb Code    26  stm32f10x_dma.o(.text)
    DMA_Cmd                                  0x08001dd3   Thumb Code    24  stm32f10x_dma.o(.text)
    DMA_ITConfig                             0x08001deb   Thumb Code    18  stm32f10x_dma.o(.text)
    DMA_SetCurrDataCounter                   0x08001dfd   Thumb Code     4  stm32f10x_dma.o(.text)
    DMA_GetCurrDataCounter                   0x08001e01   Thumb Code     8  stm32f10x_dma.o(.text)
    DMA_GetFlagStatus                        0x08001e09   Thumb Code    38  stm32f10x_dma.o(.text)
    DMA_ClearFlag                            0x08001e2f   Thumb Code    22  stm32f10x_dma.o(.text)
    DMA_GetITStatus                          0x08001e45   Thumb Code    38  stm32f10x_dma.o(.text)
    DMA_ClearITPendingBit                    0x08001e6b   Thumb Code    22  stm32f10x_dma.o(.text)
    GPIO_DeInit                              0x08001e89   Thumb Code   172  stm32f10x_gpio.o(.text)
    GPIO_AFIODeInit                          0x08001f35   Thumb Code    20  stm32f10x_gpio.o(.text)
    GPIO_Init                                0x08001f49   Thumb Code   274  stm32f10x_gpio.o(.text)
    GPIO_StructInit                          0x0800205b   Thumb Code    16  stm32f10x_gpio.o(.text)
    GPIO_ReadInputDataBit                    0x0800206b   Thumb Code    18  stm32f10x_gpio.o(.text)
    GPIO_ReadInputData                       0x0800207d   Thumb Code     8  stm32f10x_gpio.o(.text)
    GPIO_ReadOutputDataBit                   0x08002085   Thumb Code    18  stm32f10x_gpio.o(.text)
    GPIO_ReadOutputData                      0x08002097   Thumb Code     8  stm32f10x_gpio.o(.text)
    GPIO_SetBits                             0x0800209f   Thumb Code     4  stm32f10x_gpio.o(.text)
    GPIO_ResetBits                           0x080020a3   Thumb Code     4  stm32f10x_gpio.o(.text)
    GPIO_WriteBit                            0x080020a7   Thumb Code    10  stm32f10x_gpio.o(.text)
    GPIO_Write                               0x080020b1   Thumb Code     4  stm32f10x_gpio.o(.text)
    GPIO_PinLockConfig                       0x080020b5   Thumb Code    18  stm32f10x_gpio.o(.text)
    GPIO_EventOutputConfig                   0x080020c7   Thumb Code    26  stm32f10x_gpio.o(.text)
    GPIO_EventOutputCmd                      0x080020e1   Thumb Code     6  stm32f10x_gpio.o(.text)
    GPIO_PinRemapConfig                      0x080020e7   Thumb Code   138  stm32f10x_gpio.o(.text)
    GPIO_EXTILineConfig                      0x08002171   Thumb Code    66  stm32f10x_gpio.o(.text)
    GPIO_ETH_MediaInterfaceConfig            0x080021b3   Thumb Code     6  stm32f10x_gpio.o(.text)
    RCC_DeInit                               0x080021e1   Thumb Code    64  stm32f10x_rcc.o(.text)
    RCC_HSEConfig                            0x08002221   Thumb Code    70  stm32f10x_rcc.o(.text)
    RCC_GetFlagStatus                        0x08002267   Thumb Code    56  stm32f10x_rcc.o(.text)
    RCC_WaitForHSEStartUp                    0x0800229f   Thumb Code    56  stm32f10x_rcc.o(.text)
    RCC_AdjustHSICalibrationValue            0x080022d7   Thumb Code    20  stm32f10x_rcc.o(.text)
    RCC_HSICmd                               0x080022eb   Thumb Code     6  stm32f10x_rcc.o(.text)
    RCC_PLLConfig                            0x080022f1   Thumb Code    24  stm32f10x_rcc.o(.text)
    RCC_PLLCmd                               0x08002309   Thumb Code     6  stm32f10x_rcc.o(.text)
    RCC_SYSCLKConfig                         0x0800230f   Thumb Code    18  stm32f10x_rcc.o(.text)
    RCC_GetSYSCLKSource                      0x08002321   Thumb Code    10  stm32f10x_rcc.o(.text)
    RCC_HCLKConfig                           0x0800232b   Thumb Code    18  stm32f10x_rcc.o(.text)
    RCC_PCLK1Config                          0x0800233d   Thumb Code    18  stm32f10x_rcc.o(.text)
    RCC_PCLK2Config                          0x0800234f   Thumb Code    20  stm32f10x_rcc.o(.text)
    RCC_ITConfig                             0x08002363   Thumb Code    26  stm32f10x_rcc.o(.text)
    RCC_USBCLKConfig                         0x0800237d   Thumb Code     6  stm32f10x_rcc.o(.text)
    RCC_ADCCLKConfig                         0x08002383   Thumb Code    18  stm32f10x_rcc.o(.text)
    RCC_LSEConfig                            0x08002395   Thumb Code    44  stm32f10x_rcc.o(.text)
    RCC_LSICmd                               0x080023c1   Thumb Code     6  stm32f10x_rcc.o(.text)
    RCC_RTCCLKConfig                         0x080023c7   Thumb Code    12  stm32f10x_rcc.o(.text)
    RCC_RTCCLKCmd                            0x080023d3   Thumb Code     8  stm32f10x_rcc.o(.text)
    RCC_GetClocksFreq                        0x080023db   Thumb Code   192  stm32f10x_rcc.o(.text)
    RCC_AHBPeriphClockCmd                    0x0800249b   Thumb Code    26  stm32f10x_rcc.o(.text)
    RCC_APB2PeriphClockCmd                   0x080024b5   Thumb Code    26  stm32f10x_rcc.o(.text)
    RCC_APB1PeriphClockCmd                   0x080024cf   Thumb Code    26  stm32f10x_rcc.o(.text)
    RCC_APB2PeriphResetCmd                   0x080024e9   Thumb Code    26  stm32f10x_rcc.o(.text)
    RCC_APB1PeriphResetCmd                   0x08002503   Thumb Code    26  stm32f10x_rcc.o(.text)
    RCC_BackupResetCmd                       0x0800251d   Thumb Code     8  stm32f10x_rcc.o(.text)
    RCC_ClockSecuritySystemCmd               0x08002525   Thumb Code     6  stm32f10x_rcc.o(.text)
    RCC_MCOConfig                            0x0800252b   Thumb Code     6  stm32f10x_rcc.o(.text)
    RCC_ClearFlag                            0x08002531   Thumb Code    14  stm32f10x_rcc.o(.text)
    RCC_GetITStatus                          0x0800253f   Thumb Code    20  stm32f10x_rcc.o(.text)
    RCC_ClearITPendingBit                    0x08002553   Thumb Code     6  stm32f10x_rcc.o(.text)
    TIM_DeInit                               0x08002585   Thumb Code   424  stm32f10x_tim.o(.text)
    TIM_TimeBaseInit                         0x0800272d   Thumb Code   122  stm32f10x_tim.o(.text)
    TIM_OC1Init                              0x080027a7   Thumb Code   132  stm32f10x_tim.o(.text)
    TIM_OC2Init                              0x0800282b   Thumb Code   154  stm32f10x_tim.o(.text)
    TIM_OC3Init                              0x080028c5   Thumb Code   150  stm32f10x_tim.o(.text)
    TIM_OC4Init                              0x0800295b   Thumb Code   182  stm32f10x_tim.o(.text)
    TIM_SetIC4Prescaler                      0x08002a11   Thumb Code    26  stm32f10x_tim.o(.text)
    TIM_SetIC3Prescaler                      0x08002aad   Thumb Code    18  stm32f10x_tim.o(.text)
    TIM_SetIC2Prescaler                      0x08002b39   Thumb Code    26  stm32f10x_tim.o(.text)
    TIM_SetIC1Prescaler                      0x08002bd5   Thumb Code    18  stm32f10x_tim.o(.text)
    TIM_ICInit                               0x08002c53   Thumb Code   150  stm32f10x_tim.o(.text)
    TIM_PWMIConfig                           0x08002ce9   Thumb Code   124  stm32f10x_tim.o(.text)
    TIM_BDTRConfig                           0x08002d65   Thumb Code    32  stm32f10x_tim.o(.text)
    TIM_TimeBaseStructInit                   0x08002d85   Thumb Code    18  stm32f10x_tim.o(.text)
    TIM_OCStructInit                         0x08002d97   Thumb Code    20  stm32f10x_tim.o(.text)
    TIM_ICStructInit                         0x08002dab   Thumb Code    18  stm32f10x_tim.o(.text)
    TIM_BDTRStructInit                       0x08002dbd   Thumb Code    40  stm32f10x_tim.o(.text)
    TIM_Cmd                                  0x08002de5   Thumb Code    24  stm32f10x_tim.o(.text)
    TIM_CtrlPWMOutputs                       0x08002dfd   Thumb Code    30  stm32f10x_tim.o(.text)
    TIM_ITConfig                             0x08002e1b   Thumb Code    18  stm32f10x_tim.o(.text)
    TIM_GenerateEvent                        0x08002e2d   Thumb Code     4  stm32f10x_tim.o(.text)
    TIM_DMAConfig                            0x08002e31   Thumb Code    10  stm32f10x_tim.o(.text)
    TIM_DMACmd                               0x08002e3b   Thumb Code    18  stm32f10x_tim.o(.text)
    TIM_InternalClockConfig                  0x08002e4d   Thumb Code    12  stm32f10x_tim.o(.text)
    TIM_SelectInputTrigger                   0x08002e59   Thumb Code    18  stm32f10x_tim.o(.text)
    TIM_ITRxExternalClockConfig              0x08002e6b   Thumb Code    24  stm32f10x_tim.o(.text)
    TIM_TIxExternalClockConfig               0x08002e83   Thumb Code    62  stm32f10x_tim.o(.text)
    TIM_ETRConfig                            0x08002ec1   Thumb Code    28  stm32f10x_tim.o(.text)
    TIM_ETRClockMode1Config                  0x08002edd   Thumb Code    54  stm32f10x_tim.o(.text)
    TIM_ETRClockMode2Config                  0x08002f13   Thumb Code    32  stm32f10x_tim.o(.text)
    TIM_PrescalerConfig                      0x08002f33   Thumb Code     6  stm32f10x_tim.o(.text)
    TIM_CounterModeConfig                    0x08002f39   Thumb Code    18  stm32f10x_tim.o(.text)
    TIM_EncoderInterfaceConfig               0x08002f4b   Thumb Code    66  stm32f10x_tim.o(.text)
    TIM_ForcedOC1Config                      0x08002f8d   Thumb Code    18  stm32f10x_tim.o(.text)
    TIM_ForcedOC2Config                      0x08002f9f   Thumb Code    26  stm32f10x_tim.o(.text)
    TIM_ForcedOC3Config                      0x08002fb9   Thumb Code    18  stm32f10x_tim.o(.text)
    TIM_ForcedOC4Config                      0x08002fcb   Thumb Code    26  stm32f10x_tim.o(.text)
    TIM_ARRPreloadConfig                     0x08002fe5   Thumb Code    24  stm32f10x_tim.o(.text)
    TIM_SelectCOM                            0x08002ffd   Thumb Code    24  stm32f10x_tim.o(.text)
    TIM_SelectCCDMA                          0x08003015   Thumb Code    24  stm32f10x_tim.o(.text)
    TIM_CCPreloadControl                     0x0800302d   Thumb Code    24  stm32f10x_tim.o(.text)
    TIM_OC1PreloadConfig                     0x08003045   Thumb Code    18  stm32f10x_tim.o(.text)
    TIM_OC2PreloadConfig                     0x08003057   Thumb Code    26  stm32f10x_tim.o(.text)
    TIM_OC3PreloadConfig                     0x08003071   Thumb Code    18  stm32f10x_tim.o(.text)
    TIM_OC4PreloadConfig                     0x08003083   Thumb Code    26  stm32f10x_tim.o(.text)
    TIM_OC1FastConfig                        0x0800309d   Thumb Code    18  stm32f10x_tim.o(.text)
    TIM_OC2FastConfig                        0x080030af   Thumb Code    26  stm32f10x_tim.o(.text)
    TIM_OC3FastConfig                        0x080030c9   Thumb Code    18  stm32f10x_tim.o(.text)
    TIM_OC4FastConfig                        0x080030db   Thumb Code    26  stm32f10x_tim.o(.text)
    TIM_ClearOC1Ref                          0x080030f5   Thumb Code    18  stm32f10x_tim.o(.text)
    TIM_ClearOC2Ref                          0x08003107   Thumb Code    24  stm32f10x_tim.o(.text)
    TIM_ClearOC3Ref                          0x0800311f   Thumb Code    18  stm32f10x_tim.o(.text)
    TIM_ClearOC4Ref                          0x08003131   Thumb Code    24  stm32f10x_tim.o(.text)
    TIM_OC1PolarityConfig                    0x08003149   Thumb Code    18  stm32f10x_tim.o(.text)
    TIM_OC1NPolarityConfig                   0x0800315b   Thumb Code    18  stm32f10x_tim.o(.text)
    TIM_OC2PolarityConfig                    0x0800316d   Thumb Code    26  stm32f10x_tim.o(.text)
    TIM_OC2NPolarityConfig                   0x08003187   Thumb Code    26  stm32f10x_tim.o(.text)
    TIM_OC3PolarityConfig                    0x080031a1   Thumb Code    26  stm32f10x_tim.o(.text)
    TIM_OC3NPolarityConfig                   0x080031bb   Thumb Code    26  stm32f10x_tim.o(.text)
    TIM_OC4PolarityConfig                    0x080031d5   Thumb Code    26  stm32f10x_tim.o(.text)
    TIM_CCxCmd                               0x080031ef   Thumb Code    30  stm32f10x_tim.o(.text)
    TIM_CCxNCmd                              0x0800320d   Thumb Code    30  stm32f10x_tim.o(.text)
    TIM_SelectOCxM                           0x0800322b   Thumb Code    82  stm32f10x_tim.o(.text)
    TIM_UpdateDisableConfig                  0x0800327d   Thumb Code    24  stm32f10x_tim.o(.text)
    TIM_UpdateRequestConfig                  0x08003295   Thumb Code    24  stm32f10x_tim.o(.text)
    TIM_SelectHallSensor                     0x080032ad   Thumb Code    24  stm32f10x_tim.o(.text)
    TIM_SelectOnePulseMode                   0x080032c5   Thumb Code    18  stm32f10x_tim.o(.text)
    TIM_SelectOutputTrigger                  0x080032d7   Thumb Code    18  stm32f10x_tim.o(.text)
    TIM_SelectSlaveMode                      0x080032e9   Thumb Code    18  stm32f10x_tim.o(.text)
    TIM_SelectMasterSlaveMode                0x080032fb   Thumb Code    18  stm32f10x_tim.o(.text)
    TIM_SetCounter                           0x0800330d   Thumb Code     4  stm32f10x_tim.o(.text)
    TIM_SetAutoreload                        0x08003311   Thumb Code     4  stm32f10x_tim.o(.text)
    TIM_SetCompare1                          0x08003315   Thumb Code     4  stm32f10x_tim.o(.text)
    TIM_SetCompare2                          0x08003319   Thumb Code     4  stm32f10x_tim.o(.text)
    TIM_SetCompare3                          0x0800331d   Thumb Code     4  stm32f10x_tim.o(.text)
    TIM_SetCompare4                          0x08003321   Thumb Code     6  stm32f10x_tim.o(.text)
    TIM_SetClockDivision                     0x08003327   Thumb Code    18  stm32f10x_tim.o(.text)
    TIM_GetCapture1                          0x08003339   Thumb Code     6  stm32f10x_tim.o(.text)
    TIM_GetCapture2                          0x0800333f   Thumb Code     6  stm32f10x_tim.o(.text)
    TIM_GetCapture3                          0x08003345   Thumb Code     6  stm32f10x_tim.o(.text)
    TIM_GetCapture4                          0x0800334b   Thumb Code     8  stm32f10x_tim.o(.text)
    TIM_GetCounter                           0x08003353   Thumb Code     6  stm32f10x_tim.o(.text)
    TIM_GetPrescaler                         0x08003359   Thumb Code     6  stm32f10x_tim.o(.text)
    TIM_GetFlagStatus                        0x0800335f   Thumb Code    18  stm32f10x_tim.o(.text)
    TIM_ClearFlag                            0x08003371   Thumb Code     6  stm32f10x_tim.o(.text)
    TIM_GetITStatus                          0x08003377   Thumb Code    34  stm32f10x_tim.o(.text)
    TIM_ClearITPendingBit                    0x08003399   Thumb Code     6  stm32f10x_tim.o(.text)
    USART_DeInit                             0x080033a1   Thumb Code   134  stm32f10x_usart.o(.text)
    USART_Init                               0x08003427   Thumb Code   210  stm32f10x_usart.o(.text)
    USART_StructInit                         0x080034f9   Thumb Code    24  stm32f10x_usart.o(.text)
    USART_ClockInit                          0x08003511   Thumb Code    34  stm32f10x_usart.o(.text)
    USART_ClockStructInit                    0x08003533   Thumb Code    12  stm32f10x_usart.o(.text)
    USART_Cmd                                0x0800353f   Thumb Code    24  stm32f10x_usart.o(.text)
    USART_ITConfig                           0x08003557   Thumb Code    74  stm32f10x_usart.o(.text)
    USART_DMACmd                             0x080035a1   Thumb Code    18  stm32f10x_usart.o(.text)
    USART_SetAddress                         0x080035b3   Thumb Code    18  stm32f10x_usart.o(.text)
    USART_WakeUpConfig                       0x080035c5   Thumb Code    18  stm32f10x_usart.o(.text)
    USART_ReceiverWakeUpCmd                  0x080035d7   Thumb Code    24  stm32f10x_usart.o(.text)
    USART_LINBreakDetectLengthConfig         0x080035ef   Thumb Code    18  stm32f10x_usart.o(.text)
    USART_LINCmd                             0x08003601   Thumb Code    24  stm32f10x_usart.o(.text)
    USART_SendData                           0x08003619   Thumb Code     8  stm32f10x_usart.o(.text)
    USART_ReceiveData                        0x08003621   Thumb Code    10  stm32f10x_usart.o(.text)
    USART_SendBreak                          0x0800362b   Thumb Code    10  stm32f10x_usart.o(.text)
    USART_SetGuardTime                       0x08003635   Thumb Code    16  stm32f10x_usart.o(.text)
    USART_SetPrescaler                       0x08003645   Thumb Code    16  stm32f10x_usart.o(.text)
    USART_SmartCardCmd                       0x08003655   Thumb Code    24  stm32f10x_usart.o(.text)
    USART_SmartCardNACKCmd                   0x0800366d   Thumb Code    24  stm32f10x_usart.o(.text)
    USART_HalfDuplexCmd                      0x08003685   Thumb Code    24  stm32f10x_usart.o(.text)
    USART_OverSampling8Cmd                   0x0800369d   Thumb Code    22  stm32f10x_usart.o(.text)
    USART_OneBitMethodCmd                    0x080036b3   Thumb Code    24  stm32f10x_usart.o(.text)
    USART_IrDAConfig                         0x080036cb   Thumb Code    18  stm32f10x_usart.o(.text)
    USART_IrDACmd                            0x080036dd   Thumb Code    24  stm32f10x_usart.o(.text)
    USART_GetFlagStatus                      0x080036f5   Thumb Code    26  stm32f10x_usart.o(.text)
    USART_ClearFlag                          0x0800370f   Thumb Code    18  stm32f10x_usart.o(.text)
    USART_GetITStatus                        0x08003721   Thumb Code    84  stm32f10x_usart.o(.text)
    USART_ClearITPendingBit                  0x08003775   Thumb Code    52  stm32f10x_usart.o(.text)
    EXTI_DeInit                              0x080037a9   Thumb Code    28  stm32f10x_exti.o(.text)
    EXTI_Init                                0x080037c5   Thumb Code   142  stm32f10x_exti.o(.text)
    EXTI_StructInit                          0x08003853   Thumb Code    16  stm32f10x_exti.o(.text)
    EXTI_GenerateSWInterrupt                 0x08003863   Thumb Code    16  stm32f10x_exti.o(.text)
    EXTI_GetFlagStatus                       0x08003873   Thumb Code    22  stm32f10x_exti.o(.text)
    EXTI_ClearFlag                           0x08003889   Thumb Code     8  stm32f10x_exti.o(.text)
    EXTI_GetITStatus                         0x08003891   Thumb Code    34  stm32f10x_exti.o(.text)
    EXTI_ClearITPendingBit                   0x080038b3   Thumb Code     8  stm32f10x_exti.o(.text)
    PWR_DeInit                               0x080038c5   Thumb Code    22  stm32f10x_pwr.o(.text)
    PWR_BackupAccessCmd                      0x080038db   Thumb Code     6  stm32f10x_pwr.o(.text)
    PWR_PVDCmd                               0x080038e1   Thumb Code     6  stm32f10x_pwr.o(.text)
    PWR_PVDLevelConfig                       0x080038e7   Thumb Code    18  stm32f10x_pwr.o(.text)
    PWR_WakeUpPinCmd                         0x080038f9   Thumb Code     6  stm32f10x_pwr.o(.text)
    PWR_EnterSTOPMode                        0x080038ff   Thumb Code    54  stm32f10x_pwr.o(.text)
    PWR_EnterSTANDBYMode                     0x08003935   Thumb Code    42  stm32f10x_pwr.o(.text)
    PWR_GetFlagStatus                        0x0800395f   Thumb Code    20  stm32f10x_pwr.o(.text)
    PWR_ClearFlag                            0x08003973   Thumb Code    14  stm32f10x_pwr.o(.text)
    RTC_ITConfig                             0x08003991   Thumb Code    26  stm32f10x_rtc.o(.text)
    RTC_EnterConfigMode                      0x080039ab   Thumb Code    18  stm32f10x_rtc.o(.text)
    RTC_ExitConfigMode                       0x080039bd   Thumb Code    20  stm32f10x_rtc.o(.text)
    RTC_GetCounter                           0x080039d1   Thumb Code    18  stm32f10x_rtc.o(.text)
    RTC_SetCounter                           0x080039e3   Thumb Code    26  stm32f10x_rtc.o(.text)
    RTC_SetPrescaler                         0x080039fd   Thumb Code    28  stm32f10x_rtc.o(.text)
    RTC_SetAlarm                             0x08003a19   Thumb Code    26  stm32f10x_rtc.o(.text)
    RTC_GetDivider                           0x08003a33   Thumb Code    22  stm32f10x_rtc.o(.text)
    RTC_WaitForLastTask                      0x08003a49   Thumb Code    16  stm32f10x_rtc.o(.text)
    RTC_WaitForSynchro                       0x08003a59   Thumb Code    34  stm32f10x_rtc.o(.text)
    RTC_GetFlagStatus                        0x08003a7b   Thumb Code    22  stm32f10x_rtc.o(.text)
    RTC_ClearFlag                            0x08003a91   Thumb Code    16  stm32f10x_rtc.o(.text)
    RTC_GetITStatus                          0x08003aa1   Thumb Code    32  stm32f10x_rtc.o(.text)
    RTC_ClearITPendingBit                    0x08003ac1   Thumb Code    16  stm32f10x_rtc.o(.text)
    SystemInit                               0x08003bb1   Thumb Code    78  system_stm32f10x.o(.text)
    SystemCoreClockUpdate                    0x08003bff   Thumb Code   142  system_stm32f10x.o(.text)
    Reset_Handler                            0x08003cb1   Thumb Code     8  startup_stm32f10x_md.o(.text)
    ADC1_2_IRQHandler                        0x08003ccb   Thumb Code     0  startup_stm32f10x_md.o(.text)
    CAN1_RX1_IRQHandler                      0x08003ccb   Thumb Code     0  startup_stm32f10x_md.o(.text)
    CAN1_SCE_IRQHandler                      0x08003ccb   Thumb Code     0  startup_stm32f10x_md.o(.text)
    DMA1_Channel2_IRQHandler                 0x08003ccb   Thumb Code     0  startup_stm32f10x_md.o(.text)
    DMA1_Channel3_IRQHandler                 0x08003ccb   Thumb Code     0  startup_stm32f10x_md.o(.text)
    DMA1_Channel4_IRQHandler                 0x08003ccb   Thumb Code     0  startup_stm32f10x_md.o(.text)
    DMA1_Channel5_IRQHandler                 0x08003ccb   Thumb Code     0  startup_stm32f10x_md.o(.text)
    DMA1_Channel6_IRQHandler                 0x08003ccb   Thumb Code     0  startup_stm32f10x_md.o(.text)
    DMA1_Channel7_IRQHandler                 0x08003ccb   Thumb Code     0  startup_stm32f10x_md.o(.text)
    EXTI0_IRQHandler                         0x08003ccb   Thumb Code     0  startup_stm32f10x_md.o(.text)
    EXTI15_10_IRQHandler                     0x08003ccb   Thumb Code     0  startup_stm32f10x_md.o(.text)
    EXTI1_IRQHandler                         0x08003ccb   Thumb Code     0  startup_stm32f10x_md.o(.text)
    EXTI2_IRQHandler                         0x08003ccb   Thumb Code     0  startup_stm32f10x_md.o(.text)
    EXTI3_IRQHandler                         0x08003ccb   Thumb Code     0  startup_stm32f10x_md.o(.text)
    EXTI4_IRQHandler                         0x08003ccb   Thumb Code     0  startup_stm32f10x_md.o(.text)
    EXTI9_5_IRQHandler                       0x08003ccb   Thumb Code     0  startup_stm32f10x_md.o(.text)
    FLASH_IRQHandler                         0x08003ccb   Thumb Code     0  startup_stm32f10x_md.o(.text)
    I2C1_ER_IRQHandler                       0x08003ccb   Thumb Code     0  startup_stm32f10x_md.o(.text)
    I2C1_EV_IRQHandler                       0x08003ccb   Thumb Code     0  startup_stm32f10x_md.o(.text)
    I2C2_ER_IRQHandler                       0x08003ccb   Thumb Code     0  startup_stm32f10x_md.o(.text)
    I2C2_EV_IRQHandler                       0x08003ccb   Thumb Code     0  startup_stm32f10x_md.o(.text)
    PVD_IRQHandler                           0x08003ccb   Thumb Code     0  startup_stm32f10x_md.o(.text)
    RCC_IRQHandler                           0x08003ccb   Thumb Code     0  startup_stm32f10x_md.o(.text)
    RTCAlarm_IRQHandler                      0x08003ccb   Thumb Code     0  startup_stm32f10x_md.o(.text)
    RTC_IRQHandler                           0x08003ccb   Thumb Code     0  startup_stm32f10x_md.o(.text)
    SPI1_IRQHandler                          0x08003ccb   Thumb Code     0  startup_stm32f10x_md.o(.text)
    SPI2_IRQHandler                          0x08003ccb   Thumb Code     0  startup_stm32f10x_md.o(.text)
    TAMPER_IRQHandler                        0x08003ccb   Thumb Code     0  startup_stm32f10x_md.o(.text)
    TIM1_BRK_IRQHandler                      0x08003ccb   Thumb Code     0  startup_stm32f10x_md.o(.text)
    TIM1_CC_IRQHandler                       0x08003ccb   Thumb Code     0  startup_stm32f10x_md.o(.text)
    TIM1_TRG_COM_IRQHandler                  0x08003ccb   Thumb Code     0  startup_stm32f10x_md.o(.text)
    TIM1_UP_IRQHandler                       0x08003ccb   Thumb Code     0  startup_stm32f10x_md.o(.text)
    USBWakeUp_IRQHandler                     0x08003ccb   Thumb Code     0  startup_stm32f10x_md.o(.text)
    USB_HP_CAN1_TX_IRQHandler                0x08003ccb   Thumb Code     0  startup_stm32f10x_md.o(.text)
    USB_LP_CAN1_RX0_IRQHandler               0x08003ccb   Thumb Code     0  startup_stm32f10x_md.o(.text)
    WWDG_IRQHandler                          0x08003ccb   Thumb Code     0  startup_stm32f10x_md.o(.text)
    __cpp_initialize__aeabi_                 0x08003cd5   Thumb Code    22  cpp_init.o(.text)
    __default_new_handler()                  0x08003cf5   Thumb Code     4  arm_newhandler_noexceptions.o(.text)
    __rt_new_handler_addr                    0x08003cf9   Thumb Code     4  cpp_memory.o(.text)
    __aeabi_unwind_cpp_pr0                   0x08003d01   Thumb Code     4  cpp_unwinder.o(.text)
    __aeabi_unwind_cpp_pr1                   0x08003d05   Thumb Code     4  cpp_unwinder.o(.text)
    _Unwind_DeleteException                  0x08003d09   Thumb Code     2  cpp_unwinder.o(.text)
    _Unwind_Activity                         0x08003d0b   Thumb Code     2  cpp_unwinder.o(.text)
    _Unwind_RaiseException                   0x08003d0d   Thumb Code     4  cpp_unwinder.o(.text)
    __rt_eh_globals_addr                     0x08003d11   Thumb Code    10  cpp_unwinder.o(.text)
    std::terminate()                         0x08003d21   Thumb Code    26  arm_exceptions_terminate.o(.text)
    __scatterload                            0x08003d3d   Thumb Code    28  init.o(.text)
    __scatterload_rt2                        0x08003d3d   Thumb Code     0  init.o(.text)
    __cxa_get_globals                        0x08003d67   Thumb Code    62  arm_exceptions_globs.o(.text)
    __ARM_exceptions_buffer_init             0x08003db1   Thumb Code    18  arm_exceptions_mem.o(.text)
    __ARM_exceptions_buffer_allocate         0x08003dc3   Thumb Code    22  arm_exceptions_mem.o(.text)
    __ARM_exceptions_buffer_free             0x08003dd9   Thumb Code    20  arm_exceptions_mem.o(.text)
    ChainNode::ChainNode(unsigned char, ChainNode*, ChainNode*) 0x08003ded   Thumb Code     8  datachain.o(i._ZN9ChainNodeC1EhPS_S0_)
    ChainNode::ChainNode__sub_object(unsigned char, ChainNode*, ChainNode*) 0x08003ded   Thumb Code     0  datachain.o(i._ZN9ChainNodeC1EhPS_S0_)
    operator delete[] (void*)                0x08003df5   Thumb Code     8  array_del.o(i._ZdaPv)
    operator delete (void*)                  0x08003dfd   Thumb Code     8  delete.o(i._ZdlPv)
    operator new[] (unsigned)                0x08003e05   Thumb Code     8  array_new.o(i._Znaj)
    operator new(unsigned)                   0x08003e0d   Thumb Code    34  new.o(i._Znwj)
    __scatterload_copy                       0x08003e35   Thumb Code    14  handlers.o(i.__scatterload_copy)
    __scatterload_null                       0x08003e43   Thumb Code     2  handlers.o(i.__scatterload_null)
    __scatterload_zeroinit                   0x08003e45   Thumb Code    14  handlers.o(i.__scatterload_zeroinit)
    free                                     0x08003e55   Thumb Code    76  malloc.o(i.free)
    malloc                                   0x08003ea5   Thumb Code    92  malloc.o(i.malloc)
    vtable for TerminalControl               0x08003f10   Data          16  terminalcontrol.o(.constdata__ZTV15TerminalControl)
    Region$$Table$$Base                      0x08003f20   Number         0  anon$$obj.o(Region$$Table)
    Region$$Table$$Limit                     0x08003f40   Number         0  anon$$obj.o(Region$$Table)
    SHT$$INIT_ARRAY$$Base                    0x08003f40   Number         0  serialport.o(.init_array)
    SHT$$INIT_ARRAY$$Limit                   0x08003f44   Number         0  serialport.o(.init_array)
    process                                  0x20000000   Data           4  main.o(.data)
    ledExcp                                  0x20000004   Data           4  main.o(.data)
    HSEStartUpStatus                         0x20000008   Data           1  main.o(.data)
    AD_Filter                                0x20000016   Data           2  stm32_adc.o(.data)
    SystemCoreClock                          0x2000002c   Data           4  system_stm32f10x.o(.data)
    AHBPrescTable                            0x20000030   Data          16  system_stm32f10x.o(.data)
    __microlib_freelist                      0x2000004c   Data           4  mvars.o(.data)
    __microlib_freelist_initialised          0x20000050   Data           4  mvars.o(.data)
    USART_data_1                             0x20000054   Data          84  serialport.o(.bss)
    USART_data_2                             0x200000a8   Data          84  serialport.o(.bss)
    USART_data_3                             0x200000fc   Data          84  serialport.o(.bss)
    USART_data_4                             0x20000150   Data          84  serialport.o(.bss)
    USART_data_5                             0x200001a4   Data          84  serialport.o(.bss)
    USART_data_6                             0x200001f8   Data          84  serialport.o(.bss)
    AD_Cache                                 0x2000024c   Data          20  stm32_adc.o(.bss)
    __heap_base                              0x20000260   Data           0  startup_stm32f10x_md.o(HEAP)
    __heap_limit                             0x20001260   Data           0  startup_stm32f10x_md.o(HEAP)
    __initial_sp                             0x20001660   Data           0  startup_stm32f10x_md.o(STACK)



==============================================================================

Memory Map of the image

  Image Entry point : 0x080000ed

  Load Region LR_IROM1 (Base: 0x08000000, Size: 0x00003f98, Max: 0x00020000, ABSOLUTE)

    Execution Region ER_IROM1 (Base: 0x08000000, Size: 0x00003f44, Max: 0x00020000, ABSOLUTE)

    Base Addr    Size         Type   Attr      Idx    E Section Name        Object

    0x08000000   0x000000ec   Data   RO          970    RESET               startup_stm32f10x_md.o
    0x080000ec   0x00000000   Code   RO         1089  * .ARM.Collect$$$$00000000  mc_w.l(entry.o)
    0x080000ec   0x00000004   Code   RO         1123    .ARM.Collect$$$$00000001  mc_w.l(entry2.o)
    0x080000f0   0x00000004   Code   RO         1126    .ARM.Collect$$$$00000004  mc_w.l(entry5.o)
    0x080000f4   0x00000000   Code   RO         1128    .ARM.Collect$$$$00000008  mc_w.l(entry7b.o)
    0x080000f4   0x00000004   Code   RO         1129    .ARM.Collect$$$$00000009  mc_w.l(entry8a.o)
    0x080000f8   0x00000000   Code   RO         1130    .ARM.Collect$$$$0000000A  mc_w.l(entry8b.o)
    0x080000f8   0x00000008   Code   RO         1131    .ARM.Collect$$$$0000000B  mc_w.l(entry9a.o)
    0x08000100   0x00000000   Code   RO         1133    .ARM.Collect$$$$0000000D  mc_w.l(entry10a.o)
    0x08000100   0x00000000   Code   RO         1135    .ARM.Collect$$$$0000000F  mc_w.l(entry11a.o)
    0x08000100   0x00000004   Code   RO         1124    .ARM.Collect$$$$00002712  mc_w.l(entry2.o)
    0x08000104   0x000002e0   Code   RO            3    .text               main.o
    0x080003e4   0x0000047e   Code   RO          164    .text               process.o
    0x08000862   0x00000002   PAD
    0x08000864   0x00000188   Code   RO          196    .text               terminalcontrol.o
    0x080009ec   0x000000ca   Code   RO          321    .text               datachain.o
    0x08000ab6   0x00000002   PAD
    0x08000ab8   0x000000b4   Code   RO          354    .text               ioout.o
    0x08000b6c   0x00000604   Code   RO          403    .text               serialport.o
    0x08001170   0x00000234   Code   RO          428    .text               timer.o
    0x080013a4   0x000000fc   Code   RO          451    .text               stm32_systick.o
    0x080014a0   0x00000190   Code   RO          569    .text               stm32_adc.o
    0x08001630   0x0000002e   Code   RO          682    .text               stm32_priority.o
    0x0800165e   0x00000002   PAD
    0x08001660   0x000000ac   Code   RO          705    .text               stm32_gpio.o
    0x0800170c   0x000000dc   Code   RO          728    .text               misc.o
    0x080017e8   0x0000044e   Code   RO          748    .text               stm32f10x_adc.o
    0x08001c36   0x00000002   PAD
    0x08001c38   0x00000250   Code   RO          782    .text               stm32f10x_dma.o
    0x08001e88   0x00000358   Code   RO          802    .text               stm32f10x_gpio.o
    0x080021e0   0x000003a4   Code   RO          822    .text               stm32f10x_rcc.o
    0x08002584   0x00000e1a   Code   RO          844    .text               stm32f10x_tim.o
    0x0800339e   0x00000002   PAD
    0x080033a0   0x00000408   Code   RO          864    .text               stm32f10x_usart.o
    0x080037a8   0x0000011c   Code   RO          884    .text               stm32f10x_exti.o
    0x080038c4   0x000000cc   Code   RO          904    .text               stm32f10x_pwr.o
    0x08003990   0x00000144   Code   RO          924    .text               stm32f10x_rtc.o
    0x08003ad4   0x000001dc   Code   RO          944    .text               system_stm32f10x.o
    0x08003cb0   0x00000024   Code   RO          971    .text               startup_stm32f10x_md.o
    0x08003cd4   0x00000020   Code   RO         1095    .text               mc_w.l(cpp_init.o)
    0x08003cf4   0x00000004   Code   RO         1100    .text               cpprt_w.l(arm_newhandler_noexceptions.o)
    0x08003cf8   0x00000008   Code   RO         1165    .text               mc_w.l(cpp_memory.o)
    0x08003d00   0x00000020   Code   RO         1168    .text               mc_w.l(cpp_unwinder.o)
    0x08003d20   0x0000001a   Code   RO         1171    .text               cpprt_w.l(arm_exceptions_terminate.o)
    0x08003d3a   0x00000002   PAD
    0x08003d3c   0x00000024   Code   RO         1187    .text               mc_w.l(init.o)
    0x08003d60   0x00000050   Code   RO         1195    .text               cpprt_w.l(arm_exceptions_globs.o)
    0x08003db0   0x0000003c   Code   RO         1203    .text               cpprt_w.l(arm_exceptions_mem.o)
    0x08003dec   0x00000008   Code   RO          336    i._ZN9ChainNodeC1EhPS_S0_  datachain.o
    0x08003df4   0x00000008   Code   RO          975    i._ZdaPv            cpprt_w.l(array_del.o)
    0x08003dfc   0x00000008   Code   RO          982    i._ZdlPv            cpprt_w.l(delete.o)
    0x08003e04   0x00000008   Code   RO          978    i._Znaj             cpprt_w.l(array_new.o)
    0x08003e0c   0x00000028   Code   RO          985    i._Znwj             cpprt_w.l(new.o)
    0x08003e34   0x0000000e   Code   RO         1208    i.__scatterload_copy  mc_w.l(handlers.o)
    0x08003e42   0x00000002   Code   RO         1209    i.__scatterload_null  mc_w.l(handlers.o)
    0x08003e44   0x0000000e   Code   RO         1210    i.__scatterload_zeroinit  mc_w.l(handlers.o)
    0x08003e52   0x00000002   PAD
    0x08003e54   0x00000050   Code   RO         1137    i.free              mc_w.l(malloc.o)
    0x08003ea4   0x0000006c   Code   RO         1138    i.malloc            mc_w.l(malloc.o)
    0x08003f10   0x00000010   Data   RO          212    .constdata__ZTV15TerminalControl  terminalcontrol.o
    0x08003f20   0x00000020   Data   RO         1206    Region$$Table       anon$$obj.o
    0x08003f40   0x00000004   Data   RO          406    .init_array         serialport.o


    Execution Region RW_IRAM1 (Base: 0x20000000, Size: 0x00001660, Max: 0x00005000, ABSOLUTE)

    Base Addr    Size         Type   Attr      Idx    E Section Name        Object

    0x20000000   0x00000009   Data   RW            5    .data               main.o
    0x20000009   0x00000001   PAD
    0x2000000a   0x00000008   Data   RW          166    .data               process.o
    0x20000012   0x00000004   Data   RW          452    .data               stm32_systick.o
    0x20000016   0x00000002   Data   RW          571    .data               stm32_adc.o
    0x20000018   0x00000014   Data   RW          823    .data               stm32f10x_rcc.o
    0x2000002c   0x00000014   Data   RW          945    .data               system_stm32f10x.o
    0x20000040   0x00000004   Data   RW         1166    .data               mc_w.l(cpp_memory.o)
    0x20000044   0x00000008   Data   RW         1169    .data               mc_w.l(cpp_unwinder.o)
    0x2000004c   0x00000004   Data   RW         1193    .data               mc_w.l(mvars.o)
    0x20000050   0x00000004   Data   RW         1194    .data               mc_w.l(mvars.o)
    0x20000054   0x000001f8   Zero   RW          405    .bss                serialport.o
    0x2000024c   0x00000014   Zero   RW          570    .bss                stm32_adc.o
    0x20000260   0x00001000   Zero   RW          969    HEAP                startup_stm32f10x_md.o
    0x20001260   0x00000400   Zero   RW          968    STACK               startup_stm32f10x_md.o


==============================================================================

Image component sizes


      Code (inc. data)   RO Data    RW Data    ZI Data      Debug   Object Name

       210          0          0          0          0       3256   datachain.o
       180          4          0          0          0       2344   ioout.o
       736         30          0          9          0     231311   main.o
       220         20          0          0          0       1773   misc.o
      1150         40          0          8          0       8028   process.o
      1540         88          4          0        504       8180   serialport.o
        36          8        236          0       5120        776   startup_stm32f10x_md.o
       400         20          0          2         20     224398   stm32_adc.o
       172         30          0          0          0       1060   stm32_gpio.o
        46          0          0          0          0        820   stm32_priority.o
       252         16          0          4          0     273543   stm32_systick.o
      1102         26          0          0          0      10805   stm32f10x_adc.o
       592          8          0          0          0       4302   stm32f10x_dma.o
       284         10          0          0          0       2203   stm32f10x_exti.o
       856         40          0          0          0       5617   stm32f10x_gpio.o
       204         16          0          0          0       1903   stm32f10x_pwr.o
       932         44          0         20          0       8772   stm32f10x_rcc.o
       324          4          0          0          0       2654   stm32f10x_rtc.o
      3610         88          0          0          0      22100   stm32f10x_tim.o
      1032         22          0          0          0       8344   stm32f10x_usart.o
       476         36          0         20          0       1811   system_stm32f10x.o
       392          6         16          0          0     234576   terminalcontrol.o
       564         38          0          0          0       3680   timer.o

    ----------------------------------------------------------------------
     15320        594        288         64       5644    1062256   Object Totals
         0          0         32          0          0          0   (incl. Generated)
        10          0          0          1          0          0   (incl. Padding)

    ----------------------------------------------------------------------

      Code (inc. data)   RO Data    RW Data    ZI Data      Debug   Library Member Name

        80         12          0          0          0        104   arm_exceptions_globs.o
        60          0          0          0          0        108   arm_exceptions_mem.o
        26          0          0          0          0         76   arm_exceptions_terminate.o
         4          0          0          0          0         68   arm_newhandler_noexceptions.o
         8          0          0          0          0         76   array_del.o
         8          0          0          0          0         76   array_new.o
         8          0          0          0          0         76   delete.o
        40          6          0          0          0         76   new.o
        32         10          0          0          0         80   cpp_init.o
         8          4          0          4          0         68   cpp_memory.o
        32          6          0          8          0        252   cpp_unwinder.o
         0          0          0          0          0          0   entry.o
         0          0          0          0          0          0   entry10a.o
         0          0          0          0          0          0   entry11a.o
         8          4          0          0          0          0   entry2.o
         4          0          0          0          0          0   entry5.o
         0          0          0          0          0          0   entry7b.o
         4          0          0          0          0          0   entry8a.o
         0          0          0          0          0          0   entry8b.o
         8          4          0          0          0          0   entry9a.o
        30          0          0          0          0          0   handlers.o
        36          8          0          0          0         68   init.o
       188         20          0          0          0        160   malloc.o
         0          0          0          8          0          0   mvars.o

    ----------------------------------------------------------------------
       588         74          0         20          0       1288   Library Totals
         4          0          0          0          0          0   (incl. Padding)

    ----------------------------------------------------------------------

      Code (inc. data)   RO Data    RW Data    ZI Data      Debug   Library Name

       234         18          0          0          0        660   cpprt_w.l
       350         56          0         20          0        628   mc_w.l

    ----------------------------------------------------------------------
       588         74          0         20          0       1288   Library Totals

    ----------------------------------------------------------------------

==============================================================================


      Code (inc. data)   RO Data    RW Data    ZI Data      Debug   

     15908        668        288         84       5644    1060320   Grand Totals
     15908        668        288         84       5644    1060320   ELF Image Totals
     15908        668        288         84          0          0   ROM Totals

==============================================================================

    Total RO  Size (Code + RO Data)                16196 (  15.82kB)
    Total RW  Size (RW Data + ZI Data)              5728 (   5.59kB)
    Total ROM Size (Code + RO Data + RW Data)      16280 (  15.90kB)

==============================================================================

