ARM Linker, 5.03 [Build 24] [MDK-ARM Standard]

==============================================================================

Section Cross References

    main.o(.text) refers to stm32f10x_rcc.o(.text) for RCC_DeInit
    main.o(.text) refers to stm32f10x_gpio.o(.text) for GPIO_Init
    main.o(.text) refers to stm32f10x_exti.o(.text) for EXTI_ClearITPendingBit
    main.o(.text) refers to stm32f10x_pwr.o(.text) for PWR_BackupAccessCmd
    main.o(.text) refers to stm32f10x_rtc.o(.text) for RTC_WaitForSynchro
    main.o(.text) refers to misc.o(.text) for NVIC_SetVectorTable
    main.o(.text) refers to stm32_systick.o(.text) for SysTick_Init
    main.o(.text) refers to new.o(i._Znwj) for operator new(unsigned)
    main.o(.text) refers to process.o(.text) for Process::Process()
    main.o(.text) refers to oled.o(.text) for OLED_ShowChar
    main.o(.text) refers to system_stm32f10x.o(.text) for SystemInit
    main.o(.text) refers to timer.o(.text) for Timer::getITStatus(TIM_TypeDef*)
    main.o(.text) refers to ioout.o(.text) for IoOut::setOff()
    main.o(.text) refers to main.o(.data) for HSEStartUpStatus
    main.o(.ARM.exidx) refers to main.o(.text) for .text
    process.o(.text) refers to terminalcontrol.o(.text) for TerminalControl::updateSendBuf(unsigned char*)
    process.o(.text) refers to array_new.o(i._Znaj) for operator new[] (unsigned)
    process.o(.text) refers to new.o(i._Znwj) for operator new(unsigned)
    process.o(.text) refers to timer.o(.text) for Timer::Timer(TIM_TypeDef*, int)
    process.o(.text) refers to serialport.o(.text) for SerialPort::SerialPort(int, int)
    process.o(.text) refers to stm32_adc.o(.text) for ADC1_DMA_Init
    process.o(.text) refers to ioout.o(.text) for IoOut::IoOut(GPIO_TypeDef*, unsigned short, bool)
    process.o(.text) refers to stm32f10x_rcc.o(.text) for RCC_APB2PeriphClockCmd
    process.o(.text) refers to stm32f10x_gpio.o(.text) for GPIO_PinRemapConfig
    process.o(.text) refers to stm32_systick.o(.text) for SysTick_DelayMs
    process.o(.text) refers to stm32_adc.o(.data) for AD_Filter
    process.o(.text) refers to process.o(.data) for counter
    process.o(.ARM.exidx) refers to process.o(.text) for .text
    oled.o(.text) refers to stm32f10x_gpio.o(.text) for GPIO_SetBits
    oled.o(.text) refers to oled.o(.constdata) for F8X16
    oled.o(.text) refers to stm32f10x_rcc.o(.text) for RCC_APB2PeriphClockCmd
    oled.o(.text) refers to oled.o(.data) for Hzk
    protocol.o(.text) refers to new.o(i._Znwj) for operator new(unsigned)
    protocol.o(.text) refers to datachain.o(.text) for RingChain::RingChain(int)
    protocol.o(.text) refers to array_new.o(i._Znaj) for operator new[] (unsigned)
    protocol.o(.text) refers to delete.o(i._ZdlPv) for operator delete (void*)
    protocol.o(.text) refers to array_del.o(i._ZdaPv) for operator delete[] (void*)
    protocol.o(.text) refers to serialport.o(.text) for SerialPort::write(unsigned char*, unsigned char)
    protocol.o(.ARM.exidx) refers to protocol.o(.text) for .text
    terminalcontrol.o(.text) refers to new.o(i._Znwj) for operator new(unsigned)
    terminalcontrol.o(.text) refers to datachain.o(.text) for RingChain::RingChain(int)
    terminalcontrol.o(.text) refers to array_new.o(i._Znaj) for operator new[] (unsigned)
    terminalcontrol.o(.text) refers to delete.o(i._ZdlPv) for operator delete (void*)
    terminalcontrol.o(.text) refers to array_del.o(i._ZdaPv) for operator delete[] (void*)
    terminalcontrol.o(.text) refers to serialport.o(.text) for SerialPort::putChar(unsigned char)
    terminalcontrol.o(.text) refers to terminalcontrol.o(.constdata__ZTV15TerminalControl) for vtable for TerminalControl
    terminalcontrol.o(.ARM.exidx) refers to terminalcontrol.o(.text) for .text
    datachain.o(.text) refers to new.o(i._Znwj) for operator new(unsigned)
    datachain.o(.text) refers to datachain.o(i._ZN9ChainNodeC1EhPS_S0_) for ChainNode::ChainNode(unsigned char, ChainNode*, ChainNode*)
    datachain.o(.text) refers to delete.o(i._ZdlPv) for operator delete (void*)
    datachain.o(.ARM.exidx) refers to datachain.o(.text) for .text
    ioout.o(.text) refers to stm32f10x_gpio.o(.text) for GPIO_ResetBits
    ioout.o(.text) refers to stm32_gpio.o(.text) for STM32_GpioOneInit
    ioout.o(.ARM.exidx) refers to ioout.o(.text) for .text
    key.o(.text) refers to stm32_gpio.o(.text) for STM32_GpioOneInit
    key.o(.text) refers to stm32f10x_gpio.o(.text) for GPIO_ReadInputDataBit
    key.o(.ARM.exidx) refers to key.o(.text) for .text
    serialport.o(.text) refers to stm32f10x_gpio.o(.text) for GPIO_SetBits
    serialport.o(.text) refers to stm32f10x_usart.o(.text) for USART_GetITStatus
    serialport.o(.text) refers to stm32f10x_rcc.o(.text) for RCC_APB2PeriphClockCmd
    serialport.o(.text) refers to stm32_gpio.o(.text) for STM32_GpioOneInit
    serialport.o(.text) refers to stm32_priority.o(.text) for setIRQPriority
    serialport.o(.text) refers to serialport.o(.bss) for USART_data_1
[...]
    lib_rtti_impl.o(.constdata__ZTIN10__cxxabiv120__function_type_infoE) refers to lib_rtti_impl.o(.constdata__ZTVN10__cxxabiv120__si_class_type_infoE) for vtable for __cxxabiv1::__si_class_type_info
    lib_rtti_impl.o(.constdata__ZTIN10__cxxabiv120__function_type_infoE) refers to lib_rtti_impl.o(.constdata__ZTSN10__cxxabiv120__function_type_infoE) for typeinfo name for __cxxabiv1::__function_type_info
    lib_rtti_impl.o(.constdata__ZTIN10__cxxabiv120__function_type_infoE) refers to type_info_dtor.o(.constdata__ZTISt9type_info) for typeinfo for std::type_info
    lib_rtti_impl.o(.constdata__ZTIN10__cxxabiv116__enum_type_infoE) refers to lib_rtti_impl.o(.constdata__ZTVN10__cxxabiv120__si_class_type_infoE) for vtable for __cxxabiv1::__si_class_type_info
    lib_rtti_impl.o(.constdata__ZTIN10__cxxabiv116__enum_type_infoE) refers to lib_rtti_impl.o(.constdata__ZTSN10__cxxabiv116__enum_type_infoE) for typeinfo name for __cxxabiv1::__enum_type_info
    lib_rtti_impl.o(.constdata__ZTIN10__cxxabiv116__enum_type_infoE) refers to type_info_dtor.o(.constdata__ZTISt9type_info) for typeinfo for std::type_info
    lib_rtti_impl.o(.constdata__ZTIN10__cxxabiv117__class_type_infoE) refers to lib_rtti_impl.o(.constdata__ZTVN10__cxxabiv120__si_class_type_infoE) for vtable for __cxxabiv1::__si_class_type_info
    lib_rtti_impl.o(.constdata__ZTIN10__cxxabiv117__class_type_infoE) refers to lib_rtti_impl.o(.constdata__ZTSN10__cxxabiv117__class_type_infoE) for typeinfo name for __cxxabiv1::__class_type_info
    lib_rtti_impl.o(.constdata__ZTIN10__cxxabiv117__class_type_infoE) refers to type_info_dtor.o(.constdata__ZTISt9type_info) for typeinfo for std::type_info
    lib_rtti_impl.o(.constdata__ZTIN10__cxxabiv120__si_class_type_infoE) refers to lib_rtti_impl.o(.constdata__ZTVN10__cxxabiv120__si_class_type_infoE) for vtable for __cxxabiv1::__si_class_type_info
    lib_rtti_impl.o(.constdata__ZTIN10__cxxabiv120__si_class_type_infoE) refers to lib_rtti_impl.o(.constdata__ZTSN10__cxxabiv120__si_class_type_infoE) for typeinfo name for __cxxabiv1::__si_class_type_info
    lib_rtti_impl.o(.constdata__ZTIN10__cxxabiv120__si_class_type_infoE) refers to lib_rtti_impl.o(.constdata__ZTIN10__cxxabiv117__class_type_infoE) for typeinfo for __cxxabiv1::__class_type_info
    lib_rtti_impl.o(.constdata__ZTIN10__cxxabiv121__vmi_class_type_infoE) refers to lib_rtti_impl.o(.constdata__ZTVN10__cxxabiv120__si_class_type_infoE) for vtable for __cxxabiv1::__si_class_type_info
    lib_rtti_impl.o(.constdata__ZTIN10__cxxabiv121__vmi_class_type_infoE) refers to lib_rtti_impl.o(.constdata__ZTSN10__cxxabiv121__vmi_class_type_infoE) for typeinfo name for __cxxabiv1::__vmi_class_type_info
    lib_rtti_impl.o(.constdata__ZTIN10__cxxabiv121__vmi_class_type_infoE) refers to lib_rtti_impl.o(.constdata__ZTIN10__cxxabiv117__class_type_infoE) for typeinfo for __cxxabiv1::__class_type_info
    lib_rtti_impl.o(.constdata__ZTIN10__cxxabiv117__pbase_type_infoE) refers to lib_rtti_impl.o(.constdata__ZTVN10__cxxabiv120__si_class_type_infoE) for vtable for __cxxabiv1::__si_class_type_info
    lib_rtti_impl.o(.constdata__ZTIN10__cxxabiv117__pbase_type_infoE) refers to lib_rtti_impl.o(.constdata__ZTSN10__cxxabiv117__pbase_type_infoE) for typeinfo name for __cxxabiv1::__pbase_type_info
    lib_rtti_impl.o(.constdata__ZTIN10__cxxabiv117__pbase_type_infoE) refers to type_info_dtor.o(.constdata__ZTISt9type_info) for typeinfo for std::type_info
    lib_rtti_impl.o(.constdata__ZTIN10__cxxabiv119__pointer_type_infoE) refers to lib_rtti_impl.o(.constdata__ZTVN10__cxxabiv120__si_class_type_infoE) for vtable for __cxxabiv1::__si_class_type_info
    lib_rtti_impl.o(.constdata__ZTIN10__cxxabiv119__pointer_type_infoE) refers to lib_rtti_impl.o(.constdata__ZTSN10__cxxabiv119__pointer_type_infoE) for typeinfo name for __cxxabiv1::__pointer_type_info
    lib_rtti_impl.o(.constdata__ZTIN10__cxxabiv119__pointer_type_infoE) refers to lib_rtti_impl.o(.constdata__ZTIN10__cxxabiv117__pbase_type_infoE) for typeinfo for __cxxabiv1::__pbase_type_info
    lib_rtti_impl.o(.constdata__ZTIN10__cxxabiv129__pointer_to_member_type_infoE) refers to lib_rtti_impl.o(.constdata__ZTVN10__cxxabiv120__si_class_type_infoE) for vtable for __cxxabiv1::__si_class_type_info
    lib_rtti_impl.o(.constdata__ZTIN10__cxxabiv129__pointer_to_member_type_infoE) refers to lib_rtti_impl.o(.constdata__ZTSN10__cxxabiv129__pointer_to_member_type_infoE) for typeinfo name for __cxxabiv1::__pointer_to_member_type_info
    lib_rtti_impl.o(.constdata__ZTIN10__cxxabiv129__pointer_to_member_type_infoE) refers to lib_rtti_impl.o(.constdata__ZTIN10__cxxabiv117__pbase_type_infoE) for typeinfo for __cxxabiv1::__pbase_type_info
    bad_alloc_dtor.o(.constdata__ZTVSt9bad_alloc) refers to bad_alloc_dtor.o(.constdata__ZTISt9bad_alloc) for typeinfo for std::bad_alloc
    bad_alloc_dtor.o(.constdata__ZTVSt9bad_alloc) refers to bad_alloc_dtor.o(i._ZNSt9bad_allocD1Ev) for std::bad_alloc::~bad_alloc()
    bad_alloc_dtor.o(.constdata__ZTVSt9bad_alloc) refers to bad_alloc_dtor.o(i._ZNSt9bad_allocD0Ev) for std::bad_alloc::~bad_alloc__deallocating()
    bad_alloc_dtor.o(.constdata__ZTVSt9bad_alloc) refers to bad_alloc_what.o(i._ZNKSt9bad_alloc4whatEv) for std::bad_alloc::what() const
    bad_alloc_dtor.o(.constdata__ZTISt9bad_alloc) refers to lib_rtti_impl.o(.constdata__ZTVN10__cxxabiv120__si_class_type_infoE) for vtable for __cxxabiv1::__si_class_type_info
    bad_alloc_dtor.o(.constdata__ZTISt9bad_alloc) refers to bad_alloc_dtor.o(.constdata__ZTSSt9bad_alloc) for typeinfo name for std::bad_alloc
    bad_alloc_dtor.o(.constdata__ZTISt9bad_alloc) refers to exception_dtor.o(.constdata__ZTISt9exception) for typeinfo for std::exception
    type_info_dtor.o(.constdata__ZTVSt9type_info) refers to type_info_dtor.o(.constdata__ZTISt9type_info) for typeinfo for std::type_info
    type_info_dtor.o(.constdata__ZTVSt9type_info) refers to type_info_dtor.o(i._ZNSt9type_infoD1Ev) for std::type_info::~type_info()
    type_info_dtor.o(.constdata__ZTVSt9type_info) refers to type_info_dtor.o(i._ZNSt9type_infoD0Ev) for std::type_info::~type_info__deallocating()
    type_info_dtor.o(.constdata__ZTISt9type_info) refers to lib_rtti_impl.o(.constdata__ZTVN10__cxxabiv117__class_type_infoE) for vtable for __cxxabiv1::__class_type_info
    type_info_dtor.o(.constdata__ZTISt9type_info) refers to type_info_dtor.o(.constdata__ZTSSt9type_info) for typeinfo name for std::type_info
    exception_dtor.o(.constdata__ZTVSt9exception) refers to exception_dtor.o(.constdata__ZTISt9exception) for typeinfo for std::exception
    exception_dtor.o(.constdata__ZTVSt9exception) refers to exception_dtor.o(i._ZNSt9exceptionD1Ev) for std::exception::~exception()
    exception_dtor.o(.constdata__ZTVSt9exception) refers to exception_dtor.o(i._ZNSt9exceptionD0Ev) for std::exception::~exception__deallocating()
    exception_dtor.o(.constdata__ZTVSt9exception) refers to exception_what.o(i._ZNKSt9exception4whatEv) for std::exception::what() const
    exception_dtor.o(.constdata__ZTISt9exception) refers to lib_rtti_impl.o(.constdata__ZTVN10__cxxabiv117__class_type_infoE) for vtable for __cxxabiv1::__class_type_info
    exception_dtor.o(.constdata__ZTISt9exception) refers to exception_dtor.o(.constdata__ZTSSt9exception) for typeinfo name for std::exception


==============================================================================

Removing Unused input sections from the image.

    Removing main.o(.rev16_text), (4 bytes).
    Removing main.o(.revsh_text), (4 bytes).
    Removing main.o(.ARM.exidx), (8 bytes).
    Removing process.o(.rev16_text), (4 bytes).
    Removing process.o(.revsh_text), (4 bytes).
    Removing process.o(.ARM.exidx), (8 bytes).
    Removing oled.o(.rev16_text), (4 bytes).
    Removing oled.o(.revsh_text), (4 bytes).
    Removing protocol.o(.rev16_text), (4 bytes).
    Removing protocol.o(.revsh_text), (4 bytes).
    Removing protocol.o(.text), (778 bytes).
    Removing protocol.o(.ARM.exidx), (8 bytes).
    Removing terminalcontrol.o(.rev16_text), (4 bytes).
    Removing terminalcontrol.o(.revsh_text), (4 bytes).
    Removing terminalcontrol.o(.ARM.exidx), (8 bytes).
    Removing datachain.o(.rev16_text), (4 bytes).
    Removing datachain.o(.revsh_text), (4 bytes).
    Removing datachain.o(.ARM.exidx), (8 bytes).
    Removing ioout.o(.rev16_text), (4 bytes).
    Removing ioout.o(.revsh_text), (4 bytes).
    Removing ioout.o(.ARM.exidx), (8 bytes).
    Removing key.o(.rev16_text), (4 bytes).
    Removing key.o(.revsh_text), (4 bytes).
    Removing key.o(.text), (132 bytes).
    Removing key.o(.ARM.exidx), (8 bytes).
    Removing serialport.o(.rev16_text), (4 bytes).
    Removing serialport.o(.revsh_text), (4 bytes).
    Removing serialport.o(.ARM.exidx), (8 bytes).
    Removing timer.o(.rev16_text), (4 bytes).
    Removing timer.o(.revsh_text), (4 bytes).
    Removing timer.o(.ARM.exidx), (8 bytes).
    Removing sqstack.o(.text), (154 bytes).
    Removing sqstack.o(.ARM.exidx), (8 bytes).
    Removing stm32_systick.o(.rev16_text), (4 bytes).
    Removing stm32_systick.o(.revsh_text), (4 bytes).
    Removing stm32_adc.o(.rev16_text), (4 bytes).
    Removing stm32_adc.o(.revsh_text), (4 bytes).
    Removing stm32_priority.o(.rev16_text), (4 bytes).
    Removing stm32_priority.o(.revsh_text), (4 bytes).
    Removing stm32_gpio.o(.rev16_text), (4 bytes).
    Removing stm32_gpio.o(.revsh_text), (4 bytes).
    Removing misc.o(.rev16_text), (4 bytes).
    Removing misc.o(.revsh_text), (4 bytes).
    Removing stm32f10x_adc.o(.rev16_text), (4 bytes).
    Removing stm32f10x_adc.o(.revsh_text), (4 bytes).
    Removing stm32f10x_conf.o(.rev16_text), (4 bytes).
    Removing stm32f10x_conf.o(.revsh_text), (4 bytes).
    Removing stm32f10x_dma.o(.rev16_text), (4 bytes).
    Removing stm32f10x_dma.o(.revsh_text), (4 bytes).
    Removing stm32f10x_gpio.o(.rev16_text), (4 bytes).
    Removing stm32f10x_gpio.o(.revsh_text), (4 bytes).
    Removing stm32f10x_rcc.o(.rev16_text), (4 bytes).
    Removing stm32f10x_rcc.o(.revsh_text), (4 bytes).
    Removing stm32f10x_tim.o(.rev16_text), (4 bytes).
    Removing stm32f10x_tim.o(.revsh_text), (4 bytes).
    Removing stm32f10x_usart.o(.rev16_text), (4 bytes).
    Removing stm32f10x_usart.o(.revsh_text), (4 bytes).
    Removing stm32f10x_pwr.o(.rev16_text), (4 bytes).
    Removing stm32f10x_pwr.o(.revsh_text), (4 bytes).
    Removing stm32f10x_exti.o(.rev16_text), (4 bytes).
    Removing stm32f10x_exti.o(.revsh_text), (4 bytes).
    Removing stm32f10x_rtc.o(.rev16_text), (4 bytes).
    Removing stm32f10x_rtc.o(.revsh_text), (4 bytes).
    Removing system_stm32f10x.o(.rev16_text), (4 bytes).
    Removing system_stm32f10x.o(.revsh_text), (4 bytes).
    Removing terminalcontrol.o(.constdata__ZTI15TerminalControl), (8 bytes).
    Removing terminalcontrol.o(.constdata__ZTS15TerminalControl), (18 bytes).
    Removing datachain.o(.ARM.exidx), (8 bytes).

68 unused section(s) (total 1386 bytes) removed from the image.

==============================================================================

Image Symbol Table

    Local Symbols

    Symbol Name                              Value     Ov Type        Size  Object(Section)

    ../../../edgfe/lib_src/arm_exceptions.c  0x00000000   Number         0  arm_exceptions_mem.o ABSOLUTE
    ../../../edgfe/lib_src/arm_exceptions.c  0x00000000   Number         0  arm_exceptions_terminate.o ABSOLUTE
    ../../../edgfe/lib_src/arm_exceptions.c  0x00000000   Number         0  arm_exceptions_globs.o ABSOLUTE
    ../../../edgfe/lib_src/arm_noexceptions.c 0x00000000   Number         0  arm_callunex_noexceptions.o ABSOLUTE
    ../../../edgfe/lib_src/arm_noexceptions.c 0x00000000   Number         0  arm_newhandler_noexceptions.o ABSOLUTE
    ../../../edgfe/lib_src/array_del.c       0x00000000   Number         0  array_del.o ABSOLUTE
    ../../../edgfe/lib_src/array_new.c       0x00000000   Number         0  array_new.o ABSOLUTE
    ../../../edgfe/lib_src/bad_alloc.c       0x00000000   Number         0  bad_alloc_dtor.o ABSOLUTE
    ../../../edgfe/lib_src/bad_alloc.c       0x00000000   Number         0  bad_alloc_what.o ABSOLUTE
    ../../../edgfe/lib_src/delete.c          0x00000000   Number         0  delete.o ABSOLUTE
    ../../../edgfe/lib_src/exception.c       0x00000000   Number         0  exception_what.o ABSOLUTE
    ../../../edgfe/lib_src/exception.c       0x00000000   Number         0  exception_dtor.o ABSOLUTE
    ../../../edgfe/lib_src/new.c             0x00000000   Number         0  new.o ABSOLUTE
    ../../../edgfe/lib_src/typeinfo.c        0x00000000   Number         0  lib_rtti_impl.o ABSOLUTE
    ../../../edgfe/lib_src/typeinfo.c        0x00000000   Number         0  type_info_dtor.o ABSOLUTE
    ../clib/../cmprslib/lz77c.c              0x00000000   Number         0  __dclz77c.o ABSOLUTE
    ../clib/microlib/cpp/cpp_init.c          0x00000000   Number         0  cpp_init.o ABSOLUTE
    ../clib/microlib/cpp/cpp_init.c          0x00000000   Number         0  cpp_init.o ABSOLUTE
    ../clib/microlib/cpp/cpp_memory.c        0x00000000   Number         0  cpp_memory.o ABSOLUTE
    ../clib/microlib/cpp/cpp_unwinder.c      0x00000000   Number         0  cpp_unwinder.o ABSOLUTE
    ../clib/microlib/init/entry.s            0x00000000   Number         0  entry10a.o ABSOLUTE
    ../clib/microlib/init/entry.s            0x00000000   Number         0  entry9b.o ABSOLUTE
    ../clib/microlib/init/entry.s            0x00000000   Number         0  entry9a.o ABSOLUTE
    ../clib/microlib/init/entry.s            0x00000000   Number         0  entry8b.o ABSOLUTE
    ../clib/microlib/init/entry.s            0x00000000   Number         0  entry8a.o ABSOLUTE
    ../clib/microlib/init/entry.s            0x00000000   Number         0  entry7b.o ABSOLUTE
    ../clib/microlib/init/entry.s            0x00000000   Number         0  entry7a.o ABSOLUTE
    ../clib/microlib/init/entry.s            0x00000000   Number         0  entry5.o ABSOLUTE
    ../clib/microlib/init/entry.s            0x00000000   Number         0  entry2.o ABSOLUTE
    ../clib/microlib/init/entry.s            0x00000000   Number         0  entry.o ABSOLUTE
    ../clib/microlib/init/entry.s            0x00000000   Number         0  entry11b.o ABSOLUTE
    ../clib/microlib/init/entry.s            0x00000000   Number         0  entry11a.o ABSOLUTE
    ../clib/microlib/init/entry.s            0x00000000   Number         0  entry10b.o ABSOLUTE
    ../clib/microlib/malloc/malloc.c         0x00000000   Number         0  malloc.o ABSOLUTE
    ../clib/microlib/malloc/malloc.c         0x00000000   Number         0  mallocra.o ABSOLUTE
    ../clib/microlib/malloc/malloc.c         0x00000000   Number         0  malloca.o ABSOLUTE
    ../clib/microlib/malloc/malloc.c         0x00000000   Number         0  mallocr.o ABSOLUTE
    ../clib/microlib/malloc/mvars.c          0x00000000   Number         0  mvars.o ABSOLUTE
    ../clib/microlib/stdlib/abort.c          0x00000000   Number         0  abort.o ABSOLUTE
    ../clib/microlib/string/memcpy.c         0x00000000   Number         0  memcpyb.o ABSOLUTE
    ../clib/microlib/string/memcpy.c         0x00000000   Number         0  memcpya.o ABSOLUTE
    dc.s                                     0x00000000   Number         0  dc.o ABSOLUTE
    handlers.s                               0x00000000   Number         0  handlers.o ABSOLUTE
    init.s                                   0x00000000   Number         0  init.o ABSOLUTE
    source\App\Process.cpp                   0x00000000   Number         0  process.o ABSOLUTE
    source\App\oled.c                        0x00000000   Number         0  oled.o ABSOLUTE
    source\DataType\DataChain.cpp            0x00000000   Number         0  datachain.o ABSOLUTE
    source\DataType\IoOut.cpp                0x00000000   Number         0  ioout.o ABSOLUTE
    source\DataType\Key.cpp                  0x00000000   Number         0  key.o ABSOLUTE
    source\DataType\SerialPort.cpp           0x00000000   Number         0  serialport.o ABSOLUTE
    source\DataType\Timer.cpp                0x00000000   Number         0  timer.o ABSOLUTE
    source\DataType\sqStack.cpp              0x00000000   Number         0  sqstack.o ABSOLUTE
    source\Protocol\Protocol.cpp             0x00000000   Number         0  protocol.o ABSOLUTE
    source\Protocol\TerminalControl.cpp      0x00000000   Number         0  terminalcontrol.o ABSOLUTE
    source\STM32_CMSIS\startup_stm32f10x_md.s 0x00000000   Number         0  startup_stm32f10x_md.o ABSOLUTE
    source\STM32_CMSIS\system_stm32f10x.c    0x00000000   Number         0  system_stm32f10x.o ABSOLUTE
    source\STM32_Driver\STM32_ADC.c          0x00000000   Number         0  stm32_adc.o ABSOLUTE
    source\STM32_Driver\STM32_GPIO.c         0x00000000   Number         0  stm32_gpio.o ABSOLUTE
    source\STM32_Driver\STM32_Priority.c     0x00000000   Number         0  stm32_priority.o ABSOLUTE
    source\STM32_Driver\STM32_SysTick.c      0x00000000   Number         0  stm32_systick.o ABSOLUTE
    source\STM32_StdPeriph\misc.c            0x00000000   Number         0  misc.o ABSOLUTE
    source\STM32_StdPeriph\stm32f10x_adc.c   0x00000000   Number         0  stm32f10x_adc.o ABSOLUTE
    source\STM32_StdPeriph\stm32f10x_conf.c  0x00000000   Number         0  stm32f10x_conf.o ABSOLUTE
    source\STM32_StdPeriph\stm32f10x_dma.c   0x00000000   Number         0  stm32f10x_dma.o ABSOLUTE
    source\STM32_StdPeriph\stm32f10x_exti.c  0x00000000   Number         0  stm32f10x_exti.o ABSOLUTE
    source\STM32_StdPeriph\stm32f10x_gpio.c  0x00000000   Number         0  stm32f10x_gpio.o ABSOLUTE
    source\STM32_StdPeriph\stm32f10x_pwr.c   0x00000000   Number         0  stm32f10x_pwr.o ABSOLUTE
    source\STM32_StdPeriph\stm32f10x_rcc.c   0x00000000   Number         0  stm32f10x_rcc.o ABSOLUTE
    source\STM32_StdPeriph\stm32f10x_rtc.c   0x00000000   Number         0  stm32f10x_rtc.o ABSOLUTE
    source\STM32_StdPeriph\stm32f10x_tim.c   0x00000000   Number         0  stm32f10x_tim.o ABSOLUTE
    source\STM32_StdPeriph\stm32f10x_usart.c 0x00000000   Number         0  stm32f10x_usart.o ABSOLUTE
    source\User\main.cpp                     0x00000000   Number         0  main.o ABSOLUTE
    source\\App\\Process.cpp                 0x00000000   Number         0  process.o ABSOLUTE
    source\\App\\oled.c                      0x00000000   Number         0  oled.o ABSOLUTE
    source\\DataType\\DataChain.cpp          0x00000000   Number         0  datachain.o ABSOLUTE
    source\\DataType\\IoOut.cpp              0x00000000   Number         0  ioout.o ABSOLUTE
    source\\DataType\\Key.cpp                0x00000000   Number         0  key.o ABSOLUTE
    source\\DataType\\SerialPort.cpp         0x00000000   Number         0  serialport.o ABSOLUTE
    source\\DataType\\Timer.cpp              0x00000000   Number         0  timer.o ABSOLUTE
    source\\Protocol\\Protocol.cpp           0x00000000   Number         0  protocol.o ABSOLUTE
    source\\Protocol\\TerminalControl.cpp    0x00000000   Number         0  terminalcontrol.o ABSOLUTE
    source\\STM32_CMSIS\\system_stm32f10x.c  0x00000000   Number         0  system_stm32f10x.o ABSOLUTE
    source\\STM32_Driver\\STM32_ADC.c        0x00000000   Number         0  stm32_adc.o ABSOLUTE
    source\\STM32_Driver\\STM32_GPIO.c       0x00000000   Number         0  stm32_gpio.o ABSOLUTE
    source\\STM32_Driver\\STM32_Priority.c   0x00000000   Number         0  stm32_priority.o ABSOLUTE
    source\\STM32_Driver\\STM32_SysTick.c    0x00000000   Number         0  stm32_systick.o ABSOLUTE
    source\\STM32_StdPeriph\\misc.c          0x00000000   Number         0  misc.o ABSOLUTE
    source\\STM32_StdPeriph\\stm32f10x_adc.c 0x00000000   Number         0  stm32f10x_adc.o ABSOLUTE
    source\\STM32_StdPeriph\\stm32f10x_conf.c 0x00000000   Number         0  stm32f10x_conf.o ABSOLUTE
    source\\STM32_StdPeriph\\stm32f10x_dma.c 0x00000000   Number         0  stm32f10x_dma.o ABSOLUTE
    source\\STM32_StdPeriph\\stm32f10x_exti.c 0x00000000   Number         0  stm32f10x_exti.o ABSOLUTE
    source\\STM32_StdPeriph\\stm32f10x_gpio.c 0x00000000   Number         0  stm32f10x_gpio.o ABSOLUTE
    source\\STM32_StdPeriph\\stm32f10x_pwr.c 0x00000000   Number         0  stm32f10x_pwr.o ABSOLUTE
    source\\STM32_StdPeriph\\stm32f10x_rcc.c 0x00000000   Number         0  stm32f10x_rcc.o ABSOLUTE
    source\\STM32_StdPeriph\\stm32f10x_rtc.c 0x00000000   Number         0  stm32f10x_rtc.o ABSOLUTE
    source\\STM32_StdPeriph\\stm32f10x_tim.c 0x00000000   Number         0  stm32f10x_tim.o ABSOLUTE
    source\\STM32_StdPeriph\\stm32f10x_usart.c 0x00000000   Number         0  stm32f10x_usart.o ABSOLUTE
    source\\User\\main.cpp                   0x00000000   Number         0  main.o ABSOLUTE
    RESET                                    0x08000000   Section      236  startup_stm32f10x_md.o(RESET)
    .ARM.Collect$$$$00000000                 0x080000ec   Section        0  entry.o(.ARM.Collect$$$$00000000)
    .ARM.Collect$$$$00000001                 0x080000ec   Section        4  entry2.o(.ARM.Collect$$$$00000001)
    .ARM.Collect$$$$00000004                 0x080000f0   Section        4  entry5.o(.ARM.Collect$$$$00000004)
    .ARM.Collect$$$$00000008                 0x080000f4   Section        0  entry7b.o(.ARM.Collect$$$$00000008)
    .ARM.Collect$$$$00000009                 0x080000f4   Section        4  entry8a.o(.ARM.Collect$$$$00000009)
    .ARM.Collect$$$$0000000A                 0x080000f8   Section        0  entry8b.o(.ARM.Collect$$$$0000000A)
    .ARM.Collect$$$$0000000B                 0x080000f8   Section        8  entry9a.o(.ARM.Collect$$$$0000000B)
    .ARM.Collect$$$$0000000D                 0x08000100   Section        0  entry10a.o(.ARM.Collect$$$$0000000D)
    .ARM.Collect$$$$0000000F                 0x08000100   Section        0  entry11a.o(.ARM.Collect$$$$0000000F)
    .ARM.Collect$$$$00002712                 0x08000100   Section        4  entry2.o(.ARM.Collect$$$$00002712)
    __lit__00000000                          0x08000100   Data           4  entry2.o(.ARM.Collect$$$$00002712)
    .text                                    0x08000104   Section        0  main.o(.text)
    .text                                    0x08000540   Section        0  process.o(.text)
    .text                                    0x08000890   Section        0  oled.o(.text)
    .text                                    0x08000ee0   Section        0  terminalcontrol.o(.text)
    .text                                    0x08001078   Section        0  datachain.o(.text)
    .text                                    0x08001144   Section        0  ioout.o(.text)
    .text                                    0x080011f8   Section        0  serialport.o(.text)
    __sti___14_SerialPort_cpp                0x08001791   Thumb Code    40  serialport.o(.text)
    .text                                    0x080017d0   Section        0  timer.o(.text)
    .text                                    0x08001a20   Section        0  stm32_systick.o(.text)
    SysTick_DelayXms                         0x08001a99   Thumb Code    70  stm32_systick.o(.text)
    .text                                    0x08001b1c   Section        0  stm32_adc.o(.text)
    ADC1_Config                              0x08001b1d   Thumb Code   176  stm32_adc.o(.text)
    ADC1_DMA_Config                          0x08001bcd   Thumb Code   122  stm32_adc.o(.text)
    ADC1_GPIO_Config                         0x08001c47   Thumb Code    52  stm32_adc.o(.text)
    ADC_MeanFilter                           0x08001c9b   Thumb Code    56  stm32_adc.o(.text)
    .text                                    0x08001cfc   Section        0  stm32_priority.o(.text)
    .text                                    0x08001d2c   Section        0  stm32_gpio.o(.text)
    .text                                    0x08001dd8   Section        0  misc.o(.text)
    .text                                    0x08001eb4   Section        0  stm32f10x_adc.o(.text)
    .text                                    0x08002304   Section        0  stm32f10x_dma.o(.text)
    .text                                    0x08002554   Section        0  stm32f10x_gpio.o(.text)
    .text                                    0x080028ac   Section        0  stm32f10x_rcc.o(.text)
    .text                                    0x08002c50   Section        0  stm32f10x_tim.o(.text)
    TI4_Config                               0x080030f7   Thumb Code   130  stm32f10x_tim.o(.text)
    TI3_Config                               0x0800318b   Thumb Code   122  stm32f10x_tim.o(.text)
    TI2_Config                               0x0800321f   Thumb Code   130  stm32f10x_tim.o(.text)
    TI1_Config                               0x080032b3   Thumb Code   108  stm32f10x_tim.o(.text)
    .text                                    0x08003a6c   Section        0  stm32f10x_usart.o(.text)
    .text                                    0x08003e74   Section        0  stm32f10x_pwr.o(.text)
    .text                                    0x08003f40   Section        0  stm32f10x_exti.o(.text)
    .text                                    0x0800405c   Section        0  stm32f10x_rtc.o(.text)
    .text                                    0x080041a0   Section        0  system_stm32f10x.o(.text)
    SetSysClockTo72                          0x080041a1   Thumb Code   212  system_stm32f10x.o(.text)
    SetSysClock                              0x08004275   Thumb Code     8  system_stm32f10x.o(.text)
    .text                                    0x0800437c   Section       36  startup_stm32f10x_md.o(.text)
    .text                                    0x080043a0   Section        0  cpp_init.o(.text)
    .text                                    0x080043c0   Section        0  arm_newhandler_noexceptions.o(.text)
    .text                                    0x080043c4   Section        0  cpp_memory.o(.text)
    .text                                    0x080043cc   Section        0  cpp_unwinder.o(.text)
    .text                                    0x080043ec   Section        0  arm_exceptions_terminate.o(.text)
    .text                                    0x08004408   Section       36  init.o(.text)
    .text                                    0x0800442c   Section        0  arm_exceptions_globs.o(.text)
    __default_terminate_handler()            0x0800442d   Thumb Code     6  arm_exceptions_globs.o(.text)
    .text                                    0x0800447c   Section        0  arm_exceptions_mem.o(.text)
    .text                                    0x080044b8   Section        0  __dclz77c.o(.text)
    i._ZN9ChainNodeC1EhPS_S0_                0x08004518   Section        0  datachain.o(i._ZN9ChainNodeC1EhPS_S0_)
    i._ZdaPv                                 0x08004520   Section        0  array_del.o(i._ZdaPv)
    i._ZdlPv                                 0x08004528   Section        0  delete.o(i._ZdlPv)
    i._Znaj                                  0x08004530   Section        0  array_new.o(i._Znaj)
    i._Znwj                                  0x08004538   Section        0  new.o(i._Znwj)
    i.__scatterload_copy                     0x08004560   Section       14  handlers.o(i.__scatterload_copy)
    i.__scatterload_null                     0x0800456e   Section        2  handlers.o(i.__scatterload_null)
    i.__scatterload_zeroinit                 0x08004570   Section       14  handlers.o(i.__scatterload_zeroinit)
    i.free                                   0x08004580   Section        0  malloc.o(i.free)
    i.malloc                                 0x080045d0   Section        0  malloc.o(i.malloc)
    .constdata                               0x0800463c   Section     2072  oled.o(.constdata)
    .constdata__ZTV15TerminalControl         0x08004e54   Section       16  terminalcontrol.o(.constdata__ZTV15TerminalControl)
    .init_array                              0x08004e84   Section        4  serialport.o(.init_array)
    .data                                    0x20000000   Section        9  main.o(.data)
    .data                                    0x20000009   Section     1110  process.o(.data)
    counter                                  0x2000045e   Data           1  process.o(.data)
    .data                                    0x2000045f   Section     1536  oled.o(.data)
    .data                                    0x20000a60   Section        4  stm32_systick.o(.data)
    fac_us                                   0x20000a60   Data           1  stm32_systick.o(.data)
    fac_ms                                   0x20000a62   Data           2  stm32_systick.o(.data)
    .data                                    0x20000a64   Section        8  stm32_adc.o(.data)
    .data                                    0x20000a6c   Section       20  stm32f10x_rcc.o(.data)
    APBAHBPrescTable                         0x20000a6c   Data          16  stm32f10x_rcc.o(.data)
    ADCPrescTable                            0x20000a7c   Data           4  stm32f10x_rcc.o(.data)
    .data                                    0x20000a80   Section       20  system_stm32f10x.o(.data)
    .data                                    0x20000a94   Section        4  cpp_memory.o(.data)
    handler_pointer                          0x20000a94   Data           4  cpp_memory.o(.data)
    .data                                    0x20000a98   Section        8  cpp_unwinder.o(.data)
    eh                                       0x20000a98   Data           4  cpp_unwinder.o(.data)
    eh_p                                     0x20000a9c   Data           4  cpp_unwinder.o(.data)
    .data                                    0x20000aa0   Section        4  mvars.o(.data)
    .data                                    0x20000aa4   Section        4  mvars.o(.data)
    .bss                                     0x20000aa8   Section      504  serialport.o(.bss)
    .bss                                     0x20000ca0   Section       80  stm32_adc.o(.bss)
    HEAP                                     0x20000cf0   Section     4096  startup_stm32f10x_md.o(HEAP)
    STACK                                    0x20001cf0   Section     1536  startup_stm32f10x_md.o(STACK)

    Global Symbols

    Symbol Name                              Value     Ov Type        Size  Object(Section)

    BuildAttributes$$THM_ISAv4$P$D$K$B$S$PE$A:L22UL41UL21$X:L11$S22US41US21$IEEE1$IW$USESV6$~STKCKD$USESV7$~SHL$OSPACE$EBA8$UX$MICROLIB$REQ8$PRES8$EABIv2 0x00000000   Number         0  anon$$obj.o ABSOLUTE
    __ARM_use_no_argv                        0x00000000   Number         0  main.o ABSOLUTE
    __ARM::default_unexpected_handler()       - Undefined Weak Reference
    __ARM_exceptions_buffer_required          - Undefined Weak Reference
    __cxa_finalize                            - Undefined Weak Reference
    _clock_init                               - Undefined Weak Reference
    _microlib_exit                            - Undefined Weak Reference
    __Vectors_Size                           0x000000ec   Number         0  startup_stm32f10x_md.o ABSOLUTE
    __Vectors                                0x08000000   Data           4  startup_stm32f10x_md.o(RESET)
    __Vectors_End                            0x080000ec   Data           0  startup_stm32f10x_md.o(RESET)
    __main                                   0x080000ed   Thumb Code     0  entry.o(.ARM.Collect$$$$00000000)
    _main_stk                                0x080000ed   Thumb Code     0  entry2.o(.ARM.Collect$$$$00000001)
    _main_scatterload                        0x080000f1   Thumb Code     0  entry5.o(.ARM.Collect$$$$00000004)
    __main_after_scatterload                 0x080000f5   Thumb Code     0  entry5.o(.ARM.Collect$$$$00000004)
    _main_clock                              0x080000f5   Thumb Code     0  entry7b.o(.ARM.Collect$$$$00000008)
    _main_cpp_init$empty                     0x080000f5   Thumb Code     0  entry8a.o(.ARM.Collect$$$$00000009)
    _main_cpp_init                           0x080000f9   Thumb Code     0  entry8b.o(.ARM.Collect$$$$0000000A)
    _main_init                               0x080000f9   Thumb Code     0  entry9a.o(.ARM.Collect$$$$0000000B)
    __rt_final_cpp                           0x08000101   Thumb Code     0  entry10a.o(.ARM.Collect$$$$0000000D)
    __rt_final_exit                          0x08000101   Thumb Code     0  entry11a.o(.ARM.Collect$$$$0000000F)
    RCC_Configuration()                      0x08000105   Thumb Code   106  main.o(.text)
    SYSCLKconfig_STOP()                      0x0800016f   Thumb Code    60  main.o(.text)
    GPIO_Configuration()                     0x080001ab   Thumb Code    52  main.o(.text)
    EXTI_Configuration()                     0x080001df   Thumb Code    46  main.o(.text)
    RTC_Configuration()                      0x0800020d   Thumb Code    70  main.o(.text)
    NVIC_Configuration()                     0x08000253   Thumb Code    68  main.o(.text)
    SysTick_Configuration()                  0x08000297   Thumb Code     2  main.o(.text)
    Delay(unsigned)                          0x08000299   Thumb Code     2  main.o(.text)
    StopModeTest()                           0x0800029b   Thumb Code   110  main.o(.text)
    InnerRCC_Configuration()                 0x08000309   Thumb Code    96  main.o(.text)
    main                                     0x08000369   Thumb Code    92  main.o(.text)
    EXTI0_IRQHandler                         0x080003c5   Thumb Code    34  main.o(.text)
    TIM2_IRQHandler                          0x080003e7   Thumb Code    46  main.o(.text)
    TIM3_IRQHandler                          0x08000415   Thumb Code    38  main.o(.text)
    TIM4_IRQHandler                          0x0800043b   Thumb Code    38  main.o(.text)
    NMI_Handler                              0x08000461   Thumb Code    12  main.o(.text)
    HardFault_Handler                        0x0800046d   Thumb Code    18  main.o(.text)
    MemManage_Handler                        0x0800047f   Thumb Code    28  main.o(.text)
    BusFault_Handler                         0x0800049b   Thumb Code    20  main.o(.text)
    UsageFault_Handler                       0x080004af   Thumb Code    20  main.o(.text)
    SVC_Handler                              0x080004c3   Thumb Code    12  main.o(.text)
    DebugMon_Handler                         0x080004cf   Thumb Code    12  main.o(.text)
    PendSV_Handler                           0x080004db   Thumb Code    12  main.o(.text)
    SysTick_Handler                          0x080004e7   Thumb Code     2  main.o(.text)
    RTCAlarm_IRQHandler                      0x080004e9   Thumb Code    88  main.o(.text)
    Process::updataToZigbee()                0x08000541   Thumb Code    44  process.o(.text)
    Process::dealKeyValue()                  0x0800056d   Thumb Code     2  process.o(.text)
    Process::getKeyValue()                   0x0800056f   Thumb Code     2  process.o(.text)
    Process::initAllData()                   0x08000571   Thumb Code    64  process.o(.text)
    Process::initTimers()                    0x080005b1   Thumb Code   120  process.o(.text)
    Process::initUsarts()                    0x08000629   Thumb Code    52  process.o(.text)
    Process::initADs()                       0x0800065d   Thumb Code    10  process.o(.text)
    Process::initGPIO()                      0x08000667   Thumb Code   120  process.o(.text)
    Process::enable_SWD_disable_Jtag()       0x080006df   Thumb Code    22  process.o(.text)
    Process::Process()                       0x080006f5   Thumb Code    86  process.o(.text)
    Process::Process__sub_object()           0x080006f5   Thumb Code     0  process.o(.text)
    Process::dealADKeyValue()                0x0800074b   Thumb Code    66  process.o(.text)
    Process::getADKeyValue()                 0x0800078d   Thumb Code    40  process.o(.text)
    Process::runOnTime2()                    0x080007b5   Thumb Code    18  process.o(.text)
    Process::runOnTime3()                    0x080007c7   Thumb Code    18  process.o(.text)
    Process::runOnTime4()                    0x080007d9   Thumb Code    42  process.o(.text)
    Process::openPeriph()                    0x08000803   Thumb Code    30  process.o(.text)
    Process::getPowerValue()                 0x08000821   Thumb Code    20  process.o(.text)
    Process::sendCheckSignal()               0x08000835   Thumb Code    54  process.o(.text)
    Process::testWithUsart()                 0x0800086b   Thumb Code    12  process.o(.text)
    IIC_Start                                0x08000891   Thumb Code    36  oled.o(.text)
    IIC_Stop                                 0x080008b5   Thumb Code    28  oled.o(.text)
    IIC_Wait_Ack                             0x080008d1   Thumb Code    20  oled.o(.text)
    Write_IIC_Byte                           0x080008e5   Thumb Code    80  oled.o(.text)
    Write_IIC_Command                        0x08000935   Thumb Code    44  oled.o(.text)
    Write_IIC_Data                           0x08000961   Thumb Code    44  oled.o(.text)
    OLED_WR_Byte                             0x0800098d   Thumb Code    24  oled.o(.text)
    fill_picture                             0x080009a5   Thumb Code    64  oled.o(.text)
    Delay_50ms                               0x080009e5   Thumb Code    22  oled.o(.text)
    Delay_1ms                                0x080009fb   Thumb Code    26  oled.o(.text)
    OLED_Set_Pos                             0x08000a15   Thumb Code    40  oled.o(.text)
    OLED_Display_On                          0x08000a3d   Thumb Code    28  oled.o(.text)
    OLED_Display_Off                         0x08000a59   Thumb Code    28  oled.o(.text)
    OLED_Clear                               0x08000a75   Thumb Code    62  oled.o(.text)
    OLED_On                                  0x08000ab3   Thumb Code    62  oled.o(.text)
    OLED_ShowChar                            0x08000af1   Thumb Code   154  oled.o(.text)
    oled_pow                                 0x08000b8b   Thumb Code    22  oled.o(.text)
    OLED_ShowNum                             0x08000ba1   Thumb Code   136  oled.o(.text)
    OLED_ShowString                          0x08000c29   Thumb Code    58  oled.o(.text)
    OLED_ShowCHinese                         0x08000c63   Thumb Code   112  oled.o(.text)
    OLED_ShowEFootCHinese                    0x08000cd3   Thumb Code    98  oled.o(.text)
    OLED_DrawBMP                             0x08000d35   Thumb Code   114  oled.o(.text)
    OLED_Init                                0x08000da7   Thumb Code   294  oled.o(.text)
    TerminalControl::TerminalControl(SerialPort*) 0x08000ee1   Thumb Code   100  terminalcontrol.o(.text)
    TerminalControl::TerminalControl__sub_object(SerialPort*) 0x08000ee1   Thumb Code     0  terminalcontrol.o(.text)
    TerminalControl::~TerminalControl()      0x08000f45   Thumb Code    40  terminalcontrol.o(.text)
    TerminalControl::~TerminalControl__sub_object() 0x08000f45   Thumb Code     0  terminalcontrol.o(.text)
    TerminalControl::~TerminalControl__deallocating() 0x08000f6d   Thumb Code    18  terminalcontrol.o(.text)
    TerminalControl::updateSendBuf(unsigned char*) 0x08000f7f   Thumb Code    48  terminalcontrol.o(.text)
    TerminalControl::sendcommand()           0x08000faf   Thumb Code    32  terminalcontrol.o(.text)
    TerminalControl::reciveData()            0x08000fcf   Thumb Code   164  terminalcontrol.o(.text)
    RingChain::RingChain(int)                0x08001079   Thumb Code   112  datachain.o(.text)
    RingChain::RingChain__sub_object(int)    0x08001079   Thumb Code     0  datachain.o(.text)
    RingChain::~RingChain()                  0x080010e9   Thumb Code    54  datachain.o(.text)
    RingChain::~RingChain__sub_object()      0x080010e9   Thumb Code     0  datachain.o(.text)
    RingChain::getData()                     0x0800111f   Thumb Code     8  datachain.o(.text)
    RingChain::next()                        0x08001127   Thumb Code     8  datachain.o(.text)
    RingChain::previous()                    0x0800112f   Thumb Code     8  datachain.o(.text)
    RingChain::getLen()                      0x08001137   Thumb Code     6  datachain.o(.text)
    RingChain::setData(unsigned char)        0x0800113d   Thumb Code     6  datachain.o(.text)
    IoOut::setOff()                          0x08001145   Thumb Code    28  ioout.o(.text)
    IoOut::initIo()                          0x08001161   Thumb Code    58  ioout.o(.text)
    IoOut::IoOut(GPIO_TypeDef*, unsigned short, bool) 0x0800119b   Thumb Code    30  ioout.o(.text)
    IoOut::IoOut__sub_object(GPIO_TypeDef*, unsigned short, bool) 0x0800119b   Thumb Code     0  ioout.o(.text)
    IoOut::~IoOut()                          0x080011b9   Thumb Code     2  ioout.o(.text)
    IoOut::~IoOut__sub_object()              0x080011b9   Thumb Code     0  ioout.o(.text)
    IoOut::setOn()                           0x080011bb   Thumb Code    28  ioout.o(.text)
    IoOut::reverseState()                    0x080011d7   Thumb Code    30  ioout.o(.text)
    USART_data_t::enableTX()                 0x080011f9   Thumb Code    26  serialport.o(.text)
    USART_data_t::dataRegEmpty()             0x08001213   Thumb Code    72  serialport.o(.text)
    USART_data_t::rxComplete()               0x0800125b   Thumb Code    58  serialport.o(.text)
    USART1_IRQHandler                        0x08001295   Thumb Code    50  serialport.o(.text)
    USART2_IRQHandler                        0x080012c7   Thumb Code    50  serialport.o(.text)
    USART3_IRQHandler                        0x080012f9   Thumb Code    50  serialport.o(.text)
    UART4_IRQHandler                         0x0800132b   Thumb Code    50  serialport.o(.text)
    UART5_IRQHandler                         0x0800135d   Thumb Code    50  serialport.o(.text)
    USART_data_t::USART_data_t()             0x0800138f   Thumb Code    34  serialport.o(.text)
    USART_data_t::USART_data_t__sub_object() 0x0800138f   Thumb Code     0  serialport.o(.text)
    USART_data_t::txBuffer_GetFreeStatus()   0x080013b1   Thumb Code    28  serialport.o(.text)
    USART_data_t::txBuffer_SendAll()         0x080013cd   Thumb Code    22  serialport.o(.text)
    USART_data_t::txBuffer_PutByte(unsigned char) 0x080013e3   Thumb Code    62  serialport.o(.text)
    USART_data_t::rxBuffer_GetAvailableStatus() 0x08001421   Thumb Code    22  serialport.o(.text)
    USART_data_t::rxBuffer_GetByte()         0x08001437   Thumb Code    26  serialport.o(.text)
    USART_data_t::disabledTX()               0x08001451   Thumb Code    26  serialport.o(.text)
    SerialPort::usartConfig(USART_TypeDef*, unsigned, unsigned short) 0x0800146b   Thumb Code    54  serialport.o(.text)
    SerialPort::close()                      0x080014a1   Thumb Code    26  serialport.o(.text)
    SerialPort::usartGpioInit()              0x080014bb   Thumb Code   236  serialport.o(.text)
    SerialPort::initUsart()                  0x080015a7   Thumb Code   150  serialport.o(.text)
    SerialPort::SerialPort(int, int)         0x0800163d   Thumb Code    22  serialport.o(.text)
    SerialPort::SerialPort__sub_object(int, int) 0x0800163d   Thumb Code     0  serialport.o(.text)
    SerialPort::~SerialPort()                0x08001653   Thumb Code    18  serialport.o(.text)
    SerialPort::~SerialPort__sub_object()    0x08001653   Thumb Code     0  serialport.o(.text)
    SerialPort::getPort()                    0x08001665   Thumb Code     6  serialport.o(.text)
    SerialPort::readAllow()                  0x0800166b   Thumb Code    90  serialport.o(.text)
    SerialPort::getChar()                    0x080016c5   Thumb Code    12  serialport.o(.text)
    SerialPort::putChar(unsigned char)       0x080016d1   Thumb Code    24  serialport.o(.text)
    SerialPort::write(unsigned char*, unsigned char) 0x080016e9   Thumb Code    38  serialport.o(.text)
    SerialPort::writeLine(const char*)       0x0800170f   Thumb Code    32  serialport.o(.text)
    SerialPort::open()                       0x0800172f   Thumb Code    26  serialport.o(.text)
    SerialPort::setRS485CtrTx(GPIO_TypeDef*, unsigned short) 0x08001749   Thumb Code    44  serialport.o(.text)
    SerialPort::setPriority(unsigned char, unsigned char) 0x08001775   Thumb Code    28  serialport.o(.text)
    Timer::stop()                            0x080017d1   Thumb Code    14  timer.o(.text)
    Timer::setPriority(unsigned char, unsigned char) 0x080017df   Thumb Code    28  timer.o(.text)
    Timer::setTimeOut(int)                   0x080017fb   Thumb Code   206  timer.o(.text)
    Timer::Timer(TIM_TypeDef*, int)          0x080018c9   Thumb Code   210  timer.o(.text)
    Timer::Timer__sub_object(TIM_TypeDef*, int) 0x080018c9   Thumb Code     0  timer.o(.text)
    Timer::~Timer()                          0x0800199b   Thumb Code    20  timer.o(.text)
    Timer::~Timer__sub_object()              0x0800199b   Thumb Code     0  timer.o(.text)
    Timer::start()                           0x080019af   Thumb Code    14  timer.o(.text)
    Timer::start(TIM_TypeDef*)               0x080019bd   Thumb Code    16  timer.o(.text)
    Timer::stop(TIM_TypeDef*)                0x080019cd   Thumb Code    16  timer.o(.text)
    Timer::getITStatus(TIM_TypeDef*)         0x080019dd   Thumb Code    16  timer.o(.text)
    Timer::clearITPendingBit(TIM_TypeDef*)   0x080019ed   Thumb Code    16  timer.o(.text)
    SysTick_Init                             0x08001a21   Thumb Code    50  stm32_systick.o(.text)
    SysTick_DelayUs                          0x08001a53   Thumb Code    70  stm32_systick.o(.text)
    SysTick_DelayMs                          0x08001adf   Thumb Code    46  stm32_systick.o(.text)
    ADC1_DMA_Init                            0x08001c7b   Thumb Code    32  stm32_adc.o(.text)
    DMA1_Channel1_IRQHandler                 0x08001cd3   Thumb Code    22  stm32_adc.o(.text)
    setSystemPriorityGroup                   0x08001cfd   Thumb Code    12  stm32_priority.o(.text)
    setIRQPriority                           0x08001d09   Thumb Code    34  stm32_priority.o(.text)
    STM32_GpioOneInit                        0x08001d2d   Thumb Code   142  stm32_gpio.o(.text)
    NVIC_PriorityGroupConfig                 0x08001dd9   Thumb Code    10  misc.o(.text)
    NVIC_Init                                0x08001de3   Thumb Code   102  misc.o(.text)
    NVIC_SetVectorTable                      0x08001e49   Thumb Code    14  misc.o(.text)
    NVIC_SystemLPConfig                      0x08001e57   Thumb Code    34  misc.o(.text)
    SysTick_CLKSourceConfig                  0x08001e79   Thumb Code    40  misc.o(.text)
    ADC_DeInit                               0x08001eb5   Thumb Code    78  stm32f10x_adc.o(.text)
    ADC_Init                                 0x08001f03   Thumb Code    70  stm32f10x_adc.o(.text)
    ADC_StructInit                           0x08001f49   Thumb Code    18  stm32f10x_adc.o(.text)
    ADC_Cmd                                  0x08001f5b   Thumb Code    22  stm32f10x_adc.o(.text)
    ADC_DMACmd                               0x08001f71   Thumb Code    22  stm32f10x_adc.o(.text)
    ADC_ITConfig                             0x08001f87   Thumb Code    24  stm32f10x_adc.o(.text)
    ADC_ResetCalibration                     0x08001f9f   Thumb Code    10  stm32f10x_adc.o(.text)
    ADC_GetResetCalibrationStatus            0x08001fa9   Thumb Code    20  stm32f10x_adc.o(.text)
    ADC_StartCalibration                     0x08001fbd   Thumb Code    10  stm32f10x_adc.o(.text)
    ADC_GetCalibrationStatus                 0x08001fc7   Thumb Code    20  stm32f10x_adc.o(.text)
    ADC_SoftwareStartConvCmd                 0x08001fdb   Thumb Code    22  stm32f10x_adc.o(.text)
    ADC_GetSoftwareStartConvStatus           0x08001ff1   Thumb Code    20  stm32f10x_adc.o(.text)
    ADC_DiscModeChannelCountConfig           0x08002005   Thumb Code    24  stm32f10x_adc.o(.text)
    ADC_DiscModeCmd                          0x0800201d   Thumb Code    22  stm32f10x_adc.o(.text)
    ADC_RegularChannelConfig                 0x08002033   Thumb Code   184  stm32f10x_adc.o(.text)
    ADC_ExternalTrigConvCmd                  0x080020eb   Thumb Code    22  stm32f10x_adc.o(.text)
    ADC_GetConversionValue                   0x08002101   Thumb Code     8  stm32f10x_adc.o(.text)
    ADC_GetDualModeConversionValue           0x08002109   Thumb Code     8  stm32f10x_adc.o(.text)
    ADC_AutoInjectedConvCmd                  0x08002111   Thumb Code    22  stm32f10x_adc.o(.text)
    ADC_InjectedDiscModeCmd                  0x08002127   Thumb Code    22  stm32f10x_adc.o(.text)
    ADC_ExternalTrigInjectedConvConfig       0x0800213d   Thumb Code    16  stm32f10x_adc.o(.text)
    ADC_ExternalTrigInjectedConvCmd          0x0800214d   Thumb Code    22  stm32f10x_adc.o(.text)
    ADC_SoftwareStartInjectedConvCmd         0x08002163   Thumb Code    22  stm32f10x_adc.o(.text)
    ADC_GetSoftwareStartInjectedConvCmdStatus 0x08002179   Thumb Code    20  stm32f10x_adc.o(.text)
    ADC_InjectedChannelConfig                0x0800218d   Thumb Code   130  stm32f10x_adc.o(.text)
    ADC_InjectedSequencerLengthConfig        0x0800220f   Thumb Code    24  stm32f10x_adc.o(.text)
    ADC_SetInjectedOffset                    0x08002227   Thumb Code    20  stm32f10x_adc.o(.text)
    ADC_GetInjectedConversionValue           0x0800223b   Thumb Code    28  stm32f10x_adc.o(.text)
    ADC_AnalogWatchdogCmd                    0x08002257   Thumb Code    16  stm32f10x_adc.o(.text)
    ADC_AnalogWatchdogThresholdsConfig       0x08002267   Thumb Code     6  stm32f10x_adc.o(.text)
    ADC_AnalogWatchdogSingleChannelConfig    0x0800226d   Thumb Code    16  stm32f10x_adc.o(.text)
    ADC_TempSensorVrefintCmd                 0x0800227d   Thumb Code    64  stm32f10x_adc.o(.text)
    ADC_GetFlagStatus                        0x080022bd   Thumb Code    18  stm32f10x_adc.o(.text)
    ADC_ClearFlag                            0x080022cf   Thumb Code     6  stm32f10x_adc.o(.text)
    ADC_GetITStatus                          0x080022d5   Thumb Code    36  stm32f10x_adc.o(.text)
    ADC_ClearITPendingBit                    0x080022f9   Thumb Code    10  stm32f10x_adc.o(.text)
    DMA_DeInit                               0x08002305   Thumb Code   324  stm32f10x_dma.o(.text)
    DMA_Init                                 0x08002449   Thumb Code    60  stm32f10x_dma.o(.text)
    DMA_StructInit                           0x08002485   Thumb Code    26  stm32f10x_dma.o(.text)
    DMA_Cmd                                  0x0800249f   Thumb Code    24  stm32f10x_dma.o(.text)
    DMA_ITConfig                             0x080024b7   Thumb Code    18  stm32f10x_dma.o(.text)
    DMA_SetCurrDataCounter                   0x080024c9   Thumb Code     4  stm32f10x_dma.o(.text)
    DMA_GetCurrDataCounter                   0x080024cd   Thumb Code     8  stm32f10x_dma.o(.text)
    DMA_GetFlagStatus                        0x080024d5   Thumb Code    38  stm32f10x_dma.o(.text)
    DMA_ClearFlag                            0x080024fb   Thumb Code    22  stm32f10x_dma.o(.text)
    DMA_GetITStatus                          0x08002511   Thumb Code    38  stm32f10x_dma.o(.text)
    DMA_ClearITPendingBit                    0x08002537   Thumb Code    22  stm32f10x_dma.o(.text)
    GPIO_DeInit                              0x08002555   Thumb Code   172  stm32f10x_gpio.o(.text)
    GPIO_AFIODeInit                          0x08002601   Thumb Code    20  stm32f10x_gpio.o(.text)
    GPIO_Init                                0x08002615   Thumb Code   274  stm32f10x_gpio.o(.text)
    GPIO_StructInit                          0x08002727   Thumb Code    16  stm32f10x_gpio.o(.text)
    GPIO_ReadInputDataBit                    0x08002737   Thumb Code    18  stm32f10x_gpio.o(.text)
    GPIO_ReadInputData                       0x08002749   Thumb Code     8  stm32f10x_gpio.o(.text)
    GPIO_ReadOutputDataBit                   0x08002751   Thumb Code    18  stm32f10x_gpio.o(.text)
    GPIO_ReadOutputData                      0x08002763   Thumb Code     8  stm32f10x_gpio.o(.text)
    GPIO_SetBits                             0x0800276b   Thumb Code     4  stm32f10x_gpio.o(.text)
    GPIO_ResetBits                           0x0800276f   Thumb Code     4  stm32f10x_gpio.o(.text)
    GPIO_WriteBit                            0x08002773   Thumb Code    10  stm32f10x_gpio.o(.text)
    GPIO_Write                               0x0800277d   Thumb Code     4  stm32f10x_gpio.o(.text)
    GPIO_PinLockConfig                       0x08002781   Thumb Code    18  stm32f10x_gpio.o(.text)
    GPIO_EventOutputConfig                   0x08002793   Thumb Code    26  stm32f10x_gpio.o(.text)
    GPIO_EventOutputCmd                      0x080027ad   Thumb Code     6  stm32f10x_gpio.o(.text)
    GPIO_PinRemapConfig                      0x080027b3   Thumb Code   138  stm32f10x_gpio.o(.text)
    GPIO_EXTILineConfig                      0x0800283d   Thumb Code    66  stm32f10x_gpio.o(.text)
    GPIO_ETH_MediaInterfaceConfig            0x0800287f   Thumb Code     6  stm32f10x_gpio.o(.text)
    RCC_DeInit                               0x080028ad   Thumb Code    64  stm32f10x_rcc.o(.text)
    RCC_HSEConfig                            0x080028ed   Thumb Code    70  stm32f10x_rcc.o(.text)
    RCC_GetFlagStatus                        0x08002933   Thumb Code    56  stm32f10x_rcc.o(.text)
    RCC_WaitForHSEStartUp                    0x0800296b   Thumb Code    56  stm32f10x_rcc.o(.text)
    RCC_AdjustHSICalibrationValue            0x080029a3   Thumb Code    20  stm32f10x_rcc.o(.text)
    RCC_HSICmd                               0x080029b7   Thumb Code     6  stm32f10x_rcc.o(.text)
    RCC_PLLConfig                            0x080029bd   Thumb Code    24  stm32f10x_rcc.o(.text)
    RCC_PLLCmd                               0x080029d5   Thumb Code     6  stm32f10x_rcc.o(.text)
    RCC_SYSCLKConfig                         0x080029db   Thumb Code    18  stm32f10x_rcc.o(.text)
    RCC_GetSYSCLKSource                      0x080029ed   Thumb Code    10  stm32f10x_rcc.o(.text)
    RCC_HCLKConfig                           0x080029f7   Thumb Code    18  stm32f10x_rcc.o(.text)
    RCC_PCLK1Config                          0x08002a09   Thumb Code    18  stm32f10x_rcc.o(.text)
    RCC_PCLK2Config                          0x08002a1b   Thumb Code    20  stm32f10x_rcc.o(.text)
    RCC_ITConfig                             0x08002a2f   Thumb Code    26  stm32f10x_rcc.o(.text)
    RCC_USBCLKConfig                         0x08002a49   Thumb Code     6  stm32f10x_rcc.o(.text)
    RCC_ADCCLKConfig                         0x08002a4f   Thumb Code    18  stm32f10x_rcc.o(.text)
    RCC_LSEConfig                            0x08002a61   Thumb Code    44  stm32f10x_rcc.o(.text)
    RCC_LSICmd                               0x08002a8d   Thumb Code     6  stm32f10x_rcc.o(.text)
    RCC_RTCCLKConfig                         0x08002a93   Thumb Code    12  stm32f10x_rcc.o(.text)
    RCC_RTCCLKCmd                            0x08002a9f   Thumb Code     8  stm32f10x_rcc.o(.text)
    RCC_GetClocksFreq                        0x08002aa7   Thumb Code   192  stm32f10x_rcc.o(.text)
    RCC_AHBPeriphClockCmd                    0x08002b67   Thumb Code    26  stm32f10x_rcc.o(.text)
    RCC_APB2PeriphClockCmd                   0x08002b81   Thumb Code    26  stm32f10x_rcc.o(.text)
    RCC_APB1PeriphClockCmd                   0x08002b9b   Thumb Code    26  stm32f10x_rcc.o(.text)
    RCC_APB2PeriphResetCmd                   0x08002bb5   Thumb Code    26  stm32f10x_rcc.o(.text)
    RCC_APB1PeriphResetCmd                   0x08002bcf   Thumb Code    26  stm32f10x_rcc.o(.text)
    RCC_BackupResetCmd                       0x08002be9   Thumb Code     8  stm32f10x_rcc.o(.text)
    RCC_ClockSecuritySystemCmd               0x08002bf1   Thumb Code     6  stm32f10x_rcc.o(.text)
    RCC_MCOConfig                            0x08002bf7   Thumb Code     6  stm32f10x_rcc.o(.text)
    RCC_ClearFlag                            0x08002bfd   Thumb Code    14  stm32f10x_rcc.o(.text)
    RCC_GetITStatus                          0x08002c0b   Thumb Code    20  stm32f10x_rcc.o(.text)
    RCC_ClearITPendingBit                    0x08002c1f   Thumb Code     6  stm32f10x_rcc.o(.text)
    TIM_DeInit                               0x08002c51   Thumb Code   424  stm32f10x_tim.o(.text)
    TIM_TimeBaseInit                         0x08002df9   Thumb Code   122  stm32f10x_tim.o(.text)
    TIM_OC1Init                              0x08002e73   Thumb Code   132  stm32f10x_tim.o(.text)
    TIM_OC2Init                              0x08002ef7   Thumb Code   154  stm32f10x_tim.o(.text)
    TIM_OC3Init                              0x08002f91   Thumb Code   150  stm32f10x_tim.o(.text)
    TIM_OC4Init                              0x08003027   Thumb Code   182  stm32f10x_tim.o(.text)
    TIM_SetIC4Prescaler                      0x080030dd   Thumb Code    26  stm32f10x_tim.o(.text)
    TIM_SetIC3Prescaler                      0x08003179   Thumb Code    18  stm32f10x_tim.o(.text)
    TIM_SetIC2Prescaler                      0x08003205   Thumb Code    26  stm32f10x_tim.o(.text)
    TIM_SetIC1Prescaler                      0x080032a1   Thumb Code    18  stm32f10x_tim.o(.text)
    TIM_ICInit                               0x0800331f   Thumb Code   150  stm32f10x_tim.o(.text)
    TIM_PWMIConfig                           0x080033b5   Thumb Code   124  stm32f10x_tim.o(.text)
    TIM_BDTRConfig                           0x08003431   Thumb Code    32  stm32f10x_tim.o(.text)
    TIM_TimeBaseStructInit                   0x08003451   Thumb Code    18  stm32f10x_tim.o(.text)
    TIM_OCStructInit                         0x08003463   Thumb Code    20  stm32f10x_tim.o(.text)
    TIM_ICStructInit                         0x08003477   Thumb Code    18  stm32f10x_tim.o(.text)
    TIM_BDTRStructInit                       0x08003489   Thumb Code    40  stm32f10x_tim.o(.text)
    TIM_Cmd                                  0x080034b1   Thumb Code    24  stm32f10x_tim.o(.text)
    TIM_CtrlPWMOutputs                       0x080034c9   Thumb Code    30  stm32f10x_tim.o(.text)
    TIM_ITConfig                             0x080034e7   Thumb Code    18  stm32f10x_tim.o(.text)
    TIM_GenerateEvent                        0x080034f9   Thumb Code     4  stm32f10x_tim.o(.text)
    TIM_DMAConfig                            0x080034fd   Thumb Code    10  stm32f10x_tim.o(.text)
    TIM_DMACmd                               0x08003507   Thumb Code    18  stm32f10x_tim.o(.text)
    TIM_InternalClockConfig                  0x08003519   Thumb Code    12  stm32f10x_tim.o(.text)
    TIM_SelectInputTrigger                   0x08003525   Thumb Code    18  stm32f10x_tim.o(.text)
    TIM_ITRxExternalClockConfig              0x08003537   Thumb Code    24  stm32f10x_tim.o(.text)
    TIM_TIxExternalClockConfig               0x0800354f   Thumb Code    62  stm32f10x_tim.o(.text)
    TIM_ETRConfig                            0x0800358d   Thumb Code    28  stm32f10x_tim.o(.text)
    TIM_ETRClockMode1Config                  0x080035a9   Thumb Code    54  stm32f10x_tim.o(.text)
    TIM_ETRClockMode2Config                  0x080035df   Thumb Code    32  stm32f10x_tim.o(.text)
    TIM_PrescalerConfig                      0x080035ff   Thumb Code     6  stm32f10x_tim.o(.text)
    TIM_CounterModeConfig                    0x08003605   Thumb Code    18  stm32f10x_tim.o(.text)
    TIM_EncoderInterfaceConfig               0x08003617   Thumb Code    66  stm32f10x_tim.o(.text)
    TIM_ForcedOC1Config                      0x08003659   Thumb Code    18  stm32f10x_tim.o(.text)
    TIM_ForcedOC2Config                      0x0800366b   Thumb Code    26  stm32f10x_tim.o(.text)
    TIM_ForcedOC3Config                      0x08003685   Thumb Code    18  stm32f10x_tim.o(.text)
    TIM_ForcedOC4Config                      0x08003697   Thumb Code    26  stm32f10x_tim.o(.text)
    TIM_ARRPreloadConfig                     0x080036b1   Thumb Code    24  stm32f10x_tim.o(.text)
    TIM_SelectCOM                            0x080036c9   Thumb Code    24  stm32f10x_tim.o(.text)
    TIM_SelectCCDMA                          0x080036e1   Thumb Code    24  stm32f10x_tim.o(.text)
    TIM_CCPreloadControl                     0x080036f9   Thumb Code    24  stm32f10x_tim.o(.text)
    TIM_OC1PreloadConfig                     0x08003711   Thumb Code    18  stm32f10x_tim.o(.text)
    TIM_OC2PreloadConfig                     0x08003723   Thumb Code    26  stm32f10x_tim.o(.text)
    TIM_OC3PreloadConfig                     0x0800373d   Thumb Code    18  stm32f10x_tim.o(.text)
    TIM_OC4PreloadConfig                     0x0800374f   Thumb Code    26  stm32f10x_tim.o(.text)
    TIM_OC1FastConfig                        0x08003769   Thumb Code    18  stm32f10x_tim.o(.text)
    TIM_OC2FastConfig                        0x0800377b   Thumb Code    26  stm32f10x_tim.o(.text)
    TIM_OC3FastConfig                        0x08003795   Thumb Code    18  stm32f10x_tim.o(.text)
    TIM_OC4FastConfig                        0x080037a7   Thumb Code    26  stm32f10x_tim.o(.text)
    TIM_ClearOC1Ref                          0x080037c1   Thumb Code    18  stm32f10x_tim.o(.text)
    TIM_ClearOC2Ref                          0x080037d3   Thumb Code    24  stm32f10x_tim.o(.text)
    TIM_ClearOC3Ref                          0x080037eb   Thumb Code    18  stm32f10x_tim.o(.text)
    TIM_ClearOC4Ref                          0x080037fd   Thumb Code    24  stm32f10x_tim.o(.text)
    TIM_OC1PolarityConfig                    0x08003815   Thumb Code    18  stm32f10x_tim.o(.text)
    TIM_OC1NPolarityConfig                   0x08003827   Thumb Code    18  stm32f10x_tim.o(.text)
    TIM_OC2PolarityConfig                    0x08003839   Thumb Code    26  stm32f10x_tim.o(.text)
    TIM_OC2NPolarityConfig                   0x08003853   Thumb Code    26  stm32f10x_tim.o(.text)
    TIM_OC3PolarityConfig                    0x0800386d   Thumb Code    26  stm32f10x_tim.o(.text)
    TIM_OC3NPolarityConfig                   0x08003887   Thumb Code    26  stm32f10x_tim.o(.text)
    TIM_OC4PolarityConfig                    0x080038a1   Thumb Code    26  stm32f10x_tim.o(.text)
    TIM_CCxCmd                               0x080038bb   Thumb Code    30  stm32f10x_tim.o(.text)
    TIM_CCxNCmd                              0x080038d9   Thumb Code    30  stm32f10x_tim.o(.text)
    TIM_SelectOCxM                           0x080038f7   Thumb Code    82  stm32f10x_tim.o(.text)
    TIM_UpdateDisableConfig                  0x08003949   Thumb Code    24  stm32f10x_tim.o(.text)
    TIM_UpdateRequestConfig                  0x08003961   Thumb Code    24  stm32f10x_tim.o(.text)
    TIM_SelectHallSensor                     0x08003979   Thumb Code    24  stm32f10x_tim.o(.text)
    TIM_SelectOnePulseMode                   0x08003991   Thumb Code    18  stm32f10x_tim.o(.text)
    TIM_SelectOutputTrigger                  0x080039a3   Thumb Code    18  stm32f10x_tim.o(.text)
    TIM_SelectSlaveMode                      0x080039b5   Thumb Code    18  stm32f10x_tim.o(.text)
    TIM_SelectMasterSlaveMode                0x080039c7   Thumb Code    18  stm32f10x_tim.o(.text)
    TIM_SetCounter                           0x080039d9   Thumb Code     4  stm32f10x_tim.o(.text)
    TIM_SetAutoreload                        0x080039dd   Thumb Code     4  stm32f10x_tim.o(.text)
    TIM_SetCompare1                          0x080039e1   Thumb Code     4  stm32f10x_tim.o(.text)
    TIM_SetCompare2                          0x080039e5   Thumb Code     4  stm32f10x_tim.o(.text)
    TIM_SetCompare3                          0x080039e9   Thumb Code     4  stm32f10x_tim.o(.text)
    TIM_SetCompare4                          0x080039ed   Thumb Code     6  stm32f10x_tim.o(.text)
    TIM_SetClockDivision                     0x080039f3   Thumb Code    18  stm32f10x_tim.o(.text)
    TIM_GetCapture1                          0x08003a05   Thumb Code     6  stm32f10x_tim.o(.text)
    TIM_GetCapture2                          0x08003a0b   Thumb Code     6  stm32f10x_tim.o(.text)
    TIM_GetCapture3                          0x08003a11   Thumb Code     6  stm32f10x_tim.o(.text)
    TIM_GetCapture4                          0x08003a17   Thumb Code     8  stm32f10x_tim.o(.text)
    TIM_GetCounter                           0x08003a1f   Thumb Code     6  stm32f10x_tim.o(.text)
    TIM_GetPrescaler                         0x08003a25   Thumb Code     6  stm32f10x_tim.o(.text)
    TIM_GetFlagStatus                        0x08003a2b   Thumb Code    18  stm32f10x_tim.o(.text)
    TIM_ClearFlag                            0x08003a3d   Thumb Code     6  stm32f10x_tim.o(.text)
    TIM_GetITStatus                          0x08003a43   Thumb Code    34  stm32f10x_tim.o(.text)
    TIM_ClearITPendingBit                    0x08003a65   Thumb Code     6  stm32f10x_tim.o(.text)
    USART_DeInit                             0x08003a6d   Thumb Code   134  stm32f10x_usart.o(.text)
    USART_Init                               0x08003af3   Thumb Code   210  stm32f10x_usart.o(.text)
    USART_StructInit                         0x08003bc5   Thumb Code    24  stm32f10x_usart.o(.text)
    USART_ClockInit                          0x08003bdd   Thumb Code    34  stm32f10x_usart.o(.text)
    USART_ClockStructInit                    0x08003bff   Thumb Code    12  stm32f10x_usart.o(.text)
    USART_Cmd                                0x08003c0b   Thumb Code    24  stm32f10x_usart.o(.text)
    USART_ITConfig                           0x08003c23   Thumb Code    74  stm32f10x_usart.o(.text)
    USART_DMACmd                             0x08003c6d   Thumb Code    18  stm32f10x_usart.o(.text)
    USART_SetAddress                         0x08003c7f   Thumb Code    18  stm32f10x_usart.o(.text)
    USART_WakeUpConfig                       0x08003c91   Thumb Code    18  stm32f10x_usart.o(.text)
    USART_ReceiverWakeUpCmd                  0x08003ca3   Thumb Code    24  stm32f10x_usart.o(.text)
    USART_LINBreakDetectLengthConfig         0x08003cbb   Thumb Code    18  stm32f10x_usart.o(.text)
    USART_LINCmd                             0x08003ccd   Thumb Code    24  stm32f10x_usart.o(.text)
    USART_SendData                           0x08003ce5   Thumb Code     8  stm32f10x_usart.o(.text)
    USART_ReceiveData                        0x08003ced   Thumb Code    10  stm32f10x_usart.o(.text)
    USART_SendBreak                          0x08003cf7   Thumb Code    10  stm32f10x_usart.o(.text)
    USART_SetGuardTime                       0x08003d01   Thumb Code    16  stm32f10x_usart.o(.text)
    USART_SetPrescaler                       0x08003d11   Thumb Code    16  stm32f10x_usart.o(.text)
    USART_SmartCardCmd                       0x08003d21   Thumb Code    24  stm32f10x_usart.o(.text)
    USART_SmartCardNACKCmd                   0x08003d39   Thumb Code    24  stm32f10x_usart.o(.text)
    USART_HalfDuplexCmd                      0x08003d51   Thumb Code    24  stm32f10x_usart.o(.text)
    USART_OverSampling8Cmd                   0x08003d69   Thumb Code    22  stm32f10x_usart.o(.text)
    USART_OneBitMethodCmd                    0x08003d7f   Thumb Code    24  stm32f10x_usart.o(.text)
    USART_IrDAConfig                         0x08003d97   Thumb Code    18  stm32f10x_usart.o(.text)
    USART_IrDACmd                            0x08003da9   Thumb Code    24  stm32f10x_usart.o(.text)
    USART_GetFlagStatus                      0x08003dc1   Thumb Code    26  stm32f10x_usart.o(.text)
    USART_ClearFlag                          0x08003ddb   Thumb Code    18  stm32f10x_usart.o(.text)
    USART_GetITStatus                        0x08003ded   Thumb Code    84  stm32f10x_usart.o(.text)
    USART_ClearITPendingBit                  0x08003e41   Thumb Code    52  stm32f10x_usart.o(.text)
    PWR_DeInit                               0x08003e75   Thumb Code    22  stm32f10x_pwr.o(.text)
    PWR_BackupAccessCmd                      0x08003e8b   Thumb Code     6  stm32f10x_pwr.o(.text)
    PWR_PVDCmd                               0x08003e91   Thumb Code     6  stm32f10x_pwr.o(.text)
    PWR_PVDLevelConfig                       0x08003e97   Thumb Code    18  stm32f10x_pwr.o(.text)
    PWR_WakeUpPinCmd                         0x08003ea9   Thumb Code     6  stm32f10x_pwr.o(.text)
    PWR_EnterSTOPMode                        0x08003eaf   Thumb Code    54  stm32f10x_pwr.o(.text)
    PWR_EnterSTANDBYMode                     0x08003ee5   Thumb Code    42  stm32f10x_pwr.o(.text)
    PWR_GetFlagStatus                        0x08003f0f   Thumb Code    20  stm32f10x_pwr.o(.text)
    PWR_ClearFlag                            0x08003f23   Thumb Code    14  stm32f10x_pwr.o(.text)
    EXTI_DeInit                              0x08003f41   Thumb Code    28  stm32f10x_exti.o(.text)
    EXTI_Init                                0x08003f5d   Thumb Code   142  stm32f10x_exti.o(.text)
    EXTI_StructInit                          0x08003feb   Thumb Code    16  stm32f10x_exti.o(.text)
    EXTI_GenerateSWInterrupt                 0x08003ffb   Thumb Code    16  stm32f10x_exti.o(.text)
    EXTI_GetFlagStatus                       0x0800400b   Thumb Code    22  stm32f10x_exti.o(.text)
    EXTI_ClearFlag                           0x08004021   Thumb Code     8  stm32f10x_exti.o(.text)
    EXTI_GetITStatus                         0x08004029   Thumb Code    34  stm32f10x_exti.o(.text)
    EXTI_ClearITPendingBit                   0x0800404b   Thumb Code     8  stm32f10x_exti.o(.text)
    RTC_ITConfig                             0x0800405d   Thumb Code    26  stm32f10x_rtc.o(.text)
    RTC_EnterConfigMode                      0x08004077   Thumb Code    18  stm32f10x_rtc.o(.text)
    RTC_ExitConfigMode                       0x08004089   Thumb Code    20  stm32f10x_rtc.o(.text)
    RTC_GetCounter                           0x0800409d   Thumb Code    18  stm32f10x_rtc.o(.text)
    RTC_SetCounter                           0x080040af   Thumb Code    26  stm32f10x_rtc.o(.text)
    RTC_SetPrescaler                         0x080040c9   Thumb Code    28  stm32f10x_rtc.o(.text)
    RTC_SetAlarm                             0x080040e5   Thumb Code    26  stm32f10x_rtc.o(.text)
    RTC_GetDivider                           0x080040ff   Thumb Code    22  stm32f10x_rtc.o(.text)
    RTC_WaitForLastTask                      0x08004115   Thumb Code    16  stm32f10x_rtc.o(.text)
    RTC_WaitForSynchro                       0x08004125   Thumb Code    34  stm32f10x_rtc.o(.text)
    RTC_GetFlagStatus                        0x08004147   Thumb Code    22  stm32f10x_rtc.o(.text)
    RTC_ClearFlag                            0x0800415d   Thumb Code    16  stm32f10x_rtc.o(.text)
    RTC_GetITStatus                          0x0800416d   Thumb Code    32  stm32f10x_rtc.o(.text)
    RTC_ClearITPendingBit                    0x0800418d   Thumb Code    16  stm32f10x_rtc.o(.text)
    SystemInit                               0x0800427d   Thumb Code    78  system_stm32f10x.o(.text)
    SystemCoreClockUpdate                    0x080042cb   Thumb Code   142  system_stm32f10x.o(.text)
    Reset_Handler                            0x0800437d   Thumb Code     8  startup_stm32f10x_md.o(.text)
    ADC1_2_IRQHandler                        0x08004397   Thumb Code     0  startup_stm32f10x_md.o(.text)
    CAN1_RX1_IRQHandler                      0x08004397   Thumb Code     0  startup_stm32f10x_md.o(.text)
    CAN1_SCE_IRQHandler                      0x08004397   Thumb Code     0  startup_stm32f10x_md.o(.text)
    DMA1_Channel2_IRQHandler                 0x08004397   Thumb Code     0  startup_stm32f10x_md.o(.text)
    DMA1_Channel3_IRQHandler                 0x08004397   Thumb Code     0  startup_stm32f10x_md.o(.text)
    DMA1_Channel4_IRQHandler                 0x08004397   Thumb Code     0  startup_stm32f10x_md.o(.text)
    DMA1_Channel5_IRQHandler                 0x08004397   Thumb Code     0  startup_stm32f10x_md.o(.text)
    DMA1_Channel6_IRQHandler                 0x08004397   Thumb Code     0  startup_stm32f10x_md.o(.text)
    DMA1_Channel7_IRQHandler                 0x08004397   Thumb Code     0  startup_stm32f10x_md.o(.text)
    EXTI15_10_IRQHandler                     0x08004397   Thumb Code     0  startup_stm32f10x_md.o(.text)
    EXTI1_IRQHandler                         0x08004397   Thumb Code     0  startup_stm32f10x_md.o(.text)
    EXTI2_IRQHandler                         0x08004397   Thumb Code     0  startup_stm32f10x_md.o(.text)
    EXTI3_IRQHandler                         0x08004397   Thumb Code     0  startup_stm32f10x_md.o(.text)
    EXTI4_IRQHandler                         0x08004397   Thumb Code     0  startup_stm32f10x_md.o(.text)
    EXTI9_5_IRQHandler                       0x08004397   Thumb Code     0  startup_stm32f10x_md.o(.text)
    FLASH_IRQHandler                         0x08004397   Thumb Code     0  startup_stm32f10x_md.o(.text)
    I2C1_ER_IRQHandler                       0x08004397   Thumb Code     0  startup_stm32f10x_md.o(.text)
    I2C1_EV_IRQHandler                       0x08004397   Thumb Code     0  startup_stm32f10x_md.o(.text)
    I2C2_ER_IRQHandler                       0x08004397   Thumb Code     0  startup_stm32f10x_md.o(.text)
    I2C2_EV_IRQHandler                       0x08004397   Thumb Code     0  startup_stm32f10x_md.o(.text)
    PVD_IRQHandler                           0x08004397   Thumb Code     0  startup_stm32f10x_md.o(.text)
    RCC_IRQHandler                           0x08004397   Thumb Code     0  startup_stm32f10x_md.o(.text)
    RTC_IRQHandler                           0x08004397   Thumb Code     0  startup_stm32f10x_md.o(.text)
    SPI1_IRQHandler                          0x08004397   Thumb Code     0  startup_stm32f10x_md.o(.text)
    SPI2_IRQHandler                          0x08004397   Thumb Code     0  startup_stm32f10x_md.o(.text)
    TAMPER_IRQHandler                        0x08004397   Thumb Code     0  startup_stm32f10x_md.o(.text)
    TIM1_BRK_IRQHandler                      0x08004397   Thumb Code     0  startup_stm32f10x_md.o(.text)
    TIM1_CC_IRQHandler                       0x08004397   Thumb Code     0  startup_stm32f10x_md.o(.text)
    TIM1_TRG_COM_IRQHandler                  0x08004397   Thumb Code     0  startup_stm32f10x_md.o(.text)
    TIM1_UP_IRQHandler                       0x08004397   Thumb Code     0  startup_stm32f10x_md.o(.text)
    USBWakeUp_IRQHandler                     0x08004397   Thumb Code     0  startup_stm32f10x_md.o(.text)
    USB_HP_CAN1_TX_IRQHandler                0x08004397   Thumb Code     0  startup_stm32f10x_md.o(.text)
    USB_LP_CAN1_RX0_IRQHandler               0x08004397   Thumb Code     0  startup_stm32f10x_md.o(.text)
    WWDG_IRQHandler                          0x08004397   Thumb Code     0  startup_stm32f10x_md.o(.text)
    __cpp_initialize__aeabi_                 0x080043a1   Thumb Code    22  cpp_init.o(.text)
    __default_new_handler()                  0x080043c1   Thumb Code     4  arm_newhandler_noexceptions.o(.text)
    __rt_new_handler_addr                    0x080043c5   Thumb Code     4  cpp_memory.o(.text)
    __aeabi_unwind_cpp_pr0                   0x080043cd   Thumb Code     4  cpp_unwinder.o(.text)
    __aeabi_unwind_cpp_pr1                   0x080043d1   Thumb Code     4  cpp_unwinder.o(.text)
    _Unwind_DeleteException                  0x080043d5   Thumb Code     2  cpp_unwinder.o(.text)
    _Unwind_Activity                         0x080043d7   Thumb Code     2  cpp_unwinder.o(.text)
    _Unwind_RaiseException                   0x080043d9   Thumb Code     4  cpp_unwinder.o(.text)
    __rt_eh_globals_addr                     0x080043dd   Thumb Code    10  cpp_unwinder.o(.text)
    std::terminate()                         0x080043ed   Thumb Code    26  arm_exceptions_terminate.o(.text)
    __scatterload                            0x08004409   Thumb Code    28  init.o(.text)
    __scatterload_rt2                        0x08004409   Thumb Code     0  init.o(.text)
    __cxa_get_globals                        0x08004433   Thumb Code    62  arm_exceptions_globs.o(.text)
    __ARM_exceptions_buffer_init             0x0800447d   Thumb Code    18  arm_exceptions_mem.o(.text)
    __ARM_exceptions_buffer_allocate         0x0800448f   Thumb Code    22  arm_exceptions_mem.o(.text)
    __ARM_exceptions_buffer_free             0x080044a5   Thumb Code    20  arm_exceptions_mem.o(.text)
    __decompress                             0x080044b9   Thumb Code     0  __dclz77c.o(.text)
    __decompress2                            0x080044b9   Thumb Code    96  __dclz77c.o(.text)
    ChainNode::ChainNode(unsigned char, ChainNode*, ChainNode*) 0x08004519   Thumb Code     8  datachain.o(i._ZN9ChainNodeC1EhPS_S0_)
    ChainNode::ChainNode__sub_object(unsigned char, ChainNode*, ChainNode*) 0x08004519   Thumb Code     0  datachain.o(i._ZN9ChainNodeC1EhPS_S0_)
    operator delete[] (void*)                0x08004521   Thumb Code     8  array_del.o(i._ZdaPv)
    operator delete (void*)                  0x08004529   Thumb Code     8  delete.o(i._ZdlPv)
    operator new[] (unsigned)                0x08004531   Thumb Code     8  array_new.o(i._Znaj)
    operator new(unsigned)                   0x08004539   Thumb Code    34  new.o(i._Znwj)
    __scatterload_copy                       0x08004561   Thumb Code    14  handlers.o(i.__scatterload_copy)
    __scatterload_null                       0x0800456f   Thumb Code     2  handlers.o(i.__scatterload_null)
    __scatterload_zeroinit                   0x08004571   Thumb Code    14  handlers.o(i.__scatterload_zeroinit)
    free                                     0x08004581   Thumb Code    76  malloc.o(i.free)
    malloc                                   0x080045d1   Thumb Code    92  malloc.o(i.malloc)
    F6x8                                     0x0800463c   Data         552  oled.o(.constdata)
    F8X16                                    0x08004864   Data        1520  oled.o(.constdata)
    vtable for TerminalControl               0x08004e54   Data          16  terminalcontrol.o(.constdata__ZTV15TerminalControl)
    Region$$Table$$Base                      0x08004e64   Number         0  anon$$obj.o(Region$$Table)
    Region$$Table$$Limit                     0x08004e84   Number         0  anon$$obj.o(Region$$Table)
    SHT$$INIT_ARRAY$$Base                    0x08004e84   Number         0  serialport.o(.init_array)
    SHT$$INIT_ARRAY$$Limit                   0x08004e88   Number         0  serialport.o(.init_array)
    process                                  0x20000000   Data           4  main.o(.data)
    ledSys                                   0x20000004   Data           4  main.o(.data)
    HSEStartUpStatus                         0x20000008   Data           1  main.o(.data)
    BMP1                                     0x20000009   Data        1024  process.o(.data)
    POWER_100                                0x20000409   Data          17  process.o(.data)
    POWER_80                                 0x2000041a   Data          17  process.o(.data)
    POWER_60                                 0x2000042b   Data          17  process.o(.data)
    POWER_40                                 0x2000043c   Data          17  process.o(.data)
    POWER_20                                 0x2000044d   Data          17  process.o(.data)
    Hzk                                      0x2000045f   Data         896  oled.o(.data)
    eFoot                                    0x200007df   Data         640  oled.o(.data)
    AD_Filter                                0x20000a64   Data           8  stm32_adc.o(.data)
    SystemCoreClock                          0x20000a80   Data           4  system_stm32f10x.o(.data)
    AHBPrescTable                            0x20000a84   Data          16  system_stm32f10x.o(.data)
    __microlib_freelist                      0x20000aa0   Data           4  mvars.o(.data)
    __microlib_freelist_initialised          0x20000aa4   Data           4  mvars.o(.data)
    USART_data_1                             0x20000aa8   Data          84  serialport.o(.bss)
    USART_data_2                             0x20000afc   Data          84  serialport.o(.bss)
    USART_data_3                             0x20000b50   Data          84  serialport.o(.bss)
    USART_data_4                             0x20000ba4   Data          84  serialport.o(.bss)
    USART_data_5                             0x20000bf8   Data          84  serialport.o(.bss)
    USART_data_6                             0x20000c4c   Data          84  serialport.o(.bss)
    AD_Cache                                 0x20000ca0   Data          80  stm32_adc.o(.bss)
    __heap_base                              0x20000cf0   Data           0  startup_stm32f10x_md.o(HEAP)
    __heap_limit                             0x20001cf0   Data           0  startup_stm32f10x_md.o(HEAP)
    __initial_sp                             0x200022f0   Data           0  startup_stm32f10x_md.o(STACK)



==============================================================================

Memory Map of the image

  Image Entry point : 0x080000ed

  Load Region LR_IROM1 (Base: 0x08000000, Size: 0x00005930, Max: 0x00020000, ABSOLUTE, COMPRESSED[0x00005228])

    Execution Region ER_IROM1 (Base: 0x08000000, Size: 0x00004e88, Max: 0x00020000, ABSOLUTE)

    Base Addr    Size         Type   Attr      Idx    E Section Name        Object

    0x08000000   0x000000ec   Data   RO          845    RESET               startup_stm32f10x_md.o
    0x080000ec   0x00000000   Code   RO          964  * .ARM.Collect$$$$00000000  mc_w.l(entry.o)
    0x080000ec   0x00000004   Code   RO          998    .ARM.Collect$$$$00000001  mc_w.l(entry2.o)
    0x080000f0   0x00000004   Code   RO         1001    .ARM.Collect$$$$00000004  mc_w.l(entry5.o)
    0x080000f4   0x00000000   Code   RO         1003    .ARM.Collect$$$$00000008  mc_w.l(entry7b.o)
    0x080000f4   0x00000004   Code   RO         1004    .ARM.Collect$$$$00000009  mc_w.l(entry8a.o)
    0x080000f8   0x00000000   Code   RO         1005    .ARM.Collect$$$$0000000A  mc_w.l(entry8b.o)
    0x080000f8   0x00000008   Code   RO         1006    .ARM.Collect$$$$0000000B  mc_w.l(entry9a.o)
    0x08000100   0x00000000   Code   RO         1008    .ARM.Collect$$$$0000000D  mc_w.l(entry10a.o)
    0x08000100   0x00000000   Code   RO         1010    .ARM.Collect$$$$0000000F  mc_w.l(entry11a.o)
    0x08000100   0x00000004   Code   RO          999    .ARM.Collect$$$$00002712  mc_w.l(entry2.o)
    0x08000104   0x0000043c   Code   RO            3    .text               main.o
    0x08000540   0x00000350   Code   RO          170    .text               process.o
    0x08000890   0x00000650   Code   RO          199    .text               oled.o
    0x08000ee0   0x00000198   Code   RO          351    .text               terminalcontrol.o
    0x08001078   0x000000ca   Code   RO          375    .text               datachain.o
    0x08001142   0x00000002   PAD
    0x08001144   0x000000b4   Code   RO          408    .text               ioout.o
    0x080011f8   0x000005d8   Code   RO          448    .text               serialport.o
    0x080017d0   0x00000250   Code   RO          473    .text               timer.o
    0x08001a20   0x000000fc   Code   RO          505    .text               stm32_systick.o
    0x08001b1c   0x000001e0   Code   RO          530    .text               stm32_adc.o
    0x08001cfc   0x0000002e   Code   RO          560    .text               stm32_priority.o
    0x08001d2a   0x00000002   PAD
    0x08001d2c   0x000000ac   Code   RO          583    .text               stm32_gpio.o
    0x08001dd8   0x000000dc   Code   RO          603    .text               misc.o
    0x08001eb4   0x0000044e   Code   RO          623    .text               stm32f10x_adc.o
    0x08002302   0x00000002   PAD
    0x08002304   0x00000250   Code   RO          657    .text               stm32f10x_dma.o
    0x08002554   0x00000358   Code   RO          677    .text               stm32f10x_gpio.o
    0x080028ac   0x000003a4   Code   RO          697    .text               stm32f10x_rcc.o
    0x08002c50   0x00000e1a   Code   RO          719    .text               stm32f10x_tim.o
    0x08003a6a   0x00000002   PAD
    0x08003a6c   0x00000408   Code   RO          739    .text               stm32f10x_usart.o
    0x08003e74   0x000000cc   Code   RO          759    .text               stm32f10x_pwr.o
    0x08003f40   0x0000011c   Code   RO          779    .text               stm32f10x_exti.o
    0x0800405c   0x00000144   Code   RO          799    .text               stm32f10x_rtc.o
    0x080041a0   0x000001dc   Code   RO          819    .text               system_stm32f10x.o
    0x0800437c   0x00000024   Code   RO          846    .text               startup_stm32f10x_md.o
    0x080043a0   0x00000020   Code   RO          970    .text               mc_w.l(cpp_init.o)
    0x080043c0   0x00000004   Code   RO          975    .text               cpprt_w.l(arm_newhandler_noexceptions.o)
    0x080043c4   0x00000008   Code   RO         1040    .text               mc_w.l(cpp_memory.o)
    0x080043cc   0x00000020   Code   RO         1043    .text               mc_w.l(cpp_unwinder.o)
    0x080043ec   0x0000001a   Code   RO         1046    .text               cpprt_w.l(arm_exceptions_terminate.o)
    0x08004406   0x00000002   PAD
    0x08004408   0x00000024   Code   RO         1062    .text               mc_w.l(init.o)
    0x0800442c   0x00000050   Code   RO         1070    .text               cpprt_w.l(arm_exceptions_globs.o)
    0x0800447c   0x0000003c   Code   RO         1078    .text               cpprt_w.l(arm_exceptions_mem.o)
    0x080044b8   0x00000060   Code   RO         1089    .text               mc_w.l(__dclz77c.o)
    0x08004518   0x00000008   Code   RO          390    i._ZN9ChainNodeC1EhPS_S0_  datachain.o
    0x08004520   0x00000008   Code   RO          850    i._ZdaPv            cpprt_w.l(array_del.o)
    0x08004528   0x00000008   Code   RO          857    i._ZdlPv            cpprt_w.l(delete.o)
    0x08004530   0x00000008   Code   RO          853    i._Znaj             cpprt_w.l(array_new.o)
    0x08004538   0x00000028   Code   RO          860    i._Znwj             cpprt_w.l(new.o)
    0x08004560   0x0000000e   Code   RO         1083    i.__scatterload_copy  mc_w.l(handlers.o)
    0x0800456e   0x00000002   Code   RO         1084    i.__scatterload_null  mc_w.l(handlers.o)
    0x08004570   0x0000000e   Code   RO         1085    i.__scatterload_zeroinit  mc_w.l(handlers.o)
    0x0800457e   0x00000002   PAD
    0x08004580   0x00000050   Code   RO         1012    i.free              mc_w.l(malloc.o)
    0x080045d0   0x0000006c   Code   RO         1013    i.malloc            mc_w.l(malloc.o)
    0x0800463c   0x00000818   Data   RO          200    .constdata          oled.o
    0x08004e54   0x00000010   Data   RO          367    .constdata__ZTV15TerminalControl  terminalcontrol.o
    0x08004e64   0x00000020   Data   RO         1081    Region$$Table       anon$$obj.o
    0x08004e84   0x00000004   Data   RO          451    .init_array         serialport.o


    Execution Region RW_IRAM1 (Base: 0x20000000, Size: 0x000022f0, Max: 0x00005000, ABSOLUTE, COMPRESSED[0x000003a0])

    Base Addr    Size         Type   Attr      Idx    E Section Name        Object

    0x20000000   0x00000009   Data   RW            5    .data               main.o
    0x20000009   0x00000456   Data   RW          172    .data               process.o
    0x2000045f   0x00000600   Data   RW          201    .data               oled.o
    0x20000a5f   0x00000001   PAD
    0x20000a60   0x00000004   Data   RW          506    .data               stm32_systick.o
    0x20000a64   0x00000008   Data   RW          532    .data               stm32_adc.o
    0x20000a6c   0x00000014   Data   RW          698    .data               stm32f10x_rcc.o
    0x20000a80   0x00000014   Data   RW          820    .data               system_stm32f10x.o
    0x20000a94   0x00000004   Data   RW         1041    .data               mc_w.l(cpp_memory.o)
    0x20000a98   0x00000008   Data   RW         1044    .data               mc_w.l(cpp_unwinder.o)
    0x20000aa0   0x00000004   Data   RW         1068    .data               mc_w.l(mvars.o)
    0x20000aa4   0x00000004   Data   RW         1069    .data               mc_w.l(mvars.o)
    0x20000aa8   0x000001f8   Zero   RW          450    .bss                serialport.o
    0x20000ca0   0x00000050   Zero   RW          531    .bss                stm32_adc.o
    0x20000cf0   0x00001000   Zero   RW          844    HEAP                startup_stm32f10x_md.o
    0x20001cf0   0x00000600   Zero   RW          843    STACK               startup_stm32f10x_md.o


==============================================================================

Image component sizes


      Code (inc. data)   RO Data    RW Data    ZI Data      Debug   Object Name

       210          0          0          0          0       3288   datachain.o
       180          4          0          0          0       1684   ioout.o
      1084         28          0          9          0     259799   main.o
       220         20          0          0          0       1789   misc.o
      1616         34       2072       1536          0     280515   oled.o
       848         26          0       1110          0       4013   process.o
      1496        114          4          0        504       8434   serialport.o
        36          8        236          0       5632        776   startup_stm32f10x_md.o
       480         20          0          8         80       2134   stm32_adc.o
       172         30          0          0          0       1076   stm32_gpio.o
        46          0          0          0          0        828   stm32_priority.o
       252         16          0          4          0       1315   stm32_systick.o
      1102         26          0          0          0      10821   stm32f10x_adc.o
       592          8          0          0          0       4318   stm32f10x_dma.o
       284         10          0          0          0       2219   stm32f10x_exti.o
       856         40          0          0          0       5633   stm32f10x_gpio.o
       204         16          0          0          0       1911   stm32f10x_pwr.o
       932         44          0         20          0       8796   stm32f10x_rcc.o
       324          4          0          0          0       2662   stm32f10x_rtc.o
      3610         88          0          0          0      22116   stm32f10x_tim.o
      1032         22          0          0          0       8360   stm32f10x_usart.o
       476         36          0         20          0       1835   system_stm32f10x.o
       408          6         16          0          0       2920   terminalcontrol.o
       592         36          0          0          0       3016   timer.o

    ----------------------------------------------------------------------
     17060        636       2360       2708       6216     640258   Object Totals
         0          0         32          0          0          0   (incl. Generated)
         8          0          0          1          0          0   (incl. Padding)

    ----------------------------------------------------------------------

      Code (inc. data)   RO Data    RW Data    ZI Data      Debug   Library Member Name

        80         12          0          0          0        104   arm_exceptions_globs.o
        60          0          0          0          0        108   arm_exceptions_mem.o
        26          0          0          0          0         76   arm_exceptions_terminate.o
         4          0          0          0          0         68   arm_newhandler_noexceptions.o
         8          0          0          0          0         76   array_del.o
         8          0          0          0          0         76   array_new.o
         8          0          0          0          0         76   delete.o
        40          6          0          0          0         76   new.o
        96          0          0          0          0          0   __dclz77c.o
        32         10          0          0          0         80   cpp_init.o
         8          4          0          4          0         68   cpp_memory.o
        32          6          0          8          0        252   cpp_unwinder.o
         0          0          0          0          0          0   entry.o
         0          0          0          0          0          0   entry10a.o
         0          0          0          0          0          0   entry11a.o
         8          4          0          0          0          0   entry2.o
         4          0          0          0          0          0   entry5.o
         0          0          0          0          0          0   entry7b.o
         4          0          0          0          0          0   entry8a.o
         0          0          0          0          0          0   entry8b.o
         8          4          0          0          0          0   entry9a.o
        30          0          0          0          0          0   handlers.o
        36          8          0          0          0         68   init.o
       188         20          0          0          0        160   malloc.o
         0          0          0          8          0          0   mvars.o

    ----------------------------------------------------------------------
       684         74          0         20          0       1288   Library Totals
         4          0          0          0          0          0   (incl. Padding)

    ----------------------------------------------------------------------

      Code (inc. data)   RO Data    RW Data    ZI Data      Debug   Library Name

       234         18          0          0          0        660   cpprt_w.l
       446         56          0         20          0        628   mc_w.l

    ----------------------------------------------------------------------
       684         74          0         20          0       1288   Library Totals

    ----------------------------------------------------------------------

==============================================================================


      Code (inc. data)   RO Data    RW Data    ZI Data      Debug   

     17744        710       2360       2728       6216     638270   Grand Totals
     17744        710       2360        928       6216     638270   ELF Image Totals (compressed)
     17744        710       2360        928          0          0   ROM Totals

==============================================================================

    Total RO  Size (Code + RO Data)                20104 (  19.63kB)
    Total RW  Size (RW Data + ZI Data)              8944 (   8.73kB)
    Total ROM Size (Code + RO Data + RW Data)      21032 (  20.54kB)

==============================================================================

