<html>
<body>
<pre>
<h1>礦ision Build Log</h1>
<h2>Project:</h2>
D:\工作文件\13.电子脚扣\第1版\4-程序设计\终端主控程序\Project.uvproj
Project File Date:  11/22/2015

<h2>Output:</h2>
Build target 'Peoject'
linking...
Program Size: Code=15412 RO-data=272 RW-data=92 ZI-data=5644  
FromELF: creating hex file...
".\OBJ\Project.hex" - 0 Error(s), 0 Warning(s).
</pre>
</body>
</html>
咏趴踈\第1版\\4-程序设计\\终端主控程序\\OBJ\\Project.hex" 
Set JLink Project File to "D:\工作文件\13.电子脚扣\第1版\4-程序设计\终端主控程序\JLinkSettings.ini"
* JLink Info: Device "STM32F103CB" selected (128 KB flash, 20 KB RAM).
 
JLink info:
------------
DLL: V4.80g, compiled Feb 13 2014 20:50:02
Firmware: J-Link ARM-OB STM32 compiled Aug 22 2012 19:52:04
Hardware: V7.00
S/N : 20090928 
Feature(s) : RDI,FlashDL,FlashBP,JFlash,GDBFull 
 
* JLink Info: Found SWD-DP with ID 0x1BA01477
* JLink Info: Found SWD-DP with ID 0x1BA01477
* JLink Info: Found Cortex-M3 r1p1, Little endian.
* JLink Info: FPUnit: 6 code (BP) slots and 2 literal slots
* JLink Info: TPIU fitted.
ROMTableAddr = 0xE00FF003
 
Target info:
------------
Device: STM32F103CB
VTarget = 3.300V
State of Pins: 
TCK: 0, TDI: 0, TDO: 1, TMS: 0, TRES: 1, TRST: 1
Hardware-Breakpoints: 6
Software-Breakpoints: 8192
Watchpoints:          4
JTAG speed: 4000 kHz
 
Full Chip Erase Done.
Programming Done.
Verify OK.
Application running ...
